<html>
<body>
<pre>
<h1>µVision Build Log</h1>
<h2>Tool Versions:</h2>
IDE-Version: µVision V5.32.0.0
Copyright (C) 2020 ARM Ltd and ARM Germany GmbH. All rights reserved.
License Information: Uladzislau Dubatouka, BNTU, LIC=----
 
Tool Versions:
Toolchain:       MDK-Lite  Version: 5.32.0.0
Toolchain Path:  C:\Program Files\Keil\ARM\ARMCC\Bin
C Compiler:      Armcc.exe V5.06 update 7 (build 960)
Assembler:       Armasm.exe V5.06 update 7 (build 960)
Linker/Locator:  ArmLink.exe V5.06 update 7 (build 960)
Library Manager: ArmAr.exe V5.06 update 7 (build 960)
Hex Converter:   FromElf.exe V5.06 update 7 (build 960)
CPU DLL:         SARMCM3.DLL V5.32.0.0
Dialog DLL:      DCM.DLL V1.17.3.0
Target DLL:      STLink\ST-LINKIII-KEIL_SWO.dll V3.0.8.0
Dialog DLL:      TCM.DLL V1.46.0.0
 
<h2>Project:</h2>
D:\Workspace\Microcontrollers\STM32_Lib\STM32F4\Projects\STM32F4_PRJ_LCD1602\STM32F4_PRJ_LCD1602.uvprojx
Project File Date:  09/24/2021

<h2>Output:</h2>
*** Using Compiler 'V5.06 update 7 (build 960)', folder: 'C:\Program Files\Keil\ARM\ARMCC\Bin'
Rebuild target 'STM32F4_PRJ_LCD1602'
assembling startup_stm32f411xe.s...
compiling InitSWD.c...
compiling InitRCC.c...
compiling system_stm32f4xx.c...
compiling InitGPIO.c...
compiling InitADC.c...
compiling main.c...
Code\src\main.c(45): warning:  #1035-D: single-precision operand implicitly converted to double-precision
  		MCU_temp_real = ((MCU_temp_voltage - 0.76) / 0.0025) + 25;	// Temperature.
Code\src\main.c: 1 warning, 0 errors
linking...
Program Size: Code=8196 RO-data=616 RW-data=4 ZI-data=1636  
FromELF: creating hex file...
".\Objects\STM32F4_PRJ_LCD1602.axf" - 0 Error(s), 1 Warning(s).

<h2>Software Packages used:</h2>

Package Vendor: Keil
                http://www.keil.com/pack/Keil.STM32F4xx_DFP.2.15.0.pack
                Keil.STM32F4xx_DFP.2.15.0
                STMicroelectronics STM32F4 Series Device Support, Drivers and Examples

<h2>Collection of Component include folders:</h2>
  C:\Users\vladu\AppData\Local\Arm\Packs\Keil\STM32F4xx_DFP\2.15.0\Drivers\CMSIS\Device\ST\STM32F4xx\Include

<h2>Collection of Component Files used:</h2>
Build Time Elapsed:  00:00:01
</pre>
</body>
</html>
