Component: ARM Compiler 5.06 update 7 (build 960) Tool: armlink [4d3601]

==============================================================================

Section Cross References

    startup_stm32f10x_md.o(STACK) refers (Special) to heapauxi.o(.text) for __use_two_region_memory
    startup_stm32f10x_md.o(HEAP) refers (Special) to heapauxi.o(.text) for __use_two_region_memory
    startup_stm32f10x_md.o(RESET) refers (Special) to heapauxi.o(.text) for __use_two_region_memory
    startup_stm32f10x_md.o(RESET) refers to startup_stm32f10x_md.o(STACK) for __initial_sp
    startup_stm32f10x_md.o(RESET) refers to startup_stm32f10x_md.o(.text) for Reset_Handler
    startup_stm32f10x_md.o(RESET) refers to port.o(.emb_text) for PendSV_Handler
    startup_stm32f10x_md.o(RESET) refers to port.o(i.SysTick_Handler) for SysTick_Handler
    startup_stm32f10x_md.o(.text) refers (Special) to heapauxi.o(.text) for __use_two_region_memory
    startup_stm32f10x_md.o(.text) refers to system_stm32f10x.o(i.SystemInit) for SystemInit
    startup_stm32f10x_md.o(.text) refers to __main.o(!!!main) for __main
    startup_stm32f10x_md.o(.text) refers to startup_stm32f10x_md.o(HEAP) for Heap_Mem
    startup_stm32f10x_md.o(.text) refers to startup_stm32f10x_md.o(STACK) for Stack_Mem
    system_stm32f10x.o(i.SetSysClock) refers to system_stm32f10x.o(i.SetSysClockTo72) for SetSysClockTo72
    system_stm32f10x.o(i.SystemCoreClockUpdate) refers to system_stm32f10x.o(.data) for SystemCoreClock
    system_stm32f10x.o(i.SystemInit) refers to system_stm32f10x.o(i.SetSysClock) for SetSysClock
    main.o(i.main) refers to initrcc.o(i.InitRCC) for InitRCC
    main.o(i.main) refers to initswd.o(i.InitSWD) for InitSWD
    main.o(i.main) refers to initgpio.o(i.InitGPIO) for InitGPIO
    main.o(i.main) refers to inittim.o(i.InitTIM) for InitTIM
    main.o(i.main) refers to tasks.o(i.xTaskCreate) for xTaskCreate
    main.o(i.main) refers to tasks.o(i.vTaskStartScheduler) for vTaskStartScheduler
    main.o(i.main) refers to tasks.o(i.vTaskDelay) for vTaskDelay
    main.o(i.main) refers to main.o(i.vTaskDimmingLED) for vTaskDimmingLED
    main.o(i.vTaskDimmingLED) refers to tasks.o(i.vTaskDelay) for vTaskDelay
    event_groups.o(i.vEventGroupClearBitsCallback) refers to event_groups.o(i.xEventGroupClearBits) for xEventGroupClearBits
    event_groups.o(i.vEventGroupDelete) refers to tasks.o(i.vTaskSuspendAll) for vTaskSuspendAll
    event_groups.o(i.vEventGroupDelete) refers to tasks.o(i.vTaskRemoveFromUnorderedEventList) for vTaskRemoveFromUnorderedEventList
    event_groups.o(i.vEventGroupDelete) refers to heap_1.o(i.vPortFree) for vPortFree
    event_groups.o(i.vEventGroupDelete) refers to tasks.o(i.xTaskResumeAll) for xTaskResumeAll
    event_groups.o(i.vEventGroupSetBitsCallback) refers to event_groups.o(i.xEventGroupSetBits) for xEventGroupSetBits
    event_groups.o(i.xEventGroupClearBits) refers to port.o(i.vPortEnterCritical) for vPortEnterCritical
    event_groups.o(i.xEventGroupClearBits) refers to port.o(i.vPortExitCritical) for vPortExitCritical
    event_groups.o(i.xEventGroupCreate) refers to heap_1.o(i.pvPortMalloc) for pvPortMalloc
    event_groups.o(i.xEventGroupCreate) refers to list.o(i.vListInitialise) for vListInitialise
    event_groups.o(i.xEventGroupGetBitsFromISR) refers to port.o(.emb_text) for ulSetInterruptMaskFromISR
    event_groups.o(i.xEventGroupSetBits) refers to tasks.o(i.vTaskSuspendAll) for vTaskSuspendAll
    event_groups.o(i.xEventGroupSetBits) refers to tasks.o(i.vTaskRemoveFromUnorderedEventList) for vTaskRemoveFromUnorderedEventList
    event_groups.o(i.xEventGroupSetBits) refers to tasks.o(i.xTaskResumeAll) for xTaskResumeAll
    event_groups.o(i.xEventGroupSync) refers to tasks.o(i.xTaskGetSchedulerState) for xTaskGetSchedulerState
    event_groups.o(i.xEventGroupSync) refers to tasks.o(i.vTaskSuspendAll) for vTaskSuspendAll
    event_groups.o(i.xEventGroupSync) refers to event_groups.o(i.xEventGroupSetBits) for xEventGroupSetBits
    event_groups.o(i.xEventGroupSync) refers to tasks.o(i.vTaskPlaceOnUnorderedEventList) for vTaskPlaceOnUnorderedEventList
    event_groups.o(i.xEventGroupSync) refers to tasks.o(i.xTaskResumeAll) for xTaskResumeAll
    event_groups.o(i.xEventGroupSync) refers to port.o(i.vPortYield) for vPortYield
    event_groups.o(i.xEventGroupSync) refers to tasks.o(i.uxTaskResetEventItemValue) for uxTaskResetEventItemValue
    event_groups.o(i.xEventGroupSync) refers to port.o(i.vPortEnterCritical) for vPortEnterCritical
    event_groups.o(i.xEventGroupSync) refers to port.o(i.vPortExitCritical) for vPortExitCritical
    event_groups.o(i.xEventGroupWaitBits) refers to tasks.o(i.xTaskGetSchedulerState) for xTaskGetSchedulerState
    event_groups.o(i.xEventGroupWaitBits) refers to tasks.o(i.vTaskSuspendAll) for vTaskSuspendAll
    event_groups.o(i.xEventGroupWaitBits) refers to event_groups.o(i.prvTestWaitCondition) for prvTestWaitCondition
[...]
    timers.o(i.vTimerSetReloadMode) refers to port.o(i.vPortEnterCritical) for vPortEnterCritical
    timers.o(i.vTimerSetReloadMode) refers to port.o(i.vPortExitCritical) for vPortExitCritical
    timers.o(i.vTimerSetTimerID) refers to port.o(i.vPortEnterCritical) for vPortEnterCritical
    timers.o(i.vTimerSetTimerID) refers to port.o(i.vPortExitCritical) for vPortExitCritical
    timers.o(i.xTimerCreate) refers to heap_1.o(i.pvPortMalloc) for pvPortMalloc
    timers.o(i.xTimerCreate) refers to timers.o(i.prvInitialiseNewTimer) for prvInitialiseNewTimer
    timers.o(i.xTimerCreateTimerTask) refers to timers.o(i.prvCheckForValidListAndQueue) for prvCheckForValidListAndQueue
    timers.o(i.xTimerCreateTimerTask) refers to tasks.o(i.xTaskCreate) for xTaskCreate
    timers.o(i.xTimerCreateTimerTask) refers to timers.o(.data) for xTimerQueue
    timers.o(i.xTimerCreateTimerTask) refers to timers.o(i.prvTimerTask) for prvTimerTask
    timers.o(i.xTimerGenericCommand) refers to tasks.o(i.xTaskGetSchedulerState) for xTaskGetSchedulerState
    timers.o(i.xTimerGenericCommand) refers to queue.o(i.xQueueGenericSend) for xQueueGenericSend
    timers.o(i.xTimerGenericCommand) refers to queue.o(i.xQueueGenericSendFromISR) for xQueueGenericSendFromISR
    timers.o(i.xTimerGenericCommand) refers to timers.o(.data) for xTimerQueue
    timers.o(i.xTimerGetTimerDaemonTaskHandle) refers to timers.o(.data) for xTimerTaskHandle
    timers.o(i.xTimerIsTimerActive) refers to port.o(i.vPortEnterCritical) for vPortEnterCritical
    timers.o(i.xTimerIsTimerActive) refers to port.o(i.vPortExitCritical) for vPortExitCritical
    rt_memcpy_v6.o(.text) refers to rt_memcpy_w.o(.text) for __aeabi_memcpy4
    memset.o(.text) refers to rt_memclr.o(.text) for _memset
    aeabi_memset.o(.text) refers to rt_memclr.o(.text) for _memset
    __main.o(!!!main) refers to __rtentry.o(.ARM.Collect$$rtentry$$00000000) for __rt_entry
    __rtentry.o(.ARM.Collect$$rtentry$$00000000) refers (Special) to __rtentry2.o(.ARM.Collect$$rtentry$$0000000A) for __rt_entry_li
    __rtentry.o(.ARM.Collect$$rtentry$$00000000) refers (Special) to __rtentry2.o(.ARM.Collect$$rtentry$$0000000D) for __rt_entry_main
    __rtentry.o(.ARM.Collect$$rtentry$$00000000) refers (Special) to __rtentry2.o(.ARM.Collect$$rtentry$$0000000C) for __rt_entry_postli_1
    __rtentry.o(.ARM.Collect$$rtentry$$00000000) refers (Special) to __rtentry2.o(.ARM.Collect$$rtentry$$00000009) for __rt_entry_postsh_1
    __rtentry.o(.ARM.Collect$$rtentry$$00000000) refers (Special) to __rtentry2.o(.ARM.Collect$$rtentry$$00000002) for __rt_entry_presh_1
    __rtentry.o(.ARM.Collect$$rtentry$$00000000) refers (Special) to __rtentry4.o(.ARM.Collect$$rtentry$$00000004) for __rt_entry_sh
    rt_memclr.o(.text) refers to rt_memclr_w.o(.text) for _memset_w
    __rtentry2.o(.ARM.Collect$$rtentry$$00000008) refers to boardinit2.o(.text) for _platform_post_stackheap_init
    __rtentry2.o(.ARM.Collect$$rtentry$$0000000A) refers to libinit.o(.ARM.Collect$$libinit$$00000000) for __rt_lib_init
    __rtentry2.o(.ARM.Collect$$rtentry$$0000000B) refers to boardinit3.o(.text) for _platform_post_lib_init
    __rtentry2.o(.ARM.Collect$$rtentry$$0000000D) refers to main.o(i.main) for main
    __rtentry2.o(.ARM.Collect$$rtentry$$0000000D) refers to exit.o(.text) for exit
    __rtentry2.o(.ARM.exidx) refers to __rtentry2.o(.ARM.Collect$$rtentry$$00000001) for .ARM.Collect$$rtentry$$00000001
    __rtentry2.o(.ARM.exidx) refers to __rtentry2.o(.ARM.Collect$$rtentry$$00000008) for .ARM.Collect$$rtentry$$00000008
    __rtentry2.o(.ARM.exidx) refers to __rtentry2.o(.ARM.Collect$$rtentry$$0000000A) for .ARM.Collect$$rtentry$$0000000A
    __rtentry2.o(.ARM.exidx) refers to __rtentry2.o(.ARM.Collect$$rtentry$$0000000B) for .ARM.Collect$$rtentry$$0000000B
    __rtentry2.o(.ARM.exidx) refers to __rtentry2.o(.ARM.Collect$$rtentry$$0000000D) for .ARM.Collect$$rtentry$$0000000D
    __rtentry4.o(.ARM.Collect$$rtentry$$00000004) refers to sys_stackheap_outer.o(.text) for __user_setup_stackheap
    __rtentry4.o(.ARM.exidx) refers to __rtentry4.o(.ARM.Collect$$rtentry$$00000004) for .ARM.Collect$$rtentry$$00000004
    sys_stackheap_outer.o(.text) refers to libspace.o(.text) for __user_perproc_libspace
    sys_stackheap_outer.o(.text) refers to startup_stm32f10x_md.o(.text) for __user_initial_stackheap
    exit.o(.text) refers to rtexit.o(.ARM.Collect$$rtexit$$00000000) for __rt_exit
    libinit.o(.ARM.Collect$$libinit$$00000000) refers (Special) to libinit2.o(.ARM.Collect$$libinit$$0000002E) for __rt_lib_init_alloca_1
    libinit.o(.ARM.Collect$$libinit$$00000000) refers (Special) to libinit2.o(.ARM.Collect$$libinit$$0000002C) for __rt_lib_init_argv_1
    libinit.o(.ARM.Collect$$libinit$$00000000) refers (Special) to libinit2.o(.ARM.Collect$$libinit$$0000001B) for __rt_lib_init_atexit_1
    libinit.o(.ARM.Collect$$libinit$$00000000) refers (Special) to libinit2.o(.ARM.Collect$$libinit$$00000021) for __rt_lib_init_clock_1
    libinit.o(.ARM.Collect$$libinit$$00000000) refers (Special) to libinit2.o(.ARM.Collect$$libinit$$00000032) for __rt_lib_init_cpp_1
    libinit.o(.ARM.Collect$$libinit$$00000000) refers (Special) to libinit2.o(.ARM.Collect$$libinit$$00000030) for __rt_lib_init_exceptions_1
    libinit.o(.ARM.Collect$$libinit$$00000000) refers (Special) to libinit2.o(.ARM.Collect$$libinit$$00000002) for __rt_lib_init_fp_1
    libinit.o(.ARM.Collect$$libinit$$00000000) refers (Special) to libinit2.o(.ARM.Collect$$libinit$$0000001F) for __rt_lib_init_fp_trap_1
    libinit.o(.ARM.Collect$$libinit$$00000000) refers (Special) to libinit2.o(.ARM.Collect$$libinit$$00000023) for __rt_lib_init_getenv_1
    libinit.o(.ARM.Collect$$libinit$$00000000) refers (Special) to libinit2.o(.ARM.Collect$$libinit$$0000000A) for __rt_lib_init_heap_1
    libinit.o(.ARM.Collect$$libinit$$00000000) refers (Special) to libinit2.o(.ARM.Collect$$libinit$$00000011) for __rt_lib_init_lc_collate_1
    libinit.o(.ARM.Collect$$libinit$$00000000) refers (Special) to libinit2.o(.ARM.Collect$$libinit$$00000013) for __rt_lib_init_lc_ctype_1
    libinit.o(.ARM.Collect$$libinit$$00000000) refers (Special) to libinit2.o(.ARM.Collect$$libinit$$00000015) for __rt_lib_init_lc_monetary_1
    libinit.o(.ARM.Collect$$libinit$$00000000) refers (Special) to libinit2.o(.ARM.Collect$$libinit$$00000017) for __rt_lib_init_lc_numeric_1
    libinit.o(.ARM.Collect$$libinit$$00000000) refers (Special) to libinit2.o(.ARM.Collect$$libinit$$00000019) for __rt_lib_init_lc_time_1
    libinit.o(.ARM.Collect$$libinit$$00000000) refers (Special) to libinit2.o(.ARM.Collect$$libinit$$00000004) for __rt_lib_init_preinit_1
    libinit.o(.ARM.Collect$$libinit$$00000000) refers (Special) to libinit2.o(.ARM.Collect$$libinit$$0000000E) for __rt_lib_init_rand_1
    libinit.o(.ARM.Collect$$libinit$$00000000) refers (Special) to libinit2.o(.ARM.Collect$$libinit$$00000033) for __rt_lib_init_return
    libinit.o(.ARM.Collect$$libinit$$00000000) refers (Special) to libinit2.o(.ARM.Collect$$libinit$$0000001D) for __rt_lib_init_signal_1
    libinit.o(.ARM.Collect$$libinit$$00000000) refers (Special) to libinit2.o(.ARM.Collect$$libinit$$00000025) for __rt_lib_init_stdio_1
    libinit.o(.ARM.Collect$$libinit$$00000000) refers (Special) to libinit2.o(.ARM.Collect$$libinit$$0000000C) for __rt_lib_init_user_alloc_1
    libspace.o(.text) refers to libspace.o(.bss) for __libspace_start
    rtexit.o(.ARM.Collect$$rtexit$$00000000) refers (Special) to rtexit2.o(.ARM.Collect$$rtexit$$00000004) for __rt_exit_exit
    rtexit.o(.ARM.Collect$$rtexit$$00000000) refers (Special) to rtexit2.o(.ARM.Collect$$rtexit$$00000003) for __rt_exit_ls
    rtexit.o(.ARM.Collect$$rtexit$$00000000) refers (Special) to rtexit2.o(.ARM.Collect$$rtexit$$00000002) for __rt_exit_prels_1
    rtexit.o(.ARM.exidx) refers (Special) to rtexit2.o(.ARM.Collect$$rtexit$$00000004) for __rt_exit_exit
    rtexit.o(.ARM.exidx) refers (Special) to rtexit2.o(.ARM.Collect$$rtexit$$00000003) for __rt_exit_ls
    rtexit.o(.ARM.exidx) refers (Special) to rtexit2.o(.ARM.Collect$$rtexit$$00000002) for __rt_exit_prels_1
    rtexit.o(.ARM.exidx) refers to rtexit.o(.ARM.Collect$$rtexit$$00000000) for .ARM.Collect$$rtexit$$00000000
    libinit2.o(.ARM.Collect$$libinit$$00000010) refers to libinit2.o(.ARM.Collect$$libinit$$0000000F) for .ARM.Collect$$libinit$$0000000F
    libinit2.o(.ARM.Collect$$libinit$$00000012) refers to libinit2.o(.ARM.Collect$$libinit$$0000000F) for .ARM.Collect$$libinit$$0000000F
    libinit2.o(.ARM.Collect$$libinit$$00000014) refers to libinit2.o(.ARM.Collect$$libinit$$0000000F) for .ARM.Collect$$libinit$$0000000F
    libinit2.o(.ARM.Collect$$libinit$$00000016) refers to libinit2.o(.ARM.Collect$$libinit$$0000000F) for .ARM.Collect$$libinit$$0000000F
    libinit2.o(.ARM.Collect$$libinit$$00000018) refers to libinit2.o(.ARM.Collect$$libinit$$0000000F) for .ARM.Collect$$libinit$$0000000F
    libinit2.o(.ARM.Collect$$libinit$$00000026) refers to argv_veneer.o(.emb_text) for __ARM_argv_veneer
    libinit2.o(.ARM.Collect$$libinit$$00000027) refers to argv_veneer.o(.emb_text) for __ARM_argv_veneer
    rtexit2.o(.ARM.Collect$$rtexit$$00000003) refers to libshutdown.o(.ARM.Collect$$libshutdown$$00000000) for __rt_lib_shutdown
    rtexit2.o(.ARM.Collect$$rtexit$$00000004) refers to sys_exit.o(.text) for _sys_exit
    rtexit2.o(.ARM.exidx) refers to rtexit2.o(.ARM.Collect$$rtexit$$00000001) for .ARM.Collect$$rtexit$$00000001
    rtexit2.o(.ARM.exidx) refers to rtexit2.o(.ARM.Collect$$rtexit$$00000003) for .ARM.Collect$$rtexit$$00000003
    rtexit2.o(.ARM.exidx) refers to rtexit2.o(.ARM.Collect$$rtexit$$00000004) for .ARM.Collect$$rtexit$$00000004
    argv_veneer.o(.emb_text) refers to no_argv.o(.text) for __ARM_get_argv
    sys_exit.o(.text) refers (Special) to use_no_semi.o(.text) for __I$use$semihosting
    sys_exit.o(.text) refers (Special) to indicate_semi.o(.text) for __semihosting_library_function
    _get_argv_nomalloc.o(.text) refers (Special) to hrguard.o(.text) for __heap_region$guard
    _get_argv_nomalloc.o(.text) refers to defsig_rtmem_outer.o(.text) for __rt_SIGRTMEM
    _get_argv_nomalloc.o(.text) refers to sys_command.o(.text) for _sys_command_string
    libshutdown.o(.ARM.Collect$$libshutdown$$00000000) refers (Special) to libshutdown2.o(.ARM.Collect$$libshutdown$$00000004) for __rt_lib_shutdown_cpp_1
    libshutdown.o(.ARM.Collect$$libshutdown$$00000000) refers (Special) to libshutdown2.o(.ARM.Collect$$libshutdown$$00000002) for __rt_lib_shutdown_fini_1
    libshutdown.o(.ARM.Collect$$libshutdown$$00000000) refers (Special) to libshutdown2.o(.ARM.Collect$$libshutdown$$00000009) for __rt_lib_shutdown_fp_trap_1
    libshutdown.o(.ARM.Collect$$libshutdown$$00000000) refers (Special) to libshutdown2.o(.ARM.Collect$$libshutdown$$00000011) for __rt_lib_shutdown_heap_1
    libshutdown.o(.ARM.Collect$$libshutdown$$00000000) refers (Special) to libshutdown2.o(.ARM.Collect$$libshutdown$$00000012) for __rt_lib_shutdown_return
    libshutdown.o(.ARM.Collect$$libshutdown$$00000000) refers (Special) to libshutdown2.o(.ARM.Collect$$libshutdown$$0000000C) for __rt_lib_shutdown_signal_1
    libshutdown.o(.ARM.Collect$$libshutdown$$00000000) refers (Special) to libshutdown2.o(.ARM.Collect$$libshutdown$$00000006) for __rt_lib_shutdown_stdio_1
    libshutdown.o(.ARM.Collect$$libshutdown$$00000000) refers (Special) to libshutdown2.o(.ARM.Collect$$libshutdown$$0000000E) for __rt_lib_shutdown_user_alloc_1
    sys_command.o(.text) refers (Special) to use_no_semi.o(.text) for __I$use$semihosting
    sys_command.o(.text) refers (Special) to indicate_semi.o(.text) for __semihosting_library_function
    defsig_rtmem_outer.o(.text) refers to defsig_rtmem_inner.o(.text) for __rt_SIGRTMEM_inner
    defsig_rtmem_outer.o(.text) refers to defsig_exit.o(.text) for __sig_exit
    defsig_rtmem_formal.o(.text) refers to rt_raise.o(.text) for __rt_raise
    rt_raise.o(.text) refers to __raise.o(.text) for __raise
    rt_raise.o(.text) refers to sys_exit.o(.text) for _sys_exit
    defsig_exit.o(.text) refers to sys_exit.o(.text) for _sys_exit
    defsig_rtmem_inner.o(.text) refers to defsig_general.o(.text) for __default_signal_display
    __raise.o(.text) refers to defsig.o(CL$$defsig) for __default_signal_handler
    defsig_general.o(.text) refers to sys_wrch.o(.text) for _ttywrch
    sys_wrch.o(.text) refers (Special) to use_no_semi.o(.text) for __I$use$semihosting
    sys_wrch.o(.text) refers (Special) to indicate_semi.o(.text) for __semihosting_library_function
    defsig.o(CL$$defsig) refers to defsig_rtmem_inner.o(.text) for __rt_SIGRTMEM_inner
    defsig_abrt_inner.o(.text) refers to defsig_general.o(.text) for __default_signal_display
    defsig_fpe_inner.o(.text) refers to defsig_general.o(.text) for __default_signal_display
    defsig_rtred_inner.o(.text) refers to defsig_general.o(.text) for __default_signal_display
    defsig_stak_inner.o(.text) refers to defsig_general.o(.text) for __default_signal_display
    defsig_pvfn_inner.o(.text) refers to defsig_general.o(.text) for __default_signal_display
    defsig_cppl_inner.o(.text) refers to defsig_general.o(.text) for __default_signal_display
    defsig_segv_inner.o(.text) refers to defsig_general.o(.text) for __default_signal_display
    defsig_other.o(.text) refers to defsig_general.o(.text) for __default_signal_display


==============================================================================

Removing Unused input sections from the image.

    Removing system_stm32f10x.o(i.SystemCoreClockUpdate), (164 bytes).
    Removing system_stm32f10x.o(.data), (20 bytes).
    Removing event_groups.o(i.prvTestWaitCondition), (30 bytes).
    Removing event_groups.o(i.uxEventGroupGetNumber), (14 bytes).
    Removing event_groups.o(i.vEventGroupClearBitsCallback), (16 bytes).
    Removing event_groups.o(i.vEventGroupDelete), (66 bytes).
    Removing event_groups.o(i.vEventGroupSetBitsCallback), (16 bytes).
    Removing event_groups.o(i.vEventGroupSetNumber), (4 bytes).
    Removing event_groups.o(i.xEventGroupClearBits), (60 bytes).
    Removing event_groups.o(i.xEventGroupCreate), (26 bytes).
    Removing event_groups.o(i.xEventGroupGetBitsFromISR), (28 bytes).
    Removing event_groups.o(i.xEventGroupSetBits), (174 bytes).
    Removing event_groups.o(i.xEventGroupSync), (208 bytes).
    Removing event_groups.o(i.xEventGroupWaitBits), (262 bytes).
    Removing heap_1.o(i.vPortInitialiseBlocks), (12 bytes).
    Removing heap_1.o(i.xPortGetFreeHeapSize), (16 bytes).
    Removing port.o(i.vPortEndScheduler), (32 bytes).
    Removing port.o(i.vPortSVCHandler), (2 bytes).
    Removing queue.o(i.pcQueueGetName), (44 bytes).
    Removing queue.o(i.prvGetDisinheritPriorityAfterTimeout), (20 bytes).
    Removing queue.o(i.prvInitialiseMutex), (30 bytes).
    Removing queue.o(i.ucQueueGetQueueType), (8 bytes).
    Removing queue.o(i.uxQueueGetQueueNumber), (6 bytes).
    Removing queue.o(i.uxQueueMessagesWaiting), (26 bytes).
    Removing queue.o(i.uxQueueMessagesWaitingFromISR), (16 bytes).
    Removing queue.o(i.uxQueueSpacesAvailable), (32 bytes).
    Removing queue.o(i.vQueueDelete), (28 bytes).
    Removing queue.o(i.vQueueSetQueueNumber), (4 bytes).
    Removing queue.o(i.vQueueUnregisterQueue), (48 bytes).
    Removing queue.o(i.xQueueAddToSet), (38 bytes).
    Removing queue.o(i.xQueueCreateCountingSemaphore), (60 bytes).
    Removing queue.o(i.xQueueCreateMutex), (34 bytes).
    Removing queue.o(i.xQueueCreateSet), (20 bytes).
    Removing queue.o(i.xQueueGiveFromISR), (188 bytes).
    Removing queue.o(i.xQueueGiveMutexRecursive), (56 bytes).
    Removing queue.o(i.xQueueIsQueueEmptyFromISR), (24 bytes).
    Removing queue.o(i.xQueueIsQueueFullFromISR), (30 bytes).
    Removing queue.o(i.xQueuePeek), (290 bytes).
    Removing queue.o(i.xQueuePeekFromISR), (100 bytes).
    Removing queue.o(i.xQueueReceiveFromISR), (162 bytes).
    Removing queue.o(i.xQueueRemoveFromSet), (48 bytes).
    Removing queue.o(i.xQueueSelectFromSet), (24 bytes).
    Removing queue.o(i.xQueueSelectFromSetFromISR), (22 bytes).
    Removing queue.o(i.xQueueSemaphoreTake), (346 bytes).
    Removing queue.o(i.xQueueTakeMutexRecursive), (62 bytes).
    Removing stream_buffer.o(i.prvBytesInBuffer), (24 bytes).
    Removing stream_buffer.o(i.prvInitialiseNewStreamBuffer), (70 bytes).
    Removing stream_buffer.o(i.prvReadBytesFromBuffer), (154 bytes).
    Removing stream_buffer.o(i.prvReadMessageFromBuffer), (72 bytes).
    Removing stream_buffer.o(i.prvWriteBytesToBuffer), (138 bytes).
    Removing stream_buffer.o(i.prvWriteMessageToBuffer), (92 bytes).
    Removing stream_buffer.o(i.ucStreamBufferGetStreamBufferType), (10 bytes).
    Removing stream_buffer.o(i.uxStreamBufferGetStreamBufferNumber), (6 bytes).
    Removing stream_buffer.o(i.vStreamBufferDelete), (40 bytes).
    Removing stream_buffer.o(i.vStreamBufferSetStreamBufferNumber), (4 bytes).
    Removing stream_buffer.o(i.xStreamBufferBytesAvailable), (26 bytes).
    Removing stream_buffer.o(i.xStreamBufferGenericCreate), (112 bytes).
    Removing stream_buffer.o(i.xStreamBufferIsEmpty), (30 bytes).
    Removing stream_buffer.o(i.xStreamBufferIsFull), (48 bytes).
    Removing stream_buffer.o(i.xStreamBufferNextMessageLengthBytes), (88 bytes).
    Removing stream_buffer.o(i.xStreamBufferReceive), (210 bytes).
    Removing stream_buffer.o(i.xStreamBufferReceiveCompletedFromISR), (68 bytes).
    Removing stream_buffer.o(i.xStreamBufferReceiveFromISR), (134 bytes).
    Removing stream_buffer.o(i.xStreamBufferReset), (58 bytes).
    Removing stream_buffer.o(i.xStreamBufferSend), (294 bytes).
    Removing stream_buffer.o(i.xStreamBufferSendCompletedFromISR), (68 bytes).
    Removing stream_buffer.o(i.xStreamBufferSendFromISR), (130 bytes).
    Removing stream_buffer.o(i.xStreamBufferSetTriggerLevel), (34 bytes).
    Removing stream_buffer.o(i.xStreamBufferSpacesAvailable), (38 bytes).
    Removing tasks.o(i.eTaskGetState), (148 bytes).
    Removing tasks.o(i.pcTaskGetName), (32 bytes).
    Removing tasks.o(i.prvListTasksWithinSingleList), (106 bytes).
    Removing tasks.o(i.prvTaskCheckFreeStackSpace), (22 bytes).
    Removing tasks.o(i.prvTaskIsTaskSuspended), (72 bytes).
    Removing tasks.o(i.pvTaskIncrementMutexHeldCount), (32 bytes).
    Removing tasks.o(i.ulTaskGenericNotifyTake), (136 bytes).
    Removing tasks.o(i.ulTaskGenericNotifyValueClear), (64 bytes).
    Removing tasks.o(i.uxTaskGetNumberOfTasks), (12 bytes).
    Removing tasks.o(i.uxTaskGetSystemState), (176 bytes).
    Removing tasks.o(i.uxTaskGetTaskNumber), (14 bytes).
    Removing tasks.o(i.uxTaskPriorityGet), (36 bytes).
    Removing tasks.o(i.uxTaskPriorityGetFromISR), (44 bytes).
    Removing tasks.o(i.uxTaskResetEventItemValue), (28 bytes).
    Removing tasks.o(i.vTaskDelayUntil), (148 bytes).
    Removing tasks.o(i.vTaskDelete), (168 bytes).
    Removing tasks.o(i.vTaskEndScheduler), (20 bytes).
    Removing tasks.o(i.vTaskGenericNotifyGiveFromISR), (212 bytes).
    Removing tasks.o(i.vTaskGetInfo), (132 bytes).
    Removing tasks.o(i.vTaskPlaceOnUnorderedEventList), (76 bytes).
    Removing tasks.o(i.vTaskPriorityDisinheritAfterTimeout), (180 bytes).
    Removing tasks.o(i.vTaskPrioritySet), (224 bytes).
    Removing tasks.o(i.vTaskRemoveFromUnorderedEventList), (128 bytes).
    Removing tasks.o(i.vTaskResume), (112 bytes).
    Removing tasks.o(i.vTaskSetTaskNumber), (8 bytes).
    Removing tasks.o(i.vTaskSetTimeOutState), (44 bytes).
    Removing tasks.o(i.vTaskSuspend), (184 bytes).
    Removing tasks.o(i.xTaskCatchUpTicks), (56 bytes).
    Removing tasks.o(i.xTaskGenericNotify), (300 bytes).
    Removing tasks.o(i.xTaskGenericNotifyFromISR), (348 bytes).
    Removing tasks.o(i.xTaskGenericNotifyStateClear), (80 bytes).
    Removing tasks.o(i.xTaskGenericNotifyWait), (172 bytes).
    Removing tasks.o(i.xTaskGetCurrentTaskHandle), (12 bytes).
    Removing tasks.o(i.xTaskGetTickCountFromISR), (12 bytes).
    Removing tasks.o(i.xTaskPriorityInherit), (164 bytes).
    Removing tasks.o(i.xTaskResumeFromISR), (136 bytes).
    Removing timers.o(i.pcTimerGetName), (16 bytes).
    Removing timers.o(i.prvInitialiseNewTimer), (74 bytes).
    Removing timers.o(i.pvTimerGetTimerID), (28 bytes).
    Removing timers.o(i.uxTimerGetReloadMode), (42 bytes).
    Removing timers.o(i.uxTimerGetTimerNumber), (6 bytes).
    Removing timers.o(i.vTimerSetReloadMode), (54 bytes).
    Removing timers.o(i.vTimerSetTimerID), (28 bytes).
    Removing timers.o(i.vTimerSetTimerNumber), (4 bytes).
    Removing timers.o(i.xTimerCreate), (54 bytes).
    Removing timers.o(i.xTimerGetExpiryTime), (16 bytes).
    Removing timers.o(i.xTimerGetPeriod), (16 bytes).
    Removing timers.o(i.xTimerGetTimerDaemonTaskHandle), (32 bytes).
    Removing timers.o(i.xTimerIsTimerActive), (42 bytes).

118 unused section(s) (total 9114 bytes) removed from the image.

==============================================================================

Image Symbol Table

    Local Symbols

    Symbol Name                              Value     Ov Type        Size  Object(Section)

    ../clib/angel/boardlib.s                 0x00000000   Number         0  boardinit3.o ABSOLUTE
    ../clib/angel/boardlib.s                 0x00000000   Number         0  boardshut.o ABSOLUTE
    ../clib/angel/boardlib.s                 0x00000000   Number         0  boardinit2.o ABSOLUTE
    ../clib/angel/boardlib.s                 0x00000000   Number         0  boardinit1.o ABSOLUTE
    ../clib/angel/handlers.s                 0x00000000   Number         0  __scatter_zi.o ABSOLUTE
    ../clib/angel/handlers.s                 0x00000000   Number         0  __scatter_copy.o ABSOLUTE
    ../clib/angel/kernel.s                   0x00000000   Number         0  rtexit.o ABSOLUTE
    ../clib/angel/kernel.s                   0x00000000   Number         0  rtexit2.o ABSOLUTE
    ../clib/angel/kernel.s                   0x00000000   Number         0  __rtentry4.o ABSOLUTE
    ../clib/angel/kernel.s                   0x00000000   Number         0  __rtentry2.o ABSOLUTE
    ../clib/angel/kernel.s                   0x00000000   Number         0  __rtentry.o ABSOLUTE
    ../clib/angel/rt.s                       0x00000000   Number         0  rt_raise.o ABSOLUTE
    ../clib/angel/scatter.s                  0x00000000   Number         0  __scatter.o ABSOLUTE
    ../clib/angel/startup.s                  0x00000000   Number         0  __main.o ABSOLUTE
    ../clib/angel/sys.s                      0x00000000   Number         0  use_no_semi.o ABSOLUTE
    ../clib/angel/sys.s                      0x00000000   Number         0  libspace.o ABSOLUTE
    ../clib/angel/sys.s                      0x00000000   Number         0  indicate_semi.o ABSOLUTE
    ../clib/angel/sys.s                      0x00000000   Number         0  sys_stackheap_outer.o ABSOLUTE
    ../clib/angel/sysapp.c                   0x00000000   Number         0  sys_command.o ABSOLUTE
    ../clib/angel/sysapp.c                   0x00000000   Number         0  sys_exit.o ABSOLUTE
    ../clib/angel/sysapp.c                   0x00000000   Number         0  sys_wrch.o ABSOLUTE
    ../clib/armsys.c                         0x00000000   Number         0  no_argv.o ABSOLUTE
    ../clib/armsys.c                         0x00000000   Number         0  _get_argv_nomalloc.o ABSOLUTE
    ../clib/armsys.c                         0x00000000   Number         0  argv_veneer.o ABSOLUTE
    ../clib/armsys.c                         0x00000000   Number         0  argv_veneer.o ABSOLUTE
    ../clib/heapalloc.c                      0x00000000   Number         0  hrguard.o ABSOLUTE
    ../clib/heapaux.c                        0x00000000   Number         0  heapauxi.o ABSOLUTE
    ../clib/libinit.s                        0x00000000   Number         0  libinit.o ABSOLUTE
    ../clib/libinit.s                        0x00000000   Number         0  libshutdown2.o ABSOLUTE
    ../clib/libinit.s                        0x00000000   Number         0  libinit2.o ABSOLUTE
    ../clib/libinit.s                        0x00000000   Number         0  libshutdown.o ABSOLUTE
    ../clib/memcpset.s                       0x00000000   Number         0  rt_memclr.o ABSOLUTE
    ../clib/memcpset.s                       0x00000000   Number         0  memset.o ABSOLUTE
    ../clib/memcpset.s                       0x00000000   Number         0  rt_memcpy_w.o ABSOLUTE
    ../clib/memcpset.s                       0x00000000   Number         0  rt_memclr_w.o ABSOLUTE
    ../clib/memcpset.s                       0x00000000   Number         0  rt_memcpy_v6.o ABSOLUTE
    ../clib/memcpset.s                       0x00000000   Number         0  aeabi_memset.o ABSOLUTE
    ../clib/signal.c                         0x00000000   Number         0  defsig_pvfn_inner.o ABSOLUTE
    ../clib/signal.c                         0x00000000   Number         0  defsig_rtmem_formal.o ABSOLUTE
    ../clib/signal.c                         0x00000000   Number         0  defsig_rtmem_outer.o ABSOLUTE
    ../clib/signal.c                         0x00000000   Number         0  defsig_exit.o ABSOLUTE
    ../clib/signal.c                         0x00000000   Number         0  defsig_other.o ABSOLUTE
    ../clib/signal.c                         0x00000000   Number         0  defsig_segv_inner.o ABSOLUTE
    ../clib/signal.c                         0x00000000   Number         0  defsig_cppl_inner.o ABSOLUTE
    ../clib/signal.c                         0x00000000   Number         0  defsig_rtred_inner.o ABSOLUTE
    ../clib/signal.c                         0x00000000   Number         0  defsig_abrt_inner.o ABSOLUTE
    ../clib/signal.c                         0x00000000   Number         0  defsig_general.o ABSOLUTE
    ../clib/signal.c                         0x00000000   Number         0  __raise.o ABSOLUTE
    ../clib/signal.c                         0x00000000   Number         0  defsig_rtmem_inner.o ABSOLUTE
    ../clib/signal.c                         0x00000000   Number         0  defsig_fpe_inner.o ABSOLUTE
    ../clib/signal.c                         0x00000000   Number         0  defsig_stak_inner.o ABSOLUTE
    ../clib/signal.s                         0x00000000   Number         0  defsig.o ABSOLUTE
    ../clib/stdlib.c                         0x00000000   Number         0  exit.o ABSOLUTE
    ../fplib/fpinit.s                        0x00000000   Number         0  fpinit.o ABSOLUTE
    CMSIS\src\system_stm32f10x.c             0x00000000   Number         0  system_stm32f10x.o ABSOLUTE
    Code\src\InitGPIO.c                      0x00000000   Number         0  initgpio.o ABSOLUTE
    Code\src\InitRCC.c                       0x00000000   Number         0  initrcc.o ABSOLUTE
    Code\src\InitSWD.c                       0x00000000   Number         0  initswd.o ABSOLUTE
    Code\src\InitTIM.c                       0x00000000   Number         0  inittim.o ABSOLUTE
    Code\src\main.c                          0x00000000   Number         0  main.o ABSOLUTE
    FreeRTOS\\src\\port.c                    0x00000000   Number         0  port.o ABSOLUTE
    FreeRTOS\src\croutine.c                  0x00000000   Number         0  croutine.o ABSOLUTE
    FreeRTOS\src\event_groups.c              0x00000000   Number         0  event_groups.o ABSOLUTE
    FreeRTOS\src\heap_1.c                    0x00000000   Number         0  heap_1.o ABSOLUTE
    FreeRTOS\src\list.c                      0x00000000   Number         0  list.o ABSOLUTE
    FreeRTOS\src\port.c                      0x00000000   Number         0  port.o ABSOLUTE
    FreeRTOS\src\queue.c                     0x00000000   Number         0  queue.o ABSOLUTE
    FreeRTOS\src\stream_buffer.c             0x00000000   Number         0  stream_buffer.o ABSOLUTE
    FreeRTOS\src\tasks.c                     0x00000000   Number         0  tasks.o ABSOLUTE
    FreeRTOS\src\timers.c                    0x00000000   Number         0  timers.o ABSOLUTE
    Startup\startup_stm32f10x_md.s           0x00000000   Number         0  startup_stm32f10x_md.o ABSOLUTE
    dc.s                                     0x00000000   Number         0  dc.o ABSOLUTE
    RESET                                    0x08000000   Section      236  startup_stm32f10x_md.o(RESET)
    !!!main                                  0x080000ec   Section        8  __main.o(!!!main)
    !!!scatter                               0x080000f4   Section       52  __scatter.o(!!!scatter)
    !!handler_copy                           0x08000128   Section       26  __scatter_copy.o(!!handler_copy)
    !!handler_zi                             0x08000144   Section       28  __scatter_zi.o(!!handler_zi)
    .ARM.Collect$$libinit$$00000000          0x08000160   Section        2  libinit.o(.ARM.Collect$$libinit$$00000000)
    .ARM.Collect$$libinit$$00000002          0x08000162   Section        0  libinit2.o(.ARM.Collect$$libinit$$00000002)
    .ARM.Collect$$libinit$$00000004          0x08000162   Section        0  libinit2.o(.ARM.Collect$$libinit$$00000004)
    .ARM.Collect$$libinit$$0000000A          0x08000162   Section        0  libinit2.o(.ARM.Collect$$libinit$$0000000A)
    .ARM.Collect$$libinit$$0000000C          0x08000162   Section        0  libinit2.o(.ARM.Collect$$libinit$$0000000C)
    .ARM.Collect$$libinit$$0000000E          0x08000162   Section        0  libinit2.o(.ARM.Collect$$libinit$$0000000E)
    .ARM.Collect$$libinit$$00000011          0x08000162   Section        0  libinit2.o(.ARM.Collect$$libinit$$00000011)
    .ARM.Collect$$libinit$$00000013          0x08000162   Section        0  libinit2.o(.ARM.Collect$$libinit$$00000013)
    .ARM.Collect$$libinit$$00000015          0x08000162   Section        0  libinit2.o(.ARM.Collect$$libinit$$00000015)
    .ARM.Collect$$libinit$$00000017          0x08000162   Section        0  libinit2.o(.ARM.Collect$$libinit$$00000017)
    .ARM.Collect$$libinit$$00000019          0x08000162   Section        0  libinit2.o(.ARM.Collect$$libinit$$00000019)
    .ARM.Collect$$libinit$$0000001B          0x08000162   Section        0  libinit2.o(.ARM.Collect$$libinit$$0000001B)
    .ARM.Collect$$libinit$$0000001D          0x08000162   Section        0  libinit2.o(.ARM.Collect$$libinit$$0000001D)
    .ARM.Collect$$libinit$$0000001F          0x08000162   Section        0  libinit2.o(.ARM.Collect$$libinit$$0000001F)
    .ARM.Collect$$libinit$$00000021          0x08000162   Section        0  libinit2.o(.ARM.Collect$$libinit$$00000021)
    .ARM.Collect$$libinit$$00000023          0x08000162   Section        0  libinit2.o(.ARM.Collect$$libinit$$00000023)
    .ARM.Collect$$libinit$$00000025          0x08000162   Section        0  libinit2.o(.ARM.Collect$$libinit$$00000025)
    .ARM.Collect$$libinit$$0000002C          0x08000162   Section        0  libinit2.o(.ARM.Collect$$libinit$$0000002C)
    .ARM.Collect$$libinit$$0000002E          0x08000162   Section        0  libinit2.o(.ARM.Collect$$libinit$$0000002E)
    .ARM.Collect$$libinit$$00000030          0x08000162   Section        0  libinit2.o(.ARM.Collect$$libinit$$00000030)
    .ARM.Collect$$libinit$$00000032          0x08000162   Section        0  libinit2.o(.ARM.Collect$$libinit$$00000032)
    .ARM.Collect$$libinit$$00000033          0x08000162   Section        2  libinit2.o(.ARM.Collect$$libinit$$00000033)
    .ARM.Collect$$libshutdown$$00000000      0x08000164   Section        2  libshutdown.o(.ARM.Collect$$libshutdown$$00000000)
    .ARM.Collect$$libshutdown$$00000002      0x08000166   Section        0  libshutdown2.o(.ARM.Collect$$libshutdown$$00000002)
    .ARM.Collect$$libshutdown$$00000004      0x08000166   Section        0  libshutdown2.o(.ARM.Collect$$libshutdown$$00000004)
    .ARM.Collect$$libshutdown$$00000006      0x08000166   Section        0  libshutdown2.o(.ARM.Collect$$libshutdown$$00000006)
    .ARM.Collect$$libshutdown$$00000009      0x08000166   Section        0  libshutdown2.o(.ARM.Collect$$libshutdown$$00000009)
    .ARM.Collect$$libshutdown$$0000000C      0x08000166   Section        0  libshutdown2.o(.ARM.Collect$$libshutdown$$0000000C)
    .ARM.Collect$$libshutdown$$0000000E      0x08000166   Section        0  libshutdown2.o(.ARM.Collect$$libshutdown$$0000000E)
    .ARM.Collect$$libshutdown$$00000011      0x08000166   Section        0  libshutdown2.o(.ARM.Collect$$libshutdown$$00000011)
    .ARM.Collect$$libshutdown$$00000012      0x08000166   Section        2  libshutdown2.o(.ARM.Collect$$libshutdown$$00000012)
    .ARM.Collect$$rtentry$$00000000          0x08000168   Section        0  __rtentry.o(.ARM.Collect$$rtentry$$00000000)
    .ARM.Collect$$rtentry$$00000002          0x08000168   Section        0  __rtentry2.o(.ARM.Collect$$rtentry$$00000002)
    .ARM.Collect$$rtentry$$00000004          0x08000168   Section        6  __rtentry4.o(.ARM.Collect$$rtentry$$00000004)
    .ARM.Collect$$rtentry$$00000009          0x0800016e   Section        0  __rtentry2.o(.ARM.Collect$$rtentry$$00000009)
    .ARM.Collect$$rtentry$$0000000A          0x0800016e   Section        4  __rtentry2.o(.ARM.Collect$$rtentry$$0000000A)
    .ARM.Collect$$rtentry$$0000000C          0x08000172   Section        0  __rtentry2.o(.ARM.Collect$$rtentry$$0000000C)
    .ARM.Collect$$rtentry$$0000000D          0x08000172   Section        8  __rtentry2.o(.ARM.Collect$$rtentry$$0000000D)
    .ARM.Collect$$rtexit$$00000000           0x0800017a   Section        2  rtexit.o(.ARM.Collect$$rtexit$$00000000)
    .ARM.Collect$$rtexit$$00000002           0x0800017c   Section        0  rtexit2.o(.ARM.Collect$$rtexit$$00000002)
    .ARM.Collect$$rtexit$$00000003           0x0800017c   Section        4  rtexit2.o(.ARM.Collect$$rtexit$$00000003)
    .ARM.Collect$$rtexit$$00000004           0x08000180   Section        6  rtexit2.o(.ARM.Collect$$rtexit$$00000004)
    .emb_text                                0x08000188   Section      120  port.o(.emb_text)
    .text                                    0x08000200   Section       64  startup_stm32f10x_md.o(.text)
    .text                                    0x08000240   Section      138  rt_memcpy_v6.o(.text)
    .text                                    0x080002ca   Section       16  aeabi_memset.o(.text)
    .text                                    0x080002da   Section       78  rt_memclr_w.o(.text)
    .text                                    0x08000328   Section        0  heapauxi.o(.text)
    .text                                    0x0800032e   Section      100  rt_memcpy_w.o(.text)
    .text                                    0x08000392   Section       68  rt_memclr.o(.text)
    .text                                    0x080003d6   Section       74  sys_stackheap_outer.o(.text)
    .text                                    0x08000420   Section        0  exit.o(.text)
    .text                                    0x08000434   Section        8  libspace.o(.text)
    .text                                    0x0800043c   Section        0  sys_exit.o(.text)
    .text                                    0x08000448   Section        2  use_no_semi.o(.text)
    .text                                    0x0800044a   Section        0  indicate_semi.o(.text)
    i.InitGPIO                               0x0800044c   Section        0  initgpio.o(i.InitGPIO)
    i.InitRCC                                0x0800048c   Section        0  initrcc.o(i.InitRCC)
    i.InitSWD                                0x08000524   Section        0  initswd.o(i.InitSWD)
    i.InitTIM                                0x08000560   Section        0  inittim.o(i.InitTIM)
    i.SetSysClock                            0x080005e0   Section        0  system_stm32f10x.o(i.SetSysClock)
    SetSysClock                              0x080005e1   Thumb Code     8  system_stm32f10x.o(i.SetSysClock)
    i.SetSysClockTo72                        0x080005e8   Section        0  system_stm32f10x.o(i.SetSysClockTo72)
    SetSysClockTo72                          0x080005e9   Thumb Code   214  system_stm32f10x.o(i.SetSysClockTo72)
    i.SysTick_Handler                        0x080006c8   Section        0  port.o(i.SysTick_Handler)
    i.SystemInit                             0x080006ec   Section        0  system_stm32f10x.o(i.SystemInit)
    i.main                                   0x0800074c   Section        0  main.o(i.main)
    i.prvAddCurrentTaskToDelayedList         0x080007a8   Section        0  tasks.o(i.prvAddCurrentTaskToDelayedList)
    prvAddCurrentTaskToDelayedList           0x080007a9   Thumb Code   100  tasks.o(i.prvAddCurrentTaskToDelayedList)
    i.prvAddNewTaskToReadyList               0x08000824   Section        0  tasks.o(i.prvAddNewTaskToReadyList)
    prvAddNewTaskToReadyList                 0x08000825   Thumb Code   142  tasks.o(i.prvAddNewTaskToReadyList)
    i.prvCheckForValidListAndQueue           0x080008cc   Section        0  timers.o(i.prvCheckForValidListAndQueue)
    prvCheckForValidListAndQueue             0x080008cd   Thumb Code    72  timers.o(i.prvCheckForValidListAndQueue)
    i.prvCheckTasksWaitingTermination        0x08000930   Section        0  tasks.o(i.prvCheckTasksWaitingTermination)
    prvCheckTasksWaitingTermination          0x08000931   Thumb Code    60  tasks.o(i.prvCheckTasksWaitingTermination)
    i.prvCopyDataFromQueue                   0x08000978   Section        0  queue.o(i.prvCopyDataFromQueue)
    prvCopyDataFromQueue                     0x08000979   Thumb Code    42  queue.o(i.prvCopyDataFromQueue)
    i.prvCopyDataToQueue                     0x080009a2   Section        0  queue.o(i.prvCopyDataToQueue)
    prvCopyDataToQueue                       0x080009a3   Thumb Code   126  queue.o(i.prvCopyDataToQueue)
    i.prvDeleteTCB                           0x08000a20   Section        0  tasks.o(i.prvDeleteTCB)
    prvDeleteTCB                             0x08000a21   Thumb Code    18  tasks.o(i.prvDeleteTCB)
    i.prvGetNextExpireTime                   0x08000a34   Section        0  timers.o(i.prvGetNextExpireTime)
    prvGetNextExpireTime                     0x08000a35   Thumb Code    36  timers.o(i.prvGetNextExpireTime)
    i.prvIdleTask                            0x08000a5c   Section        0  tasks.o(i.prvIdleTask)
    prvIdleTask                              0x08000a5d   Thumb Code    20  tasks.o(i.prvIdleTask)
    i.prvInitialiseNewQueue                  0x08000a74   Section        0  queue.o(i.prvInitialiseNewQueue)
    prvInitialiseNewQueue                    0x08000a75   Thumb Code    46  queue.o(i.prvInitialiseNewQueue)
    i.prvInitialiseNewTask                   0x08000aa2   Section        0  tasks.o(i.prvInitialiseNewTask)
    prvInitialiseNewTask                     0x08000aa3   Thumb Code   178  tasks.o(i.prvInitialiseNewTask)
    i.prvInitialiseTaskLists                 0x08000b54   Section        0  tasks.o(i.prvInitialiseTaskLists)
    prvInitialiseTaskLists                   0x08000b55   Thumb Code    70  tasks.o(i.prvInitialiseTaskLists)
    i.prvInsertTimerInActiveList             0x08000bbc   Section        0  timers.o(i.prvInsertTimerInActiveList)
    prvInsertTimerInActiveList               0x08000bbd   Thumb Code    80  timers.o(i.prvInsertTimerInActiveList)
    i.prvIsQueueEmpty                        0x08000c14   Section        0  queue.o(i.prvIsQueueEmpty)
    prvIsQueueEmpty                          0x08000c15   Thumb Code    26  queue.o(i.prvIsQueueEmpty)
    i.prvIsQueueFull                         0x08000c2e   Section        0  queue.o(i.prvIsQueueFull)
    prvIsQueueFull                           0x08000c2f   Thumb Code    30  queue.o(i.prvIsQueueFull)
    i.prvNotifyQueueSetContainer             0x08000c4c   Section        0  queue.o(i.prvNotifyQueueSetContainer)
    prvNotifyQueueSetContainer               0x08000c4d   Thumb Code   124  queue.o(i.prvNotifyQueueSetContainer)
    i.prvProcessExpiredTimer                 0x08000cc8   Section        0  timers.o(i.prvProcessExpiredTimer)
    prvProcessExpiredTimer                   0x08000cc9   Thumb Code    94  timers.o(i.prvProcessExpiredTimer)
    i.prvProcessReceivedCommands             0x08000d2c   Section        0  timers.o(i.prvProcessReceivedCommands)
    prvProcessReceivedCommands               0x08000d2d   Thumb Code   274  timers.o(i.prvProcessReceivedCommands)
    i.prvProcessTimerOrBlockTask             0x08000e44   Section        0  timers.o(i.prvProcessTimerOrBlockTask)
    prvProcessTimerOrBlockTask               0x08000e45   Thumb Code    90  timers.o(i.prvProcessTimerOrBlockTask)
    i.prvResetNextTaskUnblockTime            0x08000ea8   Section        0  tasks.o(i.prvResetNextTaskUnblockTime)
    prvResetNextTaskUnblockTime              0x08000ea9   Thumb Code    40  tasks.o(i.prvResetNextTaskUnblockTime)
    i.prvSampleTimeNow                       0x08000ed8   Section        0  timers.o(i.prvSampleTimeNow)
    prvSampleTimeNow                         0x08000ed9   Thumb Code    40  timers.o(i.prvSampleTimeNow)
    i.prvSwitchTimerLists                    0x08000f04   Section        0  timers.o(i.prvSwitchTimerLists)
    prvSwitchTimerLists                      0x08000f05   Thumb Code   138  timers.o(i.prvSwitchTimerLists)
    i.prvTaskExitError                       0x08000f98   Section        0  port.o(i.prvTaskExitError)
    prvTaskExitError                         0x08000f99   Thumb Code    28  port.o(i.prvTaskExitError)
    i.prvTimerTask                           0x08000fb8   Section        0  timers.o(i.prvTimerTask)
    prvTimerTask                             0x08000fb9   Thumb Code    26  timers.o(i.prvTimerTask)
    i.prvUnlockQueue                         0x08000fd2   Section        0  queue.o(i.prvUnlockQueue)
    prvUnlockQueue                           0x08000fd3   Thumb Code   144  queue.o(i.prvUnlockQueue)
    i.pvPortMalloc                           0x08001064   Section        0  heap_1.o(i.pvPortMalloc)
    i.pxPortInitialiseStack                  0x080010d4   Section        0  port.o(i.pxPortInitialiseStack)
    i.uxListRemove                           0x080010f4   Section        0  list.o(i.uxListRemove)
    i.vListInitialise                        0x0800111c   Section        0  list.o(i.vListInitialise)
    i.vListInitialiseItem                    0x08001136   Section        0  list.o(i.vListInitialiseItem)
    i.vListInsert                            0x0800113c   Section        0  list.o(i.vListInsert)
    i.vListInsertEnd                         0x08001170   Section        0  list.o(i.vListInsertEnd)
    i.vPortEnterCritical                     0x08001188   Section        0  port.o(i.vPortEnterCritical)
    i.vPortExitCritical                      0x080011a4   Section        0  port.o(i.vPortExitCritical)
    i.vPortFree                              0x080011c8   Section        0  heap_1.o(i.vPortFree)
    i.vPortSetupTimerInterrupt               0x080011dc   Section        0  port.o(i.vPortSetupTimerInterrupt)
    i.vPortYield                             0x080011f4   Section        0  port.o(i.vPortYield)
    i.vQueueAddToRegistry                    0x0800120c   Section        0  queue.o(i.vQueueAddToRegistry)
    i.vQueueWaitForMessageRestricted         0x08001238   Section        0  queue.o(i.vQueueWaitForMessageRestricted)
    i.vTaskDelay                             0x08001284   Section        0  tasks.o(i.vTaskDelay)
    i.vTaskDimmingLED                        0x080012c0   Section        0  main.o(i.vTaskDimmingLED)
    i.vTaskInternalSetTimeOutState           0x080012e0   Section        0  tasks.o(i.vTaskInternalSetTimeOutState)
    i.vTaskMissedYield                       0x080012f8   Section        0  tasks.o(i.vTaskMissedYield)
    i.vTaskPlaceOnEventList                  0x08001304   Section        0  tasks.o(i.vTaskPlaceOnEventList)
    i.vTaskPlaceOnEventListRestricted        0x0800132c   Section        0  tasks.o(i.vTaskPlaceOnEventListRestricted)
    i.vTaskStartScheduler                    0x0800135c   Section        0  tasks.o(i.vTaskStartScheduler)
    i.vTaskSuspendAll                        0x080013d0   Section        0  tasks.o(i.vTaskSuspendAll)
    i.vTaskSwitchContext                     0x080013e0   Section        0  tasks.o(i.vTaskSwitchContext)
    i.xPortStartScheduler                    0x08001460   Section        0  port.o(i.xPortStartScheduler)
    i.xQueueGenericCreate                    0x08001494   Section        0  queue.o(i.xQueueGenericCreate)
    i.xQueueGenericReset                     0x080014f0   Section        0  queue.o(i.xQueueGenericReset)
    i.xQueueGenericSend                      0x08001566   Section        0  queue.o(i.xQueueGenericSend)
    i.xQueueGenericSendFromISR               0x080016c6   Section        0  queue.o(i.xQueueGenericSendFromISR)
    i.xQueueReceive                          0x080017a4   Section        0  queue.o(i.xQueueReceive)
    i.xTaskCheckForTimeOut                   0x080018c0   Section        0  tasks.o(i.xTaskCheckForTimeOut)
    i.xTaskCreate                            0x08001930   Section        0  tasks.o(i.xTaskCreate)
    i.xTaskGetSchedulerState                 0x08001990   Section        0  tasks.o(i.xTaskGetSchedulerState)
    i.xTaskGetTickCount                      0x080019b0   Section        0  tasks.o(i.xTaskGetTickCount)
    i.xTaskIncrementTick                     0x080019bc   Section        0  tasks.o(i.xTaskIncrementTick)
    i.xTaskPriorityDisinherit                0x08001af0   Section        0  tasks.o(i.xTaskPriorityDisinherit)
    i.xTaskRemoveFromEventList               0x08001b7c   Section        0  tasks.o(i.xTaskRemoveFromEventList)
    i.xTaskResumeAll                         0x08001c04   Section        0  tasks.o(i.xTaskResumeAll)
    i.xTimerCreateTimerTask                  0x08001ce8   Section        0  timers.o(i.xTimerCreateTimerTask)
    i.xTimerGenericCommand                   0x08001d2c   Section        0  timers.o(i.xTimerGenericCommand)
    .data                                    0x20000000   Section        8  heap_1.o(.data)
    xNextFreeByte                            0x20000000   Data           4  heap_1.o(.data)
    pucAlignedHeap                           0x20000004   Data           4  heap_1.o(.data)
    .data                                    0x20000008   Section        4  port.o(.data)
    uxCriticalNesting                        0x20000008   Data           4  port.o(.data)
    .data                                    0x2000000c   Section       60  tasks.o(.data)
    pxDelayedTaskList                        0x20000010   Data           4  tasks.o(.data)
    pxOverflowDelayedTaskList                0x20000014   Data           4  tasks.o(.data)
    uxDeletedTasksWaitingCleanUp             0x20000018   Data           4  tasks.o(.data)
    uxCurrentNumberOfTasks                   0x2000001c   Data           4  tasks.o(.data)
    xTickCount                               0x20000020   Data           4  tasks.o(.data)
    uxTopReadyPriority                       0x20000024   Data           4  tasks.o(.data)
    xSchedulerRunning                        0x20000028   Data           4  tasks.o(.data)
    xPendedTicks                             0x2000002c   Data           4  tasks.o(.data)
    xYieldPending                            0x20000030   Data           4  tasks.o(.data)
    xNumOfOverflows                          0x20000034   Data           4  tasks.o(.data)
    uxTaskNumber                             0x20000038   Data           4  tasks.o(.data)
    xNextTaskUnblockTime                     0x2000003c   Data           4  tasks.o(.data)
    xIdleTaskHandle                          0x20000040   Data           4  tasks.o(.data)
    uxSchedulerSuspended                     0x20000044   Data           4  tasks.o(.data)
    .data                                    0x20000048   Section       20  timers.o(.data)
    pxCurrentTimerList                       0x20000048   Data           4  timers.o(.data)
    pxOverflowTimerList                      0x2000004c   Data           4  timers.o(.data)
    xTimerQueue                              0x20000050   Data           4  timers.o(.data)
    xTimerTaskHandle                         0x20000054   Data           4  timers.o(.data)
    xLastTime                                0x20000058   Data           4  timers.o(.data)
    .bss                                     0x2000005c   Section    16384  heap_1.o(.bss)
    ucHeap                                   0x2000005c   Data       16384  heap_1.o(.bss)
    .bss                                     0x2000405c   Section       64  queue.o(.bss)
    .bss                                     0x2000409c   Section      200  tasks.o(.bss)
    pxReadyTasksLists                        0x2000409c   Data         100  tasks.o(.bss)
    xDelayedTaskList1                        0x20004100   Data          20  tasks.o(.bss)
    xDelayedTaskList2                        0x20004114   Data          20  tasks.o(.bss)
    xPendingReadyList                        0x20004128   Data          20  tasks.o(.bss)
    xTasksWaitingTermination                 0x2000413c   Data          20  tasks.o(.bss)
    xSuspendedTaskList                       0x20004150   Data          20  tasks.o(.bss)
    .bss                                     0x20004164   Section       40  timers.o(.bss)
    xActiveTimerList1                        0x20004164   Data          20  timers.o(.bss)
    xActiveTimerList2                        0x20004178   Data          20  timers.o(.bss)
    .bss                                     0x2000418c   Section       96  libspace.o(.bss)
    HEAP                                     0x200041f0   Section      512  startup_stm32f10x_md.o(HEAP)
    Heap_Mem                                 0x200041f0   Data         512  startup_stm32f10x_md.o(HEAP)
    STACK                                    0x200043f0   Section     1024  startup_stm32f10x_md.o(STACK)
    Stack_Mem                                0x200043f0   Data        1024  startup_stm32f10x_md.o(STACK)
    __initial_sp                             0x200047f0   Data           0  startup_stm32f10x_md.o(STACK)

    Global Symbols

    Symbol Name                              Value     Ov Type        Size  Object(Section)

    BuildAttributes$$THM_ISAv4$P$D$K$B$S$PE$A:L22UL41UL21$X:L11$S22US41US21$IEEE1$IW$USESV6$~STKCKD$USESV7$~SHL$OSPACE$ROPI$EBA8$UX$STANDARDLIB$REQ8$PRES8$EABIv2 0x00000000   Number         0  anon$$obj.o ABSOLUTE
    __ARM_use_no_argv                        0x00000000   Number         0  main.o ABSOLUTE
    __ARM_exceptions_init                     - Undefined Weak Reference
    __alloca_initialize                       - Undefined Weak Reference
    __arm_fini_                               - Undefined Weak Reference
    __arm_preinit_                            - Undefined Weak Reference
    __cpp_initialize__aeabi_                  - Undefined Weak Reference
    __cxa_finalize                            - Undefined Weak Reference
    __rt_locale                               - Undefined Weak Reference
    __sigvec_lookup                           - Undefined Weak Reference
    _atexit_init                              - Undefined Weak Reference
    _call_atexit_fns                          - Undefined Weak Reference
    _clock_init                               - Undefined Weak Reference
    _fp_trap_init                             - Undefined Weak Reference
    _fp_trap_shutdown                         - Undefined Weak Reference
    _get_lc_collate                           - Undefined Weak Reference
    _get_lc_ctype                             - Undefined Weak Reference
    _get_lc_monetary                          - Undefined Weak Reference
    _get_lc_numeric                           - Undefined Weak Reference
    _get_lc_time                              - Undefined Weak Reference
    _getenv_init                              - Undefined Weak Reference
    _handle_redirection                       - Undefined Weak Reference
    _init_alloc                               - Undefined Weak Reference
    _init_user_alloc                          - Undefined Weak Reference
    _initio                                   - Undefined Weak Reference
    _rand_init                                - Undefined Weak Reference
    _signal_finish                            - Undefined Weak Reference
    _signal_init                              - Undefined Weak Reference
    _terminate_alloc                          - Undefined Weak Reference
    _terminate_user_alloc                     - Undefined Weak Reference
    _terminateio                              - Undefined Weak Reference
    __Vectors_Size                           0x000000ec   Number         0  startup_stm32f10x_md.o ABSOLUTE
    __Vectors                                0x08000000   Data           4  startup_stm32f10x_md.o(RESET)
    __Vectors_End                            0x080000ec   Data           0  startup_stm32f10x_md.o(RESET)
    __main                                   0x080000ed   Thumb Code     8  __main.o(!!!main)
    __scatterload                            0x080000f5   Thumb Code     0  __scatter.o(!!!scatter)
    __scatterload_rt2                        0x080000f5   Thumb Code    44  __scatter.o(!!!scatter)
    __scatterload_rt2_thumb_only             0x080000f5   Thumb Code     0  __scatter.o(!!!scatter)
    __scatterload_null                       0x08000103   Thumb Code     0  __scatter.o(!!!scatter)
    __scatterload_copy                       0x08000129   Thumb Code    26  __scatter_copy.o(!!handler_copy)
    __scatterload_zeroinit                   0x08000145   Thumb Code    28  __scatter_zi.o(!!handler_zi)
    __rt_lib_init                            0x08000161   Thumb Code     0  libinit.o(.ARM.Collect$$libinit$$00000000)
    __rt_lib_init_alloca_1                   0x08000163   Thumb Code     0  libinit2.o(.ARM.Collect$$libinit$$0000002E)
    __rt_lib_init_argv_1                     0x08000163   Thumb Code     0  libinit2.o(.ARM.Collect$$libinit$$0000002C)
    __rt_lib_init_atexit_1                   0x08000163   Thumb Code     0  libinit2.o(.ARM.Collect$$libinit$$0000001B)
    __rt_lib_init_clock_1                    0x08000163   Thumb Code     0  libinit2.o(.ARM.Collect$$libinit$$00000021)
    __rt_lib_init_cpp_1                      0x08000163   Thumb Code     0  libinit2.o(.ARM.Collect$$libinit$$00000032)
    __rt_lib_init_exceptions_1               0x08000163   Thumb Code     0  libinit2.o(.ARM.Collect$$libinit$$00000030)
    __rt_lib_init_fp_1                       0x08000163   Thumb Code     0  libinit2.o(.ARM.Collect$$libinit$$00000002)
    __rt_lib_init_fp_trap_1                  0x08000163   Thumb Code     0  libinit2.o(.ARM.Collect$$libinit$$0000001F)
    __rt_lib_init_getenv_1                   0x08000163   Thumb Code     0  libinit2.o(.ARM.Collect$$libinit$$00000023)
    __rt_lib_init_heap_1                     0x08000163   Thumb Code     0  libinit2.o(.ARM.Collect$$libinit$$0000000A)
    __rt_lib_init_lc_collate_1               0x08000163   Thumb Code     0  libinit2.o(.ARM.Collect$$libinit$$00000011)
    __rt_lib_init_lc_ctype_1                 0x08000163   Thumb Code     0  libinit2.o(.ARM.Collect$$libinit$$00000013)
    __rt_lib_init_lc_monetary_1              0x08000163   Thumb Code     0  libinit2.o(.ARM.Collect$$libinit$$00000015)
    __rt_lib_init_lc_numeric_1               0x08000163   Thumb Code     0  libinit2.o(.ARM.Collect$$libinit$$00000017)
    __rt_lib_init_lc_time_1                  0x08000163   Thumb Code     0  libinit2.o(.ARM.Collect$$libinit$$00000019)
    __rt_lib_init_preinit_1                  0x08000163   Thumb Code     0  libinit2.o(.ARM.Collect$$libinit$$00000004)
    __rt_lib_init_rand_1                     0x08000163   Thumb Code     0  libinit2.o(.ARM.Collect$$libinit$$0000000E)
    __rt_lib_init_return                     0x08000163   Thumb Code     0  libinit2.o(.ARM.Collect$$libinit$$00000033)
    __rt_lib_init_signal_1                   0x08000163   Thumb Code     0  libinit2.o(.ARM.Collect$$libinit$$0000001D)
    __rt_lib_init_stdio_1                    0x08000163   Thumb Code     0  libinit2.o(.ARM.Collect$$libinit$$00000025)
    __rt_lib_init_user_alloc_1               0x08000163   Thumb Code     0  libinit2.o(.ARM.Collect$$libinit$$0000000C)
    __rt_lib_shutdown                        0x08000165   Thumb Code     0  libshutdown.o(.ARM.Collect$$libshutdown$$00000000)
    __rt_lib_shutdown_cpp_1                  0x08000167   Thumb Code     0  libshutdown2.o(.ARM.Collect$$libshutdown$$00000004)
    __rt_lib_shutdown_fini_1                 0x08000167   Thumb Code     0  libshutdown2.o(.ARM.Collect$$libshutdown$$00000002)
    __rt_lib_shutdown_fp_trap_1              0x08000167   Thumb Code     0  libshutdown2.o(.ARM.Collect$$libshutdown$$00000009)
    __rt_lib_shutdown_heap_1                 0x08000167   Thumb Code     0  libshutdown2.o(.ARM.Collect$$libshutdown$$00000011)
    __rt_lib_shutdown_return                 0x08000167   Thumb Code     0  libshutdown2.o(.ARM.Collect$$libshutdown$$00000012)
    __rt_lib_shutdown_signal_1               0x08000167   Thumb Code     0  libshutdown2.o(.ARM.Collect$$libshutdown$$0000000C)
    __rt_lib_shutdown_stdio_1                0x08000167   Thumb Code     0  libshutdown2.o(.ARM.Collect$$libshutdown$$00000006)
    __rt_lib_shutdown_user_alloc_1           0x08000167   Thumb Code     0  libshutdown2.o(.ARM.Collect$$libshutdown$$0000000E)
    __rt_entry                               0x08000169   Thumb Code     0  __rtentry.o(.ARM.Collect$$rtentry$$00000000)
    __rt_entry_presh_1                       0x08000169   Thumb Code     0  __rtentry2.o(.ARM.Collect$$rtentry$$00000002)
    __rt_entry_sh                            0x08000169   Thumb Code     0  __rtentry4.o(.ARM.Collect$$rtentry$$00000004)
    __rt_entry_li                            0x0800016f   Thumb Code     0  __rtentry2.o(.ARM.Collect$$rtentry$$0000000A)
    __rt_entry_postsh_1                      0x0800016f   Thumb Code     0  __rtentry2.o(.ARM.Collect$$rtentry$$00000009)
    __rt_entry_main                          0x08000173   Thumb Code     0  __rtentry2.o(.ARM.Collect$$rtentry$$0000000D)
    __rt_entry_postli_1                      0x08000173   Thumb Code     0  __rtentry2.o(.ARM.Collect$$rtentry$$0000000C)
    __rt_exit                                0x0800017b   Thumb Code     0  rtexit.o(.ARM.Collect$$rtexit$$00000000)
    __rt_exit_ls                             0x0800017d   Thumb Code     0  rtexit2.o(.ARM.Collect$$rtexit$$00000003)
    __rt_exit_prels_1                        0x0800017d   Thumb Code     0  rtexit2.o(.ARM.Collect$$rtexit$$00000002)
    __rt_exit_exit                           0x08000181   Thumb Code     0  rtexit2.o(.ARM.Collect$$rtexit$$00000004)
    __asm___6_port_c_39a90d8d__prvPortStartFirstTask 0x08000189   Thumb Code    36  port.o(.emb_text)
    ulSetInterruptMaskFromISR                0x080001b1   Thumb Code     8  port.o(.emb_text)
    vClearInterruptMaskFromISR               0x080001b9   Thumb Code     6  port.o(.emb_text)
    PendSV_Handler                           0x080001bf   Thumb Code    62  port.o(.emb_text)
    Reset_Handler                            0x08000201   Thumb Code     8  startup_stm32f10x_md.o(.text)
    NMI_Handler                              0x08000209   Thumb Code     2  startup_stm32f10x_md.o(.text)
    HardFault_Handler                        0x0800020b   Thumb Code     2  startup_stm32f10x_md.o(.text)
    MemManage_Handler                        0x0800020d   Thumb Code     2  startup_stm32f10x_md.o(.text)
    BusFault_Handler                         0x0800020f   Thumb Code     2  startup_stm32f10x_md.o(.text)
    UsageFault_Handler                       0x08000211   Thumb Code     2  startup_stm32f10x_md.o(.text)
    SVC_Handler                              0x08000213   Thumb Code     2  startup_stm32f10x_md.o(.text)
    DebugMon_Handler                         0x08000215   Thumb Code     2  startup_stm32f10x_md.o(.text)
    ADC1_2_IRQHandler                        0x0800021b   Thumb Code     0  startup_stm32f10x_md.o(.text)
    CAN1_RX1_IRQHandler                      0x0800021b   Thumb Code     0  startup_stm32f10x_md.o(.text)
    CAN1_SCE_IRQHandler                      0x0800021b   Thumb Code     0  startup_stm32f10x_md.o(.text)
    DMA1_Channel1_IRQHandler                 0x0800021b   Thumb Code     0  startup_stm32f10x_md.o(.text)
    DMA1_Channel2_IRQHandler                 0x0800021b   Thumb Code     0  startup_stm32f10x_md.o(.text)
    DMA1_Channel3_IRQHandler                 0x0800021b   Thumb Code     0  startup_stm32f10x_md.o(.text)
    DMA1_Channel4_IRQHandler                 0x0800021b   Thumb Code     0  startup_stm32f10x_md.o(.text)
    DMA1_Channel5_IRQHandler                 0x0800021b   Thumb Code     0  startup_stm32f10x_md.o(.text)
    DMA1_Channel6_IRQHandler                 0x0800021b   Thumb Code     0  startup_stm32f10x_md.o(.text)
    DMA1_Channel7_IRQHandler                 0x0800021b   Thumb Code     0  startup_stm32f10x_md.o(.text)
    EXTI0_IRQHandler                         0x0800021b   Thumb Code     0  startup_stm32f10x_md.o(.text)
    EXTI15_10_IRQHandler                     0x0800021b   Thumb Code     0  startup_stm32f10x_md.o(.text)
    EXTI1_IRQHandler                         0x0800021b   Thumb Code     0  startup_stm32f10x_md.o(.text)
    EXTI2_IRQHandler                         0x0800021b   Thumb Code     0  startup_stm32f10x_md.o(.text)
    EXTI3_IRQHandler                         0x0800021b   Thumb Code     0  startup_stm32f10x_md.o(.text)
    EXTI4_IRQHandler                         0x0800021b   Thumb Code     0  startup_stm32f10x_md.o(.text)
    EXTI9_5_IRQHandler                       0x0800021b   Thumb Code     0  startup_stm32f10x_md.o(.text)
    FLASH_IRQHandler                         0x0800021b   Thumb Code     0  startup_stm32f10x_md.o(.text)
    I2C1_ER_IRQHandler                       0x0800021b   Thumb Code     0  startup_stm32f10x_md.o(.text)
    I2C1_EV_IRQHandler                       0x0800021b   Thumb Code     0  startup_stm32f10x_md.o(.text)
    I2C2_ER_IRQHandler                       0x0800021b   Thumb Code     0  startup_stm32f10x_md.o(.text)
    I2C2_EV_IRQHandler                       0x0800021b   Thumb Code     0  startup_stm32f10x_md.o(.text)
    PVD_IRQHandler                           0x0800021b   Thumb Code     0  startup_stm32f10x_md.o(.text)
    RCC_IRQHandler                           0x0800021b   Thumb Code     0  startup_stm32f10x_md.o(.text)
    RTCAlarm_IRQHandler                      0x0800021b   Thumb Code     0  startup_stm32f10x_md.o(.text)
    RTC_IRQHandler                           0x0800021b   Thumb Code     0  startup_stm32f10x_md.o(.text)
    SPI1_IRQHandler                          0x0800021b   Thumb Code     0  startup_stm32f10x_md.o(.text)
    SPI2_IRQHandler                          0x0800021b   Thumb Code     0  startup_stm32f10x_md.o(.text)
    TAMPER_IRQHandler                        0x0800021b   Thumb Code     0  startup_stm32f10x_md.o(.text)
    TIM1_BRK_IRQHandler                      0x0800021b   Thumb Code     0  startup_stm32f10x_md.o(.text)
    TIM1_CC_IRQHandler                       0x0800021b   Thumb Code     0  startup_stm32f10x_md.o(.text)
    TIM1_TRG_COM_IRQHandler                  0x0800021b   Thumb Code     0  startup_stm32f10x_md.o(.text)
    TIM1_UP_IRQHandler                       0x0800021b   Thumb Code     0  startup_stm32f10x_md.o(.text)
    TIM2_IRQHandler                          0x0800021b   Thumb Code     0  startup_stm32f10x_md.o(.text)
    TIM3_IRQHandler                          0x0800021b   Thumb Code     0  startup_stm32f10x_md.o(.text)
    TIM4_IRQHandler                          0x0800021b   Thumb Code     0  startup_stm32f10x_md.o(.text)
    USART1_IRQHandler                        0x0800021b   Thumb Code     0  startup_stm32f10x_md.o(.text)
    USART2_IRQHandler                        0x0800021b   Thumb Code     0  startup_stm32f10x_md.o(.text)
    USART3_IRQHandler                        0x0800021b   Thumb Code     0  startup_stm32f10x_md.o(.text)
    USBWakeUp_IRQHandler                     0x0800021b   Thumb Code     0  startup_stm32f10x_md.o(.text)
    USB_HP_CAN1_TX_IRQHandler                0x0800021b   Thumb Code     0  startup_stm32f10x_md.o(.text)
    USB_LP_CAN1_RX0_IRQHandler               0x0800021b   Thumb Code     0  startup_stm32f10x_md.o(.text)
    WWDG_IRQHandler                          0x0800021b   Thumb Code     0  startup_stm32f10x_md.o(.text)
    __user_initial_stackheap                 0x0800021d   Thumb Code     0  startup_stm32f10x_md.o(.text)
    __aeabi_memcpy                           0x08000241   Thumb Code     0  rt_memcpy_v6.o(.text)
    __rt_memcpy                              0x08000241   Thumb Code   138  rt_memcpy_v6.o(.text)
    _memcpy_lastbytes                        0x080002a7   Thumb Code     0  rt_memcpy_v6.o(.text)
    __aeabi_memset                           0x080002cb   Thumb Code    16  aeabi_memset.o(.text)
    __aeabi_memclr4                          0x080002db   Thumb Code     0  rt_memclr_w.o(.text)
    __aeabi_memclr8                          0x080002db   Thumb Code     0  rt_memclr_w.o(.text)
    __rt_memclr_w                            0x080002db   Thumb Code    78  rt_memclr_w.o(.text)
    _memset_w                                0x080002df   Thumb Code     0  rt_memclr_w.o(.text)
    __use_two_region_memory                  0x08000329   Thumb Code     2  heapauxi.o(.text)
    __rt_heap_escrow$2region                 0x0800032b   Thumb Code     2  heapauxi.o(.text)
    __rt_heap_expand$2region                 0x0800032d   Thumb Code     2  heapauxi.o(.text)
    __aeabi_memcpy4                          0x0800032f   Thumb Code     0  rt_memcpy_w.o(.text)
    __aeabi_memcpy8                          0x0800032f   Thumb Code     0  rt_memcpy_w.o(.text)
    __rt_memcpy_w                            0x0800032f   Thumb Code   100  rt_memcpy_w.o(.text)
    _memcpy_lastbytes_aligned                0x08000377   Thumb Code     0  rt_memcpy_w.o(.text)
    __aeabi_memclr                           0x08000393   Thumb Code     0  rt_memclr.o(.text)
    __rt_memclr                              0x08000393   Thumb Code    68  rt_memclr.o(.text)
    _memset                                  0x08000397   Thumb Code     0  rt_memclr.o(.text)
    __user_setup_stackheap                   0x080003d7   Thumb Code    74  sys_stackheap_outer.o(.text)
    exit                                     0x08000421   Thumb Code    18  exit.o(.text)
    __user_libspace                          0x08000435   Thumb Code     8  libspace.o(.text)
    __user_perproc_libspace                  0x08000435   Thumb Code     0  libspace.o(.text)
    __user_perthread_libspace                0x08000435   Thumb Code     0  libspace.o(.text)
    _sys_exit                                0x0800043d   Thumb Code     8  sys_exit.o(.text)
    __I$use$semihosting                      0x08000449   Thumb Code     0  use_no_semi.o(.text)
    __use_no_semihosting_swi                 0x08000449   Thumb Code     2  use_no_semi.o(.text)
    __semihosting_library_function           0x0800044b   Thumb Code     0  indicate_semi.o(.text)
    InitGPIO                                 0x0800044d   Thumb Code    56  initgpio.o(i.InitGPIO)
    InitRCC                                  0x0800048d   Thumb Code   144  initrcc.o(i.InitRCC)
    InitSWD                                  0x08000525   Thumb Code    48  initswd.o(i.InitSWD)
    InitTIM                                  0x08000561   Thumb Code   118  inittim.o(i.InitTIM)
    SysTick_Handler                          0x080006c9   Thumb Code    30  port.o(i.SysTick_Handler)
    SystemInit                               0x080006ed   Thumb Code    78  system_stm32f10x.o(i.SystemInit)
    main                                     0x0800074d   Thumb Code    64  main.o(i.main)
    pvPortMalloc                             0x08001065   Thumb Code    98  heap_1.o(i.pvPortMalloc)
    pxPortInitialiseStack                    0x080010d5   Thumb Code    26  port.o(i.pxPortInitialiseStack)
    uxListRemove                             0x080010f5   Thumb Code    40  list.o(i.uxListRemove)
    vListInitialise                          0x0800111d   Thumb Code    26  list.o(i.vListInitialise)
    vListInitialiseItem                      0x08001137   Thumb Code     6  list.o(i.vListInitialiseItem)
    vListInsert                              0x0800113d   Thumb Code    52  list.o(i.vListInsert)
    vListInsertEnd                           0x08001171   Thumb Code    24  list.o(i.vListInsertEnd)
    vPortEnterCritical                       0x08001189   Thumb Code    22  port.o(i.vPortEnterCritical)
    vPortExitCritical                        0x080011a5   Thumb Code    32  port.o(i.vPortExitCritical)
    vPortFree                                0x080011c9   Thumb Code    18  heap_1.o(i.vPortFree)
    vPortSetupTimerInterrupt                 0x080011dd   Thumb Code    20  port.o(i.vPortSetupTimerInterrupt)
    vPortYield                               0x080011f5   Thumb Code    18  port.o(i.vPortYield)
    vQueueAddToRegistry                      0x0800120d   Thumb Code    38  queue.o(i.vQueueAddToRegistry)
    vQueueWaitForMessageRestricted           0x08001239   Thumb Code    74  queue.o(i.vQueueWaitForMessageRestricted)
    vTaskDelay                               0x08001285   Thumb Code    54  tasks.o(i.vTaskDelay)
    vTaskDimmingLED                          0x080012c1   Thumb Code    32  main.o(i.vTaskDimmingLED)
    vTaskInternalSetTimeOutState             0x080012e1   Thumb Code    14  tasks.o(i.vTaskInternalSetTimeOutState)
    vTaskMissedYield                         0x080012f9   Thumb Code     8  tasks.o(i.vTaskMissedYield)
    vTaskPlaceOnEventList                    0x08001305   Thumb Code    36  tasks.o(i.vTaskPlaceOnEventList)
    vTaskPlaceOnEventListRestricted          0x0800132d   Thumb Code    44  tasks.o(i.vTaskPlaceOnEventListRestricted)
    vTaskStartScheduler                      0x0800135d   Thumb Code    86  tasks.o(i.vTaskStartScheduler)
    vTaskSuspendAll                          0x080013d1   Thumb Code    12  tasks.o(i.vTaskSuspendAll)
    vTaskSwitchContext                       0x080013e1   Thumb Code   106  tasks.o(i.vTaskSwitchContext)
    xPortStartScheduler                      0x08001461   Thumb Code    42  port.o(i.xPortStartScheduler)
    xQueueGenericCreate                      0x08001495   Thumb Code    92  queue.o(i.xQueueGenericCreate)
    xQueueGenericReset                       0x080014f1   Thumb Code   118  queue.o(i.xQueueGenericReset)
    xQueueGenericSend                        0x08001567   Thumb Code   352  queue.o(i.xQueueGenericSend)
    xQueueGenericSendFromISR                 0x080016c7   Thumb Code   222  queue.o(i.xQueueGenericSendFromISR)
    xQueueReceive                            0x080017a5   Thumb Code   284  queue.o(i.xQueueReceive)
    xTaskCheckForTimeOut                     0x080018c1   Thumb Code   104  tasks.o(i.xTaskCheckForTimeOut)
    xTaskCreate                              0x08001931   Thumb Code    96  tasks.o(i.xTaskCreate)
    xTaskGetSchedulerState                   0x08001991   Thumb Code    24  tasks.o(i.xTaskGetSchedulerState)
    xTaskGetTickCount                        0x080019b1   Thumb Code     6  tasks.o(i.xTaskGetTickCount)
    xTaskIncrementTick                       0x080019bd   Thumb Code   264  tasks.o(i.xTaskIncrementTick)
    xTaskPriorityDisinherit                  0x08001af1   Thumb Code   128  tasks.o(i.xTaskPriorityDisinherit)
    xTaskRemoveFromEventList                 0x08001b7d   Thumb Code   110  tasks.o(i.xTaskRemoveFromEventList)
    xTaskResumeAll                           0x08001c05   Thumb Code   196  tasks.o(i.xTaskResumeAll)
    xTimerCreateTimerTask                    0x08001ce9   Thumb Code    48  timers.o(i.xTimerCreateTimerTask)
    xTimerGenericCommand                     0x08001d2d   Thumb Code   110  timers.o(i.xTimerGenericCommand)
    Region$$Table$$Base                      0x08001da0   Number         0  anon$$obj.o(Region$$Table)
    Region$$Table$$Limit                     0x08001dc0   Number         0  anon$$obj.o(Region$$Table)
    pxCurrentTCB                             0x2000000c   Data           4  tasks.o(.data)
    xQueueRegistry                           0x2000405c   Data          64  queue.o(.bss)
    __libspace_start                         0x2000418c   Data          96  libspace.o(.bss)
    __temporary_stack_top$libspace           0x200041ec   Data           0  libspace.o(.bss)



==============================================================================

Memory Map of the image

  Image Entry point : 0x08000201

  Load Region LR_1 (Base: 0x08000000, Size: 0x00001e1c, Max: 0xffffffff, ABSOLUTE)

    Execution Region ER_RO (Exec base: 0x08000000, Load base: 0x08000000, Size: 0x00001dc0, Max: 0xffffffff, ABSOLUTE)

    Exec Addr    Load Addr    Size         Type   Attr      Idx    E Section Name        Object

    0x08000000   0x08000000   0x000000ec   Data   RO            3    RESET               startup_stm32f10x_md.o
    0x080000ec   0x080000ec   0x00000008   Code   RO         1361  * !!!main             c_w.l(__main.o)
    0x080000f4   0x080000f4   0x00000034   Code   RO         1524    !!!scatter          c_w.l(__scatter.o)
    0x08000128   0x08000128   0x0000001a   Code   RO         1526    !!handler_copy      c_w.l(__scatter_copy.o)
    0x08000142   0x08000142   0x00000002   PAD
    0x08000144   0x08000144   0x0000001c   Code   RO         1528    !!handler_zi        c_w.l(__scatter_zi.o)
    0x08000160   0x08000160   0x00000002   Code   RO         1392    .ARM.Collect$$libinit$$00000000  c_w.l(libinit.o)
    0x08000162   0x08000162   0x00000000   Code   RO         1399    .ARM.Collect$$libinit$$00000002  c_w.l(libinit2.o)
    0x08000162   0x08000162   0x00000000   Code   RO         1401    .ARM.Collect$$libinit$$00000004  c_w.l(libinit2.o)
    0x08000162   0x08000162   0x00000000   Code   RO         1404    .ARM.Collect$$libinit$$0000000A  c_w.l(libinit2.o)
    0x08000162   0x08000162   0x00000000   Code   RO         1406    .ARM.Collect$$libinit$$0000000C  c_w.l(libinit2.o)
    0x08000162   0x08000162   0x00000000   Code   RO         1408    .ARM.Collect$$libinit$$0000000E  c_w.l(libinit2.o)
    0x08000162   0x08000162   0x00000000   Code   RO         1411    .ARM.Collect$$libinit$$00000011  c_w.l(libinit2.o)
    0x08000162   0x08000162   0x00000000   Code   RO         1413    .ARM.Collect$$libinit$$00000013  c_w.l(libinit2.o)
    0x08000162   0x08000162   0x00000000   Code   RO         1415    .ARM.Collect$$libinit$$00000015  c_w.l(libinit2.o)
    0x08000162   0x08000162   0x00000000   Code   RO         1417    .ARM.Collect$$libinit$$00000017  c_w.l(libinit2.o)
    0x08000162   0x08000162   0x00000000   Code   RO         1419    .ARM.Collect$$libinit$$00000019  c_w.l(libinit2.o)
    0x08000162   0x08000162   0x00000000   Code   RO         1421    .ARM.Collect$$libinit$$0000001B  c_w.l(libinit2.o)
    0x08000162   0x08000162   0x00000000   Code   RO         1423    .ARM.Collect$$libinit$$0000001D  c_w.l(libinit2.o)
    0x08000162   0x08000162   0x00000000   Code   RO         1425    .ARM.Collect$$libinit$$0000001F  c_w.l(libinit2.o)
    0x08000162   0x08000162   0x00000000   Code   RO         1427    .ARM.Collect$$libinit$$00000021  c_w.l(libinit2.o)
    0x08000162   0x08000162   0x00000000   Code   RO         1429    .ARM.Collect$$libinit$$00000023  c_w.l(libinit2.o)
    0x08000162   0x08000162   0x00000000   Code   RO         1431    .ARM.Collect$$libinit$$00000025  c_w.l(libinit2.o)
    0x08000162   0x08000162   0x00000000   Code   RO         1435    .ARM.Collect$$libinit$$0000002C  c_w.l(libinit2.o)
    0x08000162   0x08000162   0x00000000   Code   RO         1437    .ARM.Collect$$libinit$$0000002E  c_w.l(libinit2.o)
    0x08000162   0x08000162   0x00000000   Code   RO         1439    .ARM.Collect$$libinit$$00000030  c_w.l(libinit2.o)
    0x08000162   0x08000162   0x00000000   Code   RO         1441    .ARM.Collect$$libinit$$00000032  c_w.l(libinit2.o)
    0x08000162   0x08000162   0x00000002   Code   RO         1442    .ARM.Collect$$libinit$$00000033  c_w.l(libinit2.o)
    0x08000164   0x08000164   0x00000002   Code   RO         1462    .ARM.Collect$$libshutdown$$00000000  c_w.l(libshutdown.o)
    0x08000166   0x08000166   0x00000000   Code   RO         1475    .ARM.Collect$$libshutdown$$00000002  c_w.l(libshutdown2.o)
    0x08000166   0x08000166   0x00000000   Code   RO         1477    .ARM.Collect$$libshutdown$$00000004  c_w.l(libshutdown2.o)
    0x08000166   0x08000166   0x00000000   Code   RO         1479    .ARM.Collect$$libshutdown$$00000006  c_w.l(libshutdown2.o)
    0x08000166   0x08000166   0x00000000   Code   RO         1482    .ARM.Collect$$libshutdown$$00000009  c_w.l(libshutdown2.o)
    0x08000166   0x08000166   0x00000000   Code   RO         1485    .ARM.Collect$$libshutdown$$0000000C  c_w.l(libshutdown2.o)
    0x08000166   0x08000166   0x00000000   Code   RO         1487    .ARM.Collect$$libshutdown$$0000000E  c_w.l(libshutdown2.o)
    0x08000166   0x08000166   0x00000000   Code   RO         1490    .ARM.Collect$$libshutdown$$00000011  c_w.l(libshutdown2.o)
    0x08000166   0x08000166   0x00000002   Code   RO         1491    .ARM.Collect$$libshutdown$$00000012  c_w.l(libshutdown2.o)
    0x08000168   0x08000168   0x00000000   Code   RO         1363    .ARM.Collect$$rtentry$$00000000  c_w.l(__rtentry.o)
    0x08000168   0x08000168   0x00000000   Code   RO         1369    .ARM.Collect$$rtentry$$00000002  c_w.l(__rtentry2.o)
    0x08000168   0x08000168   0x00000006   Code   RO         1381    .ARM.Collect$$rtentry$$00000004  c_w.l(__rtentry4.o)
    0x0800016e   0x0800016e   0x00000000   Code   RO         1371    .ARM.Collect$$rtentry$$00000009  c_w.l(__rtentry2.o)
    0x0800016e   0x0800016e   0x00000004   Code   RO         1372    .ARM.Collect$$rtentry$$0000000A  c_w.l(__rtentry2.o)
    0x08000172   0x08000172   0x00000000   Code   RO         1374    .ARM.Collect$$rtentry$$0000000C  c_w.l(__rtentry2.o)
    0x08000172   0x08000172   0x00000008   Code   RO         1375    .ARM.Collect$$rtentry$$0000000D  c_w.l(__rtentry2.o)
    0x0800017a   0x0800017a   0x00000002   Code   RO         1396    .ARM.Collect$$rtexit$$00000000  c_w.l(rtexit.o)
    0x0800017c   0x0800017c   0x00000000   Code   RO         1444    .ARM.Collect$$rtexit$$00000002  c_w.l(rtexit2.o)
    0x0800017c   0x0800017c   0x00000004   Code   RO         1445    .ARM.Collect$$rtexit$$00000003  c_w.l(rtexit2.o)
    0x08000180   0x08000180   0x00000006   Code   RO         1446    .ARM.Collect$$rtexit$$00000004  c_w.l(rtexit2.o)
    0x08000186   0x08000186   0x00000002   PAD
    0x08000188   0x08000188   0x00000078   Code   RO          356    .emb_text           port.o
    0x08000200   0x08000200   0x00000040   Code   RO            4  * .text               startup_stm32f10x_md.o
    0x08000240   0x08000240   0x0000008a   Code   RO         1351    .text               c_w.l(rt_memcpy_v6.o)
    0x080002ca   0x080002ca   0x00000010   Code   RO         1355    .text               c_w.l(aeabi_memset.o)
    0x080002da   0x080002da   0x0000004e   Code   RO         1357    .text               c_w.l(rt_memclr_w.o)
    0x08000328   0x08000328   0x00000006   Code   RO         1359    .text               c_w.l(heapauxi.o)
    0x0800032e   0x0800032e   0x00000064   Code   RO         1364    .text               c_w.l(rt_memcpy_w.o)
    0x08000392   0x08000392   0x00000044   Code   RO         1366    .text               c_w.l(rt_memclr.o)
    0x080003d6   0x080003d6   0x0000004a   Code   RO         1383    .text               c_w.l(sys_stackheap_outer.o)
    0x08000420   0x08000420   0x00000012   Code   RO         1385    .text               c_w.l(exit.o)
    0x08000432   0x08000432   0x00000002   PAD
    0x08000434   0x08000434   0x00000008   Code   RO         1393    .text               c_w.l(libspace.o)
    0x0800043c   0x0800043c   0x0000000c   Code   RO         1454    .text               c_w.l(sys_exit.o)
    0x08000448   0x08000448   0x00000002   Code   RO         1465    .text               c_w.l(use_no_semi.o)
    0x0800044a   0x0800044a   0x00000000   Code   RO         1467    .text               c_w.l(indicate_semi.o)
    0x0800044a   0x0800044a   0x00000002   PAD
    0x0800044c   0x0800044c   0x00000040   Code   RO          155    i.InitGPIO          initgpio.o
    0x0800048c   0x0800048c   0x00000098   Code   RO          131    i.InitRCC           initrcc.o
    0x08000524   0x08000524   0x0000003c   Code   RO          143    i.InitSWD           initswd.o
    0x08000560   0x08000560   0x00000080   Code   RO          167    i.InitTIM           inittim.o
    0x080005e0   0x080005e0   0x00000008   Code   RO           10    i.SetSysClock       system_stm32f10x.o
    0x080005e8   0x080005e8   0x000000e0   Code   RO           11    i.SetSysClockTo72   system_stm32f10x.o
    0x080006c8   0x080006c8   0x00000024   Code   RO          357    i.SysTick_Handler   port.o
    0x080006ec   0x080006ec   0x00000060   Code   RO           13    i.SystemInit        system_stm32f10x.o
    0x0800074c   0x0800074c   0x0000005c   Code   RO           55    i.main              main.o
    0x080007a8   0x080007a8   0x0000007c   Code   RO          840    i.prvAddCurrentTaskToDelayedList  tasks.o
    0x08000824   0x08000824   0x000000a8   Code   RO          841    i.prvAddNewTaskToReadyList  tasks.o
    0x080008cc   0x080008cc   0x00000064   Code   RO         1204    i.prvCheckForValidListAndQueue  timers.o
    0x08000930   0x08000930   0x00000048   Code   RO          842    i.prvCheckTasksWaitingTermination  tasks.o
    0x08000978   0x08000978   0x0000002a   Code   RO          428    i.prvCopyDataFromQueue  queue.o
    0x080009a2   0x080009a2   0x0000007e   Code   RO          429    i.prvCopyDataToQueue  queue.o
    0x08000a20   0x08000a20   0x00000012   Code   RO          843    i.prvDeleteTCB      tasks.o
    0x08000a32   0x08000a32   0x00000002   PAD
    0x08000a34   0x08000a34   0x00000028   Code   RO         1205    i.prvGetNextExpireTime  timers.o
    0x08000a5c   0x08000a5c   0x00000018   Code   RO          844    i.prvIdleTask       tasks.o
    0x08000a74   0x08000a74   0x0000002e   Code   RO          432    i.prvInitialiseNewQueue  queue.o
    0x08000aa2   0x08000aa2   0x000000b2   Code   RO          845    i.prvInitialiseNewTask  tasks.o
    0x08000b54   0x08000b54   0x00000068   Code   RO          846    i.prvInitialiseTaskLists  tasks.o
    0x08000bbc   0x08000bbc   0x00000058   Code   RO         1207    i.prvInsertTimerInActiveList  timers.o
    0x08000c14   0x08000c14   0x0000001a   Code   RO          433    i.prvIsQueueEmpty   queue.o
    0x08000c2e   0x08000c2e   0x0000001e   Code   RO          434    i.prvIsQueueFull    queue.o
    0x08000c4c   0x08000c4c   0x0000007c   Code   RO          435    i.prvNotifyQueueSetContainer  queue.o
    0x08000cc8   0x08000cc8   0x00000064   Code   RO         1208    i.prvProcessExpiredTimer  timers.o
    0x08000d2c   0x08000d2c   0x00000118   Code   RO         1209    i.prvProcessReceivedCommands  timers.o
    0x08000e44   0x08000e44   0x00000064   Code   RO         1210    i.prvProcessTimerOrBlockTask  timers.o
    0x08000ea8   0x08000ea8   0x00000030   Code   RO          848    i.prvResetNextTaskUnblockTime  tasks.o
    0x08000ed8   0x08000ed8   0x0000002c   Code   RO         1211    i.prvSampleTimeNow  timers.o
    0x08000f04   0x08000f04   0x00000094   Code   RO         1212    i.prvSwitchTimerLists  timers.o
    0x08000f98   0x08000f98   0x00000020   Code   RO          358    i.prvTaskExitError  port.o
    0x08000fb8   0x08000fb8   0x0000001a   Code   RO         1213    i.prvTimerTask      timers.o
    0x08000fd2   0x08000fd2   0x00000090   Code   RO          436    i.prvUnlockQueue    queue.o
    0x08001062   0x08001062   0x00000002   PAD
    0x08001064   0x08001064   0x00000070   Code   RO          287    i.pvPortMalloc      heap_1.o
    0x080010d4   0x080010d4   0x00000020   Code   RO          359    i.pxPortInitialiseStack  port.o
    0x080010f4   0x080010f4   0x00000028   Code   RO          320    i.uxListRemove      list.o
    0x0800111c   0x0800111c   0x0000001a   Code   RO          321    i.vListInitialise   list.o
    0x08001136   0x08001136   0x00000006   Code   RO          322    i.vListInitialiseItem  list.o
    0x0800113c   0x0800113c   0x00000034   Code   RO          323    i.vListInsert       list.o
    0x08001170   0x08001170   0x00000018   Code   RO          324    i.vListInsertEnd    list.o
    0x08001188   0x08001188   0x0000001c   Code   RO          361    i.vPortEnterCritical  port.o
    0x080011a4   0x080011a4   0x00000024   Code   RO          362    i.vPortExitCritical  port.o
    0x080011c8   0x080011c8   0x00000012   Code   RO          288    i.vPortFree         heap_1.o
    0x080011da   0x080011da   0x00000002   PAD
    0x080011dc   0x080011dc   0x00000018   Code   RO          364    i.vPortSetupTimerInterrupt  port.o
    0x080011f4   0x080011f4   0x00000018   Code   RO          365    i.vPortYield        port.o
    0x0800120c   0x0800120c   0x0000002c   Code   RO          442    i.vQueueAddToRegistry  queue.o
    0x08001238   0x08001238   0x0000004a   Code   RO          446    i.vQueueWaitForMessageRestricted  queue.o
    0x08001282   0x08001282   0x00000002   PAD
    0x08001284   0x08001284   0x0000003c   Code   RO          860    i.vTaskDelay        tasks.o
    0x080012c0   0x080012c0   0x00000020   Code   RO           56    i.vTaskDimmingLED   main.o
    0x080012e0   0x080012e0   0x00000018   Code   RO          866    i.vTaskInternalSetTimeOutState  tasks.o
    0x080012f8   0x080012f8   0x0000000c   Code   RO          867    i.vTaskMissedYield  tasks.o
    0x08001304   0x08001304   0x00000028   Code   RO          868    i.vTaskPlaceOnEventList  tasks.o
    0x0800132c   0x0800132c   0x00000030   Code   RO          869    i.vTaskPlaceOnEventListRestricted  tasks.o
    0x0800135c   0x0800135c   0x00000074   Code   RO          877    i.vTaskStartScheduler  tasks.o
    0x080013d0   0x080013d0   0x00000010   Code   RO          879    i.vTaskSuspendAll   tasks.o
    0x080013e0   0x080013e0   0x00000080   Code   RO          880    i.vTaskSwitchContext  tasks.o
    0x08001460   0x08001460   0x00000034   Code   RO          366    i.xPortStartScheduler  port.o
    0x08001494   0x08001494   0x0000005c   Code   RO          451    i.xQueueGenericCreate  queue.o
    0x080014f0   0x080014f0   0x00000076   Code   RO          452    i.xQueueGenericReset  queue.o
    0x08001566   0x08001566   0x00000160   Code   RO          453    i.xQueueGenericSend  queue.o
    0x080016c6   0x080016c6   0x000000de   Code   RO          454    i.xQueueGenericSendFromISR  queue.o
    0x080017a4   0x080017a4   0x0000011c   Code   RO          461    i.xQueueReceive     queue.o
    0x080018c0   0x080018c0   0x00000070   Code   RO          882    i.xTaskCheckForTimeOut  tasks.o
    0x08001930   0x08001930   0x00000060   Code   RO          883    i.xTaskCreate       tasks.o
    0x08001990   0x08001990   0x00000020   Code   RO          889    i.xTaskGetSchedulerState  tasks.o
    0x080019b0   0x080019b0   0x0000000c   Code   RO          890    i.xTaskGetTickCount  tasks.o
    0x080019bc   0x080019bc   0x00000134   Code   RO          892    i.xTaskIncrementTick  tasks.o
    0x08001af0   0x08001af0   0x0000008c   Code   RO          893    i.xTaskPriorityDisinherit  tasks.o
    0x08001b7c   0x08001b7c   0x00000088   Code   RO          895    i.xTaskRemoveFromEventList  tasks.o
    0x08001c04   0x08001c04   0x000000e4   Code   RO          896    i.xTaskResumeAll    tasks.o
    0x08001ce8   0x08001ce8   0x00000044   Code   RO         1221    i.xTimerCreateTimerTask  timers.o
    0x08001d2c   0x08001d2c   0x00000074   Code   RO         1222    i.xTimerGenericCommand  timers.o
    0x08001da0   0x08001da0   0x00000020   Data   RO         1522    Region$$Table       anon$$obj.o


    Execution Region ER_RW (Exec base: 0x20000000, Load base: 0x08001dc0, Size: 0x0000005c, Max: 0xffffffff, ABSOLUTE)

    Exec Addr    Load Addr    Size         Type   Attr      Idx    E Section Name        Object

    0x20000000   0x08001dc0   0x00000008   Data   RW          292    .data               heap_1.o
    0x20000008   0x08001dc8   0x00000004   Data   RW          367    .data               port.o
    0x2000000c   0x08001dcc   0x0000003c   Data   RW          899    .data               tasks.o
    0x20000048   0x08001e08   0x00000014   Data   RW         1228    .data               timers.o


    Execution Region ER_ZI (Exec base: 0x2000005c, Load base: 0x08001e1c, Size: 0x00004794, Max: 0xffffffff, ABSOLUTE)

    Exec Addr    Load Addr    Size         Type   Attr      Idx    E Section Name        Object

    0x2000005c        -       0x00004000   Zero   RW          291    .bss                heap_1.o
    0x2000405c        -       0x00000040   Zero   RW          468    .bss                queue.o
    0x2000409c        -       0x000000c8   Zero   RW          898    .bss                tasks.o
    0x20004164        -       0x00000028   Zero   RW         1227    .bss                timers.o
    0x2000418c        -       0x00000060   Zero   RW         1394    .bss                c_w.l(libspace.o)
    0x200041ec   0x08001e1c   0x00000004   PAD
    0x200041f0        -       0x00000200   Zero   RW            2    HEAP                startup_stm32f10x_md.o
    0x200043f0        -       0x00000400   Zero   RW            1    STACK               startup_stm32f10x_md.o


==============================================================================

Image component sizes


      Code (inc. data)   RO Data    RW Data    ZI Data      Debug   Object Name

         0          0          0          0          0       1472   event_groups.o
       130         14          0          8      16384       1903   heap_1.o
        64          8          0          0          0        435   initgpio.o
       152          8          0          0          0        482   initrcc.o
        60         12          0          0          0        430   initswd.o
       128         10          0          0          0        462   inittim.o
       148          0          0          0          0       3190   list.o
       124         28          0          0          0      15609   main.o
       384         56          0          4          0       5893   port.o
      1724          6          0          0         64      15102   queue.o
        64         26        236          0       1536        848   startup_stm32f10x_md.o
       328         28          0          0          0       6445   system_stm32f10x.o
      2244        328          0         60        200      24750   tasks.o
      1110        112          0         20         40      11119   timers.o

    ----------------------------------------------------------------------
      6668        636        268         92      18224      88140   Object Totals
         0          0         32          0          0          0   (incl. Generated)
         8          0          0          0          0          0   (incl. Padding)

    ----------------------------------------------------------------------

      Code (inc. data)   RO Data    RW Data    ZI Data      Debug   Library Member Name

         8          0          0          0          0         68   __main.o
         0          0          0          0          0          0   __rtentry.o
        12          0          0          0          0          0   __rtentry2.o
         6          0          0          0          0          0   __rtentry4.o
        52          8          0          0          0          0   __scatter.o
        26          0          0          0          0          0   __scatter_copy.o
        28          0          0          0          0          0   __scatter_zi.o
        16          0          0          0          0         68   aeabi_memset.o
        18          0          0          0          0         80   exit.o
         6          0          0          0          0        152   heapauxi.o
         0          0          0          0          0          0   indicate_semi.o
         2          0          0          0          0          0   libinit.o
         2          0          0          0          0          0   libinit2.o
         2          0          0          0          0          0   libshutdown.o
         2          0          0          0          0          0   libshutdown2.o
         8          4          0          0         96         68   libspace.o
        68          0          0          0          0         68   rt_memclr.o
        78          0          0          0          0         80   rt_memclr_w.o
       138          0          0          0          0         68   rt_memcpy_v6.o
       100          0          0          0          0         80   rt_memcpy_w.o
         2          0          0          0          0          0   rtexit.o
        10          0          0          0          0          0   rtexit2.o
        12          4          0          0          0         68   sys_exit.o
        74          0          0          0          0         80   sys_stackheap_outer.o
         2          0          0          0          0         68   use_no_semi.o

    ----------------------------------------------------------------------
       680         16          0          0        100        948   Library Totals
         8          0          0          0          4          0   (incl. Padding)

    ----------------------------------------------------------------------

      Code (inc. data)   RO Data    RW Data    ZI Data      Debug   Library Name

       672         16          0          0         96        948   c_w.l

    ----------------------------------------------------------------------
       680         16          0          0        100        948   Library Totals

    ----------------------------------------------------------------------

==============================================================================


      Code (inc. data)   RO Data    RW Data    ZI Data      Debug   

      7348        652        268         92      18324      84976   Grand Totals
      7348        652        268         92      18324      84976   ELF Image Totals
      7348        652        268         92          0          0   ROM Totals

==============================================================================

    Total RO  Size (Code + RO Data)                 7616 (   7.44kB)
    Total RW  Size (RW Data + ZI Data)             18416 (  17.98kB)
    Total ROM Size (Code + RO Data + RW Data)       7708 (   7.53kB)

==============================================================================

