Component: ARM Compiler 5.06 update 7 (build 960) Tool: armlink [4d3601]

==============================================================================

Section Cross References

    startup_stm32f030.o(STACK) refers (Special) to heapauxi.o(.text) for __use_two_region_memory
    startup_stm32f030.o(HEAP) refers (Special) to heapauxi.o(.text) for __use_two_region_memory
    startup_stm32f030.o(RESET) refers (Special) to heapauxi.o(.text) for __use_two_region_memory
    startup_stm32f030.o(RESET) refers to startup_stm32f030.o(STACK) for __initial_sp
    startup_stm32f030.o(RESET) refers to startup_stm32f030.o(.text) for Reset_Handler
    startup_stm32f030.o(.text) refers (Special) to heapauxi.o(.text) for __use_two_region_memory
    startup_stm32f030.o(.text) refers to startup_stm32f030.o(STACK) for __initial_sp
    startup_stm32f030.o(.text) refers to system_stm32f0xx.o(i.SystemInit) for SystemInit
    startup_stm32f030.o(.text) refers to __main.o(!!!main) for __main
    startup_stm32f030.o(.text) refers to startup_stm32f030.o(HEAP) for Heap_Mem
    system_stm32f0xx.o(i.SystemCoreClockUpdate) refers to aeabi_sdiv.o(.text) for __aeabi_uidivmod
    system_stm32f0xx.o(i.SystemCoreClockUpdate) refers to system_stm32f0xx.o(.data) for SystemCoreClock
    system_stm32f0xx.o(i.SystemInit) refers to system_stm32f0xx.o(i.SetSysClock) for SetSysClock
    main.o(i.main) refers to _printf_percent.o(.ARM.Collect$$_printf_percent$$00000000) for _printf_percent
    main.o(i.main) refers to _printf_u.o(.ARM.Collect$$_printf_percent$$0000000A) for _printf_u
    main.o(i.main) refers to _printf_dec.o(.text) for _printf_int_dec
    main.o(i.main) refers to _printf_f.o(.ARM.Collect$$_printf_percent$$00000003) for _printf_f
    main.o(i.main) refers to printf1.o(x$fpl$printf1) for _printf_fp_dec
    main.o(i.main) refers to initrcc.o(i.InitRCC) for InitRCC
    main.o(i.main) refers to initswd.o(i.InitSWD) for InitSWD
    main.o(i.main) refers to inituart.o(i.InitUSART1) for InitUSART1
    main.o(i.main) refers to initadc.o(i.InitADC) for InitADC
    main.o(i.main) refers to initadc.o(i.ADC1_StartConversion) for ADC1_StartConversion
    main.o(i.main) refers to noretval__2sprintf.o(.text) for __2sprintf
    main.o(i.main) refers to fflti.o(.text) for __aeabi_ui2f
    main.o(i.main) refers to fmul.o(x$fpl$fmul) for __aeabi_fmul
    main.o(i.main) refers to f2d.o(.text) for __aeabi_f2d
    main.o(i.main) refers to inituart.o(i.USART1_SendString) for USART1_SendString
    main.o(i.main) refers to dflti.o(.text) for __aeabi_ui2d
    main.o(i.main) refers to dlef.o(x$fpl$dleqf) for __aeabi_cdcmple
    inituart.o(i.InitUART) refers to inituart.o(i.InitUSART1) for InitUSART1
    inituart.o(i.USART1_SendString) refers to inituart.o(i.USART1_SendByte) for USART1_SendByte
    initadc.o(i.InitADC) refers to initadc.o(i.InitADC1CH1) for InitADC1CH1
    __2sprintf.o(.text) refers to _printf_char_common.o(.text) for _printf_char_common
    __2sprintf.o(.text) refers to _sputc.o(.text) for _sputc
    noretval__2sprintf.o(.text) refers to _printf_char_common.o(.text) for _printf_char_common
    noretval__2sprintf.o(.text) refers to _sputc.o(.text) for _sputc
    __printf.o(.text) refers to _printf_percent.o(.ARM.Collect$$_printf_percent$$00000000) for _printf_percent
    _printf_dec.o(.text) refers to rtudiv10.o(.text) for __rt_udiv10
    _printf_dec.o(.text) refers to _printf_intcommon.o(.text) for _printf_int_common
    __printf_flags.o(.text) refers to _printf_percent.o(.ARM.Collect$$_printf_percent$$00000000) for _printf_percent
    __printf_flags.o(.text) refers to __printf_flags.o(.constdata) for .constdata
    __printf_ss.o(.text) refers to _printf_percent.o(.ARM.Collect$$_printf_percent$$00000000) for _printf_percent
    __printf_flags_ss.o(.text) refers to _printf_percent.o(.ARM.Collect$$_printf_percent$$00000000) for _printf_percent
    __printf_flags_ss.o(.text) refers to __printf_flags_ss.o(.constdata) for .constdata
    __printf_wp.o(.text) refers to __printf_wp.o(i._is_digit) for _is_digit
    __printf_wp.o(.text) refers to _printf_percent.o(.ARM.Collect$$_printf_percent$$00000000) for _printf_percent
    __printf_flags_wp.o(.text) refers to __printf_wp.o(i._is_digit) for _is_digit
    __printf_flags_wp.o(.text) refers to _printf_percent.o(.ARM.Collect$$_printf_percent$$00000000) for _printf_percent
    __printf_flags_wp.o(.text) refers to __printf_flags_wp.o(.constdata) for .constdata
    __printf_ss_wp.o(.text) refers to __printf_wp.o(i._is_digit) for _is_digit
    __printf_ss_wp.o(.text) refers to _printf_percent.o(.ARM.Collect$$_printf_percent$$00000000) for _printf_percent
    __printf_flags_ss_wp.o(.text) refers to __printf_wp.o(i._is_digit) for _is_digit
    __printf_flags_ss_wp.o(.text) refers to _printf_percent.o(.ARM.Collect$$_printf_percent$$00000000) for _printf_percent
    __printf_flags_ss_wp.o(.text) refers to __printf_flags_ss_wp.o(.constdata) for .constdata
    _printf_u.o(.ARM.Collect$$_printf_percent$$0000000A) refers (Weak) to _printf_dec.o(.text) for _printf_int_dec
    _printf_f.o(.ARM.Collect$$_printf_percent$$00000003) refers (Weak) to printf1.o(x$fpl$printf1) for _printf_fp_dec
    _printf_percent.o(.ARM.Collect$$_printf_percent$$00000000) refers (Special) to _printf_percent_end.o(.ARM.Collect$$_printf_percent$$00000017) for _printf_percent_end
    __main.o(!!!main) refers to __rtentry.o(.ARM.Collect$$rtentry$$00000000) for __rt_entry
    dflti.o(.text) refers (Special) to usenofp.o(x$fpl$usenofp) for __I$use$fp
    dlef.o(x$fpl$dleqf) refers (Special) to usenofp.o(x$fpl$usenofp) for __I$use$fp
    dlef.o(x$fpl$dleqf) refers to dcmpin.o(.text) for __fpl_dcmp_InfNaN
    f2d.o(.text) refers (Special) to usenofp.o(x$fpl$usenofp) for __I$use$fp
    fflti.o(.text) refers (Special) to usenofp.o(x$fpl$usenofp) for __I$use$fp
    fmul.o(x$fpl$fmul) refers (Special) to usenofp.o(x$fpl$usenofp) for __I$use$fp
    printf1.o(x$fpl$printf1) refers to _printf_fp_dec.o(.text) for _printf_fp_dec_real
    __rtentry.o(.ARM.Collect$$rtentry$$00000000) refers (Special) to __rtentry2.o(.ARM.Collect$$rtentry$$0000000A) for __rt_entry_li
    __rtentry.o(.ARM.Collect$$rtentry$$00000000) refers (Special) to __rtentry2.o(.ARM.Collect$$rtentry$$0000000D) for __rt_entry_main
    __rtentry.o(.ARM.Collect$$rtentry$$00000000) refers (Special) to __rtentry2.o(.ARM.Collect$$rtentry$$0000000C) for __rt_entry_postli_1
    __rtentry.o(.ARM.Collect$$rtentry$$00000000) refers (Special) to __rtentry2.o(.ARM.Collect$$rtentry$$00000009) for __rt_entry_postsh_1
    __rtentry.o(.ARM.Collect$$rtentry$$00000000) refers (Special) to __rtentry2.o(.ARM.Collect$$rtentry$$00000002) for __rt_entry_presh_1
    __rtentry.o(.ARM.Collect$$rtentry$$00000000) refers (Special) to __rtentry4.o(.ARM.Collect$$rtentry$$00000004) for __rt_entry_sh
    aeabi_idiv0_sigfpe.o(.text) refers to rt_div0.o(.text) for __rt_div0
    _printf_fp_dec.o(.text) refers (Special) to usenofp.o(x$fpl$usenofp) for __I$use$fp
    _printf_fp_dec.o(.text) refers (Special) to lc_numeric_c.o(locale$$code) for _get_lc_numeric
    _printf_fp_dec.o(.text) refers to bigflt0.o(.text) for _btod_etento
    _printf_fp_dec.o(.text) refers to btod.o(.text) for _btod_d2e
    _printf_fp_dec.o(.text) refers to lludiv10.o(.text) for _ll_udiv10
    _printf_fp_dec.o(.text) refers to fpclassify.o(i.__ARM_fpclassify) for __ARM_fpclassify
    _printf_fp_dec.o(.text) refers to _printf_fp_infnan.o(.text) for _printf_fp_infnan
    _printf_fp_dec.o(.text) refers to rtudiv10.o(.text) for __rt_udiv10
    _printf_fp_dec.o(.text) refers to rt_locale_intlibspace.o(.text) for __rt_locale
    _printf_char_common.o(.text) refers to __printf_wp.o(.text) for __printf
    dcmpin.o(.text) refers (Special) to usenofp.o(x$fpl$usenofp) for __I$use$fp
    dcmpin.o(.text) refers to cmpret.o(.text) for __fpl_cmpreturn
    dcmpin.o(.text) refers to dnan2.o(.text) for __fpl_dcheck_NaN2
    __rtentry2.o(.ARM.Collect$$rtentry$$00000008) refers to boardinit2.o(.text) for _platform_post_stackheap_init
    __rtentry2.o(.ARM.Collect$$rtentry$$0000000A) refers to libinit.o(.ARM.Collect$$libinit$$00000000) for __rt_lib_init
    __rtentry2.o(.ARM.Collect$$rtentry$$0000000B) refers to boardinit3.o(.text) for _platform_post_lib_init
    __rtentry2.o(.ARM.Collect$$rtentry$$0000000D) refers to main.o(i.main) for main
    __rtentry2.o(.ARM.Collect$$rtentry$$0000000D) refers to exit.o(.text) for exit
    __rtentry2.o(.ARM.exidx) refers to __rtentry2.o(.ARM.Collect$$rtentry$$00000001) for .ARM.Collect$$rtentry$$00000001
    __rtentry2.o(.ARM.exidx) refers to __rtentry2.o(.ARM.Collect$$rtentry$$00000008) for .ARM.Collect$$rtentry$$00000008
    __rtentry2.o(.ARM.exidx) refers to __rtentry2.o(.ARM.Collect$$rtentry$$0000000A) for .ARM.Collect$$rtentry$$0000000A
    __rtentry2.o(.ARM.exidx) refers to __rtentry2.o(.ARM.Collect$$rtentry$$0000000B) for .ARM.Collect$$rtentry$$0000000B
    __rtentry2.o(.ARM.exidx) refers to __rtentry2.o(.ARM.Collect$$rtentry$$0000000D) for .ARM.Collect$$rtentry$$0000000D
    __rtentry4.o(.ARM.Collect$$rtentry$$00000004) refers to sys_stackheap_outer.o(.text) for __user_setup_stackheap
    __rtentry4.o(.ARM.exidx) refers to __rtentry4.o(.ARM.Collect$$rtentry$$00000004) for .ARM.Collect$$rtentry$$00000004
    rt_div0.o(.text) refers to defsig_fpe_outer.o(.text) for __rt_SIGFPE
    rt_locale.o(.text) refers to rt_locale.o(.bss) for __rt_locale_data
    rt_locale_intlibspace.o(.text) refers to libspace.o(.bss) for __libspace_start
    bigflt0.o(.text) refers (Special) to usenofp.o(x$fpl$usenofp) for __I$use$fp
    bigflt0.o(.text) refers to aeabi_sdiv.o(.text) for __aeabi_idivmod
    bigflt0.o(.text) refers to btod.o(.text) for _btod_emul
    bigflt0.o(.text) refers to bigflt0.o(.constdata) for .constdata
    bigflt0.o(.constdata) refers (Special) to usenofp.o(x$fpl$usenofp) for __I$use$fp
    btod.o(.text) refers to btod.o(i.__ARM_common_ll_muluu) for __ARM_common_ll_muluu
    lc_numeric_c.o(locale$$data) refers (Special) to libinit2.o(.ARM.Collect$$libinit$$00000016) for __rt_lib_init_lc_numeric_2
    lc_numeric_c.o(locale$$code) refers (Special) to libinit2.o(.ARM.Collect$$libinit$$00000016) for __rt_lib_init_lc_numeric_2
    lc_numeric_c.o(locale$$code) refers to strcmp.o(.text) for strcmp
    lc_numeric_c.o(locale$$code) refers to lc_numeric_c.o(locale$$data) for __lcnum_c_name
    cmpret.o(.text) refers (Special) to usenofp.o(x$fpl$usenofp) for __I$use$fp
    dnan2.o(.text) refers (Special) to usenofp.o(x$fpl$usenofp) for __I$use$fp
    dnan2.o(.text) refers to retnan.o(.text) for __fpl_return_NaN
    ieee_status.o(.text) refers (Special) to usenofp.o(x$fpl$usenofp) for __I$use$fp
    fpclassify.o(i.__ARM_fpclassify) refers (Special) to usenofp.o(x$fpl$usenofp) for __I$use$fp
    libspace.o(.text) refers to libspace.o(.bss) for __libspace_start
    sys_stackheap_outer.o(.text) refers to libspace.o(.text) for __user_perproc_libspace
    sys_stackheap_outer.o(.text) refers to startup_stm32f030.o(.text) for __user_initial_stackheap
    sys_stackheap_outer.o(__vectab_stack_and_reset_area) refers to tempstk.o(.text) for __temporary_stack_top
    sys_stackheap_outer.o(__vectab_stack_and_reset_area) refers to __main.o(!!!main) for __main
    exit.o(.text) refers to rtexit.o(.ARM.Collect$$rtexit$$00000000) for __rt_exit
    defsig_fpe_outer.o(.text) refers to defsig_fpe_inner.o(.text) for __rt_SIGFPE_inner
    defsig_fpe_outer.o(.text) refers to defsig_exit.o(.text) for __sig_exit
    defsig_fpe_formal.o(.text) refers to rt_raise.o(.text) for __rt_raise
    libinit.o(.ARM.Collect$$libinit$$00000000) refers (Special) to libinit2.o(.ARM.Collect$$libinit$$0000002E) for __rt_lib_init_alloca_1
    libinit.o(.ARM.Collect$$libinit$$00000000) refers (Special) to libinit2.o(.ARM.Collect$$libinit$$0000002C) for __rt_lib_init_argv_1
    libinit.o(.ARM.Collect$$libinit$$00000000) refers (Special) to libinit2.o(.ARM.Collect$$libinit$$0000001B) for __rt_lib_init_atexit_1
    libinit.o(.ARM.Collect$$libinit$$00000000) refers (Special) to libinit2.o(.ARM.Collect$$libinit$$00000021) for __rt_lib_init_clock_1
    libinit.o(.ARM.Collect$$libinit$$00000000) refers (Special) to libinit2.o(.ARM.Collect$$libinit$$00000032) for __rt_lib_init_cpp_1
    libinit.o(.ARM.Collect$$libinit$$00000000) refers (Special) to libinit2.o(.ARM.Collect$$libinit$$00000030) for __rt_lib_init_exceptions_1
    libinit.o(.ARM.Collect$$libinit$$00000000) refers (Special) to libinit2.o(.ARM.Collect$$libinit$$00000002) for __rt_lib_init_fp_1
    libinit.o(.ARM.Collect$$libinit$$00000000) refers (Special) to libinit2.o(.ARM.Collect$$libinit$$0000001F) for __rt_lib_init_fp_trap_1
    libinit.o(.ARM.Collect$$libinit$$00000000) refers (Special) to libinit2.o(.ARM.Collect$$libinit$$00000023) for __rt_lib_init_getenv_1
    libinit.o(.ARM.Collect$$libinit$$00000000) refers (Special) to libinit2.o(.ARM.Collect$$libinit$$0000000A) for __rt_lib_init_heap_1
    libinit.o(.ARM.Collect$$libinit$$00000000) refers (Special) to libinit2.o(.ARM.Collect$$libinit$$00000011) for __rt_lib_init_lc_collate_1
    libinit.o(.ARM.Collect$$libinit$$00000000) refers (Special) to libinit2.o(.ARM.Collect$$libinit$$00000013) for __rt_lib_init_lc_ctype_1
    libinit.o(.ARM.Collect$$libinit$$00000000) refers (Special) to libinit2.o(.ARM.Collect$$libinit$$00000015) for __rt_lib_init_lc_monetary_1
    libinit.o(.ARM.Collect$$libinit$$00000000) refers (Special) to libinit2.o(.ARM.Collect$$libinit$$00000017) for __rt_lib_init_lc_numeric_1
    libinit.o(.ARM.Collect$$libinit$$00000000) refers (Special) to libinit2.o(.ARM.Collect$$libinit$$00000019) for __rt_lib_init_lc_time_1
    libinit.o(.ARM.Collect$$libinit$$00000000) refers (Special) to libinit2.o(.ARM.Collect$$libinit$$00000004) for __rt_lib_init_preinit_1
    libinit.o(.ARM.Collect$$libinit$$00000000) refers (Special) to libinit2.o(.ARM.Collect$$libinit$$0000000E) for __rt_lib_init_rand_1
    libinit.o(.ARM.Collect$$libinit$$00000000) refers (Special) to libinit2.o(.ARM.Collect$$libinit$$00000033) for __rt_lib_init_return
    libinit.o(.ARM.Collect$$libinit$$00000000) refers (Special) to libinit2.o(.ARM.Collect$$libinit$$0000001D) for __rt_lib_init_signal_1
    libinit.o(.ARM.Collect$$libinit$$00000000) refers (Special) to libinit2.o(.ARM.Collect$$libinit$$00000025) for __rt_lib_init_stdio_1
    libinit.o(.ARM.Collect$$libinit$$00000000) refers (Special) to libinit2.o(.ARM.Collect$$libinit$$0000000C) for __rt_lib_init_user_alloc_1
    libinit2.o(.ARM.Collect$$libinit$$0000000F) refers (Weak) to rt_locale_intlibspace.o(.text) for __rt_locale
    libinit2.o(.ARM.Collect$$libinit$$00000010) refers to libinit2.o(.ARM.Collect$$libinit$$0000000F) for .ARM.Collect$$libinit$$0000000F
    libinit2.o(.ARM.Collect$$libinit$$00000012) refers to libinit2.o(.ARM.Collect$$libinit$$0000000F) for .ARM.Collect$$libinit$$0000000F
    libinit2.o(.ARM.Collect$$libinit$$00000014) refers to libinit2.o(.ARM.Collect$$libinit$$0000000F) for .ARM.Collect$$libinit$$0000000F
    libinit2.o(.ARM.Collect$$libinit$$00000016) refers to libinit2.o(.ARM.Collect$$libinit$$0000000F) for .ARM.Collect$$libinit$$0000000F
    libinit2.o(.ARM.Collect$$libinit$$00000016) refers (Weak) to lc_numeric_c.o(locale$$code) for _get_lc_numeric
    libinit2.o(.ARM.Collect$$libinit$$00000018) refers to libinit2.o(.ARM.Collect$$libinit$$0000000F) for .ARM.Collect$$libinit$$0000000F
    libinit2.o(.ARM.Collect$$libinit$$00000026) refers to argv_veneer.o(.text) for __ARM_argv_veneer
    libinit2.o(.ARM.Collect$$libinit$$00000027) refers to argv_veneer.o(.text) for __ARM_argv_veneer
    retnan.o(.text) refers (Special) to usenofp.o(x$fpl$usenofp) for __I$use$fp
    retnan.o(.text) refers to cmpret.o(.text) for __fpl_cmpreturn
    rtexit.o(.ARM.Collect$$rtexit$$00000000) refers (Special) to rtexit2.o(.ARM.Collect$$rtexit$$00000004) for __rt_exit_exit
    rtexit.o(.ARM.Collect$$rtexit$$00000000) refers (Special) to rtexit2.o(.ARM.Collect$$rtexit$$00000003) for __rt_exit_ls
    rtexit.o(.ARM.Collect$$rtexit$$00000000) refers (Special) to rtexit2.o(.ARM.Collect$$rtexit$$00000002) for __rt_exit_prels_1
    rtexit.o(.ARM.exidx) refers (Special) to rtexit2.o(.ARM.Collect$$rtexit$$00000004) for __rt_exit_exit
    rtexit.o(.ARM.exidx) refers (Special) to rtexit2.o(.ARM.Collect$$rtexit$$00000003) for __rt_exit_ls
    rtexit.o(.ARM.exidx) refers (Special) to rtexit2.o(.ARM.Collect$$rtexit$$00000002) for __rt_exit_prels_1
    rtexit.o(.ARM.exidx) refers to rtexit.o(.ARM.Collect$$rtexit$$00000000) for .ARM.Collect$$rtexit$$00000000
    rt_raise.o(.text) refers to __raise.o(.text) for __raise
    rt_raise.o(.text) refers to sys_exit.o(.text) for _sys_exit
    defsig_exit.o(.text) refers to sys_exit.o(.text) for _sys_exit
    defsig_fpe_inner.o(.text) refers to defsig_general.o(.text) for __default_signal_display
    sys_exit.o(.text) refers (Special) to use_no_semi.o(.text) for __I$use$semihosting
    sys_exit.o(.text) refers (Special) to indicate_semi.o(.text) for __semihosting_library_function
    rtexit2.o(.ARM.Collect$$rtexit$$00000003) refers to libshutdown.o(.ARM.Collect$$libshutdown$$00000000) for __rt_lib_shutdown
    rtexit2.o(.ARM.Collect$$rtexit$$00000004) refers to sys_exit.o(.text) for _sys_exit
    rtexit2.o(.ARM.exidx) refers to rtexit2.o(.ARM.Collect$$rtexit$$00000001) for .ARM.Collect$$rtexit$$00000001
    rtexit2.o(.ARM.exidx) refers to rtexit2.o(.ARM.Collect$$rtexit$$00000003) for .ARM.Collect$$rtexit$$00000003
    rtexit2.o(.ARM.exidx) refers to rtexit2.o(.ARM.Collect$$rtexit$$00000004) for .ARM.Collect$$rtexit$$00000004
    __raise.o(.text) refers to defsig.o(CL$$defsig) for __default_signal_handler
    defsig_general.o(.text) refers to sys_wrch.o(.text) for _ttywrch
    _get_argv_nomalloc.o(.text) refers (Special) to hrguard.o(.text) for __heap_region$guard
    _get_argv_nomalloc.o(.text) refers to defsig_rtmem_outer.o(.text) for __rt_SIGRTMEM
    _get_argv_nomalloc.o(.text) refers to sys_command.o(.text) for _sys_command_string
    sys_wrch.o(.text) refers (Special) to use_no_semi.o(.text) for __I$use$semihosting
    sys_wrch.o(.text) refers (Special) to indicate_semi.o(.text) for __semihosting_library_function
    sys_command.o(.text) refers (Special) to use_no_semi.o(.text) for __I$use$semihosting
    sys_command.o(.text) refers (Special) to indicate_semi.o(.text) for __semihosting_library_function
    defsig_rtmem_outer.o(.text) refers to defsig_rtmem_inner.o(.text) for __rt_SIGRTMEM_inner
    defsig_rtmem_outer.o(.text) refers to defsig_exit.o(.text) for __sig_exit
    defsig_rtmem_formal.o(.text) refers to rt_raise.o(.text) for __rt_raise
    defsig.o(CL$$defsig) refers to defsig_fpe_inner.o(.text) for __rt_SIGFPE_inner
    defsig.o(CL$$defsig) refers to defsig_rtmem_inner.o(.text) for __rt_SIGRTMEM_inner
    libshutdown.o(.ARM.Collect$$libshutdown$$00000000) refers (Special) to libshutdown2.o(.ARM.Collect$$libshutdown$$00000004) for __rt_lib_shutdown_cpp_1
    libshutdown.o(.ARM.Collect$$libshutdown$$00000000) refers (Special) to libshutdown2.o(.ARM.Collect$$libshutdown$$00000002) for __rt_lib_shutdown_fini_1
    libshutdown.o(.ARM.Collect$$libshutdown$$00000000) refers (Special) to libshutdown2.o(.ARM.Collect$$libshutdown$$00000009) for __rt_lib_shutdown_fp_trap_1
    libshutdown.o(.ARM.Collect$$libshutdown$$00000000) refers (Special) to libshutdown2.o(.ARM.Collect$$libshutdown$$00000011) for __rt_lib_shutdown_heap_1
    libshutdown.o(.ARM.Collect$$libshutdown$$00000000) refers (Special) to libshutdown2.o(.ARM.Collect$$libshutdown$$00000012) for __rt_lib_shutdown_return
    libshutdown.o(.ARM.Collect$$libshutdown$$00000000) refers (Special) to libshutdown2.o(.ARM.Collect$$libshutdown$$0000000C) for __rt_lib_shutdown_signal_1
    libshutdown.o(.ARM.Collect$$libshutdown$$00000000) refers (Special) to libshutdown2.o(.ARM.Collect$$libshutdown$$00000006) for __rt_lib_shutdown_stdio_1
    libshutdown.o(.ARM.Collect$$libshutdown$$00000000) refers (Special) to libshutdown2.o(.ARM.Collect$$libshutdown$$0000000E) for __rt_lib_shutdown_user_alloc_1
    defsig_abrt_inner.o(.text) refers to defsig_general.o(.text) for __default_signal_display
    defsig_rtred_inner.o(.text) refers to defsig_general.o(.text) for __default_signal_display
    defsig_rtmem_inner.o(.text) refers to defsig_general.o(.text) for __default_signal_display
    defsig_stak_inner.o(.text) refers to defsig_general.o(.text) for __default_signal_display
    defsig_pvfn_inner.o(.text) refers to defsig_general.o(.text) for __default_signal_display
    defsig_cppl_inner.o(.text) refers to defsig_general.o(.text) for __default_signal_display
    defsig_segv_inner.o(.text) refers to defsig_general.o(.text) for __default_signal_display
    defsig_other.o(.text) refers to defsig_general.o(.text) for __default_signal_display


==============================================================================

Removing Unused input sections from the image.

    Removing system_stm32f0xx.o(.rev16_text), (4 bytes).
    Removing system_stm32f0xx.o(.revsh_text), (4 bytes).
    Removing system_stm32f0xx.o(i.SystemCoreClockUpdate), (176 bytes).
    Removing system_stm32f0xx.o(.data), (20 bytes).
    Removing main.o(.rev16_text), (4 bytes).
    Removing main.o(.revsh_text), (4 bytes).
    Removing initrcc.o(.rev16_text), (4 bytes).
    Removing initrcc.o(.revsh_text), (4 bytes).
    Removing initswd.o(.rev16_text), (4 bytes).
    Removing initswd.o(.revsh_text), (4 bytes).
    Removing inituart.o(.rev16_text), (4 bytes).
    Removing inituart.o(.revsh_text), (4 bytes).
    Removing inituart.o(i.InitUART), (8 bytes).
    Removing initadc.o(.rev16_text), (4 bytes).
    Removing initadc.o(.revsh_text), (4 bytes).

15 unused section(s) (total 252 bytes) removed from the image.

==============================================================================

Image Symbol Table

    Local Symbols

    Symbol Name                              Value     Ov Type        Size  Object(Section)

    ../clib/angel/boardlib.s                 0x00000000   Number         0  boardshut.o ABSOLUTE
    ../clib/angel/boardlib.s                 0x00000000   Number         0  boardinit3.o ABSOLUTE
    ../clib/angel/boardlib.s                 0x00000000   Number         0  boardinit1.o ABSOLUTE
    ../clib/angel/boardlib.s                 0x00000000   Number         0  boardinit2.o ABSOLUTE
    ../clib/angel/handlers.s                 0x00000000   Number         0  __scatter_zi.o ABSOLUTE
    ../clib/angel/kernel.s                   0x00000000   Number         0  rtexit.o ABSOLUTE
    ../clib/angel/kernel.s                   0x00000000   Number         0  rtexit2.o ABSOLUTE
    ../clib/angel/kernel.s                   0x00000000   Number         0  __rtentry.o ABSOLUTE
    ../clib/angel/kernel.s                   0x00000000   Number         0  __rtentry4.o ABSOLUTE
    ../clib/angel/kernel.s                   0x00000000   Number         0  __rtentry2.o ABSOLUTE
    ../clib/angel/rt.s                       0x00000000   Number         0  rt_raise.o ABSOLUTE
    ../clib/angel/rt.s                       0x00000000   Number         0  rt_div0.o ABSOLUTE
    ../clib/angel/rt.s                       0x00000000   Number         0  aeabi_idiv0_sigfpe.o ABSOLUTE
    ../clib/angel/rt.s                       0x00000000   Number         0  rt_locale.o ABSOLUTE
    ../clib/angel/rt.s                       0x00000000   Number         0  aeabi_idiv0.o ABSOLUTE
    ../clib/angel/rt.s                       0x00000000   Number         0  rt_locale_intlibspace.o ABSOLUTE
    ../clib/angel/scatterp.s                 0x00000000   Number         0  __scatter.o ABSOLUTE
    ../clib/angel/startup.s                  0x00000000   Number         0  __main.o ABSOLUTE
    ../clib/angel/sys.s                      0x00000000   Number         0  indicate_semi.o ABSOLUTE
    ../clib/angel/sys.s                      0x00000000   Number         0  use_no_semi.o ABSOLUTE
    ../clib/angel/sys.s                      0x00000000   Number         0  tempstk.o ABSOLUTE
    ../clib/angel/sys.s                      0x00000000   Number         0  sys_stackheap_outer.o ABSOLUTE
    ../clib/angel/sys.s                      0x00000000   Number         0  libspace.o ABSOLUTE
    ../clib/angel/sysapp.c                   0x00000000   Number         0  sys_exit.o ABSOLUTE
    ../clib/angel/sysapp.c                   0x00000000   Number         0  sys_command.o ABSOLUTE
    ../clib/angel/sysapp.c                   0x00000000   Number         0  sys_wrch.o ABSOLUTE
    ../clib/armsys.c                         0x00000000   Number         0  argv_veneer.o ABSOLUTE
    ../clib/armsys.c                         0x00000000   Number         0  no_argv.o ABSOLUTE
    ../clib/armsys.c                         0x00000000   Number         0  _get_argv_nomalloc.o ABSOLUTE
    ../clib/bigflt.c                         0x00000000   Number         0  bigflt0.o ABSOLUTE
    ../clib/btod.c                           0x00000000   Number         0  btod.o ABSOLUTE
    ../clib/division.c                       0x00000000   Number         0  lludiv10.o ABSOLUTE
    ../clib/division.c                       0x00000000   Number         0  rtudiv10.o ABSOLUTE
    ../clib/division.s                       0x00000000   Number         0  aeabi_sdiv.o ABSOLUTE
    ../clib/division.s                       0x00000000   Number         0  aeabi_sdiv_div0.o ABSOLUTE
    ../clib/heapalloc.c                      0x00000000   Number         0  hrguard.o ABSOLUTE
    ../clib/heapaux.c                        0x00000000   Number         0  heapauxi.o ABSOLUTE
    ../clib/libinit.s                        0x00000000   Number         0  libshutdown2.o ABSOLUTE
    ../clib/libinit.s                        0x00000000   Number         0  libinit.o ABSOLUTE
    ../clib/libinit.s                        0x00000000   Number         0  libinit2.o ABSOLUTE
    ../clib/libinit.s                        0x00000000   Number         0  libshutdown.o ABSOLUTE
    ../clib/locale.s                         0x00000000   Number         0  lc_numeric_c.o ABSOLUTE
    ../clib/misc.s                           0x00000000   Number         0  printf_stubs.o ABSOLUTE
    ../clib/printf.c                         0x00000000   Number         0  _printf_fp_dec.o ABSOLUTE
    ../clib/printf.c                         0x00000000   Number         0  _printf_dec.o ABSOLUTE
    ../clib/printf.c                         0x00000000   Number         0  __printf.o ABSOLUTE
    ../clib/printf.c                         0x00000000   Number         0  noretval__2sprintf.o ABSOLUTE
    ../clib/printf.c                         0x00000000   Number         0  __printf_flags_wp.o ABSOLUTE
    ../clib/printf.c                         0x00000000   Number         0  __printf_ss_wp.o ABSOLUTE
    ../clib/printf.c                         0x00000000   Number         0  __printf_flags_ss_wp.o ABSOLUTE
    ../clib/printf.c                         0x00000000   Number         0  __2sprintf.o ABSOLUTE
    ../clib/printf.c                         0x00000000   Number         0  _printf_fp_infnan.o ABSOLUTE
    ../clib/printf.c                         0x00000000   Number         0  __printf_nopercent.o ABSOLUTE
    ../clib/printf.c                         0x00000000   Number         0  _printf_char_common.o ABSOLUTE
    ../clib/printf.c                         0x00000000   Number         0  __printf_flags_ss.o ABSOLUTE
    ../clib/printf.c                         0x00000000   Number         0  _sputc.o ABSOLUTE
    ../clib/printf.c                         0x00000000   Number         0  __printf_wp.o ABSOLUTE
    ../clib/printf.c                         0x00000000   Number         0  _printf_intcommon.o ABSOLUTE
    ../clib/printf.c                         0x00000000   Number         0  __printf_ss.o ABSOLUTE
    ../clib/printf.c                         0x00000000   Number         0  __printf_flags.o ABSOLUTE
    ../clib/printf_percent.s                 0x00000000   Number         0  _printf_u.o ABSOLUTE
    ../clib/printf_percent.s                 0x00000000   Number         0  _printf_f.o ABSOLUTE
    ../clib/printf_percent.s                 0x00000000   Number         0  _printf_percent.o ABSOLUTE
    ../clib/printf_percent.s                 0x00000000   Number         0  _printf_percent_end.o ABSOLUTE
    ../clib/signal.c                         0x00000000   Number         0  __raise.o ABSOLUTE
    ../clib/signal.c                         0x00000000   Number         0  defsig_exit.o ABSOLUTE
    ../clib/signal.c                         0x00000000   Number         0  defsig_rtmem_outer.o ABSOLUTE
    ../clib/signal.c                         0x00000000   Number         0  defsig_rtmem_formal.o ABSOLUTE
    ../clib/signal.c                         0x00000000   Number         0  defsig_fpe_inner.o ABSOLUTE
    ../clib/signal.c                         0x00000000   Number         0  defsig_fpe_formal.o ABSOLUTE
    ../clib/signal.c                         0x00000000   Number         0  defsig_abrt_inner.o ABSOLUTE
    ../clib/signal.c                         0x00000000   Number         0  defsig_rtred_inner.o ABSOLUTE
    ../clib/signal.c                         0x00000000   Number         0  defsig_rtmem_inner.o ABSOLUTE
    ../clib/signal.c                         0x00000000   Number         0  defsig_stak_inner.o ABSOLUTE
    ../clib/signal.c                         0x00000000   Number         0  defsig_pvfn_inner.o ABSOLUTE
    ../clib/signal.c                         0x00000000   Number         0  defsig_cppl_inner.o ABSOLUTE
    ../clib/signal.c                         0x00000000   Number         0  defsig_segv_inner.o ABSOLUTE
    ../clib/signal.c                         0x00000000   Number         0  defsig_other.o ABSOLUTE
    ../clib/signal.c                         0x00000000   Number         0  defsig_fpe_outer.o ABSOLUTE
    ../clib/signal.c                         0x00000000   Number         0  defsig_general.o ABSOLUTE
    ../clib/signal.s                         0x00000000   Number         0  defsig.o ABSOLUTE
    ../clib/stdlib.c                         0x00000000   Number         0  exit.o ABSOLUTE
    ../clib/string.c                         0x00000000   Number         0  strcmp.o ABSOLUTE
    ../fplib/cfplib/cmpret.c                 0x00000000   Number         0  cmpret.o ABSOLUTE
    ../fplib/cfplib/dcmpin.c                 0x00000000   Number         0  dcmpin.o ABSOLUTE
    ../fplib/cfplib/f2d.c                    0x00000000   Number         0  f2d.o ABSOLUTE
    ../fplib/cfplib/fflt.c                   0x00000000   Number         0  dflti.o ABSOLUTE
    ../fplib/cfplib/fflt.c                   0x00000000   Number         0  fflti.o ABSOLUTE
    ../fplib/cfplib/fpinit.c                 0x00000000   Number         0  fpinit.o ABSOLUTE
    ../fplib/cfplib/ieee_status.c            0x00000000   Number         0  ieee_status.o ABSOLUTE
    ../fplib/cfplib/nan2.c                   0x00000000   Number         0  dnan2.o ABSOLUTE
    ../fplib/cfplib/retnan.c                 0x00000000   Number         0  retnan.o ABSOLUTE
    ../fplib/dleqf6m.s                       0x00000000   Number         0  dlef.o ABSOLUTE
    ../fplib/fmul6m.s                        0x00000000   Number         0  fmul.o ABSOLUTE
    ../fplib/printf1.s                       0x00000000   Number         0  printf1.o ABSOLUTE
    ../fplib/usenofp.s                       0x00000000   Number         0  usenofp.o ABSOLUTE
    ../mathlib/fpclassify.c                  0x00000000   Number         0  fpclassify.o ABSOLUTE
    CMSIS\\src\\system_stm32f0xx.c           0x00000000   Number         0  system_stm32f0xx.o ABSOLUTE
    CMSIS\src\system_stm32f0xx.c             0x00000000   Number         0  system_stm32f0xx.o ABSOLUTE
    Code\\src\\InitADC.c                     0x00000000   Number         0  initadc.o ABSOLUTE
    Code\\src\\InitRCC.c                     0x00000000   Number         0  initrcc.o ABSOLUTE
    Code\\src\\InitSWD.c                     0x00000000   Number         0  initswd.o ABSOLUTE
    Code\\src\\InitUART.c                    0x00000000   Number         0  inituart.o ABSOLUTE
    Code\\src\\main.c                        0x00000000   Number         0  main.o ABSOLUTE
    Code\src\InitADC.c                       0x00000000   Number         0  initadc.o ABSOLUTE
    Code\src\InitRCC.c                       0x00000000   Number         0  initrcc.o ABSOLUTE
    Code\src\InitSWD.c                       0x00000000   Number         0  initswd.o ABSOLUTE
    Code\src\InitUART.c                      0x00000000   Number         0  inituart.o ABSOLUTE
    Code\src\main.c                          0x00000000   Number         0  main.o ABSOLUTE
    Startup\startup_stm32f030.s              0x00000000   Number         0  startup_stm32f030.o ABSOLUTE
    dc.s                                     0x00000000   Number         0  dc.o ABSOLUTE
    RESET                                    0x08000000   Section      180  startup_stm32f030.o(RESET)
    !!!main                                  0x080000b4   Section        8  __main.o(!!!main)
    !!!scatter                               0x080000bc   Section       60  __scatter.o(!!!scatter)
    !!handler_zi                             0x080000f8   Section       28  __scatter_zi.o(!!handler_zi)
    .ARM.Collect$$_printf_percent$$00000000  0x08000114   Section        2  _printf_percent.o(.ARM.Collect$$_printf_percent$$00000000)
    .ARM.Collect$$_printf_percent$$00000003  0x08000116   Section       10  _printf_f.o(.ARM.Collect$$_printf_percent$$00000003)
    .ARM.Collect$$_printf_percent$$0000000A  0x08000120   Section       10  _printf_u.o(.ARM.Collect$$_printf_percent$$0000000A)
    .ARM.Collect$$_printf_percent$$00000017  0x0800012a   Section        4  _printf_percent_end.o(.ARM.Collect$$_printf_percent$$00000017)
    .ARM.Collect$$libinit$$00000000          0x0800012e   Section        2  libinit.o(.ARM.Collect$$libinit$$00000000)
    .ARM.Collect$$libinit$$00000002          0x08000130   Section        0  libinit2.o(.ARM.Collect$$libinit$$00000002)
    .ARM.Collect$$libinit$$00000004          0x08000130   Section        0  libinit2.o(.ARM.Collect$$libinit$$00000004)
    .ARM.Collect$$libinit$$0000000A          0x08000130   Section        0  libinit2.o(.ARM.Collect$$libinit$$0000000A)
    .ARM.Collect$$libinit$$0000000C          0x08000130   Section        0  libinit2.o(.ARM.Collect$$libinit$$0000000C)
    .ARM.Collect$$libinit$$0000000E          0x08000130   Section        0  libinit2.o(.ARM.Collect$$libinit$$0000000E)
    .ARM.Collect$$libinit$$0000000F          0x08000130   Section        6  libinit2.o(.ARM.Collect$$libinit$$0000000F)
    .ARM.Collect$$libinit$$00000011          0x08000136   Section        0  libinit2.o(.ARM.Collect$$libinit$$00000011)
    .ARM.Collect$$libinit$$00000013          0x08000136   Section        0  libinit2.o(.ARM.Collect$$libinit$$00000013)
    .ARM.Collect$$libinit$$00000015          0x08000136   Section        0  libinit2.o(.ARM.Collect$$libinit$$00000015)
    .ARM.Collect$$libinit$$00000016          0x08000136   Section       10  libinit2.o(.ARM.Collect$$libinit$$00000016)
    .ARM.Collect$$libinit$$00000017          0x08000140   Section        0  libinit2.o(.ARM.Collect$$libinit$$00000017)
    .ARM.Collect$$libinit$$00000019          0x08000140   Section        0  libinit2.o(.ARM.Collect$$libinit$$00000019)
    .ARM.Collect$$libinit$$0000001B          0x08000140   Section        0  libinit2.o(.ARM.Collect$$libinit$$0000001B)
    .ARM.Collect$$libinit$$0000001D          0x08000140   Section        0  libinit2.o(.ARM.Collect$$libinit$$0000001D)
    .ARM.Collect$$libinit$$0000001F          0x08000140   Section        0  libinit2.o(.ARM.Collect$$libinit$$0000001F)
    .ARM.Collect$$libinit$$00000021          0x08000140   Section        0  libinit2.o(.ARM.Collect$$libinit$$00000021)
    .ARM.Collect$$libinit$$00000023          0x08000140   Section        0  libinit2.o(.ARM.Collect$$libinit$$00000023)
    .ARM.Collect$$libinit$$00000025          0x08000140   Section        0  libinit2.o(.ARM.Collect$$libinit$$00000025)
    .ARM.Collect$$libinit$$0000002C          0x08000140   Section        0  libinit2.o(.ARM.Collect$$libinit$$0000002C)
    .ARM.Collect$$libinit$$0000002E          0x08000140   Section        0  libinit2.o(.ARM.Collect$$libinit$$0000002E)
    .ARM.Collect$$libinit$$00000030          0x08000140   Section        0  libinit2.o(.ARM.Collect$$libinit$$00000030)
    .ARM.Collect$$libinit$$00000032          0x08000140   Section        0  libinit2.o(.ARM.Collect$$libinit$$00000032)
    .ARM.Collect$$libinit$$00000033          0x08000140   Section        2  libinit2.o(.ARM.Collect$$libinit$$00000033)
    .ARM.Collect$$libshutdown$$00000000      0x08000142   Section        2  libshutdown.o(.ARM.Collect$$libshutdown$$00000000)
    .ARM.Collect$$libshutdown$$00000002      0x08000144   Section        0  libshutdown2.o(.ARM.Collect$$libshutdown$$00000002)
    .ARM.Collect$$libshutdown$$00000004      0x08000144   Section        0  libshutdown2.o(.ARM.Collect$$libshutdown$$00000004)
    .ARM.Collect$$libshutdown$$00000006      0x08000144   Section        0  libshutdown2.o(.ARM.Collect$$libshutdown$$00000006)
    .ARM.Collect$$libshutdown$$00000009      0x08000144   Section        0  libshutdown2.o(.ARM.Collect$$libshutdown$$00000009)
    .ARM.Collect$$libshutdown$$0000000C      0x08000144   Section        0  libshutdown2.o(.ARM.Collect$$libshutdown$$0000000C)
    .ARM.Collect$$libshutdown$$0000000E      0x08000144   Section        0  libshutdown2.o(.ARM.Collect$$libshutdown$$0000000E)
    .ARM.Collect$$libshutdown$$00000011      0x08000144   Section        0  libshutdown2.o(.ARM.Collect$$libshutdown$$00000011)
    .ARM.Collect$$libshutdown$$00000012      0x08000144   Section        2  libshutdown2.o(.ARM.Collect$$libshutdown$$00000012)
    .ARM.Collect$$rtentry$$00000000          0x08000146   Section        0  __rtentry.o(.ARM.Collect$$rtentry$$00000000)
    .ARM.Collect$$rtentry$$00000002          0x08000146   Section        0  __rtentry2.o(.ARM.Collect$$rtentry$$00000002)
    .ARM.Collect$$rtentry$$00000004          0x08000146   Section        6  __rtentry4.o(.ARM.Collect$$rtentry$$00000004)
    .ARM.Collect$$rtentry$$00000009          0x0800014c   Section        0  __rtentry2.o(.ARM.Collect$$rtentry$$00000009)
    .ARM.Collect$$rtentry$$0000000A          0x0800014c   Section        4  __rtentry2.o(.ARM.Collect$$rtentry$$0000000A)
    .ARM.Collect$$rtentry$$0000000C          0x08000150   Section        0  __rtentry2.o(.ARM.Collect$$rtentry$$0000000C)
    .ARM.Collect$$rtentry$$0000000D          0x08000150   Section        8  __rtentry2.o(.ARM.Collect$$rtentry$$0000000D)
    .ARM.Collect$$rtexit$$00000000           0x08000158   Section        2  rtexit.o(.ARM.Collect$$rtexit$$00000000)
    .ARM.Collect$$rtexit$$00000002           0x0800015a   Section        0  rtexit2.o(.ARM.Collect$$rtexit$$00000002)
    .ARM.Collect$$rtexit$$00000003           0x0800015a   Section        4  rtexit2.o(.ARM.Collect$$rtexit$$00000003)
    .ARM.Collect$$rtexit$$00000004           0x0800015e   Section        6  rtexit2.o(.ARM.Collect$$rtexit$$00000004)
    .text                                    0x08000164   Section      116  startup_stm32f030.o(.text)
    .text                                    0x080001d8   Section        0  noretval__2sprintf.o(.text)
    .text                                    0x08000200   Section        0  _printf_dec.o(.text)
    .text                                    0x0800026c   Section        0  __printf_wp.o(.text)
    .text                                    0x0800037a   Section      346  aeabi_sdiv.o(.text)
    .text                                    0x080004d4   Section        0  heapauxi.o(.text)
    .text                                    0x080004da   Section        0  dflti.o(.text)
    .text                                    0x08000534   Section        0  f2d.o(.text)
    .text                                    0x08000588   Section        0  fflti.o(.text)
    .text                                    0x080005e6   Section        0  _printf_intcommon.o(.text)
    .text                                    0x08000698   Section        0  _printf_fp_dec.o(.text)
    _fp_digits                               0x0800069b   Thumb Code   412  _printf_fp_dec.o(.text)
    .text                                    0x08000ab0   Section        0  _printf_char_common.o(.text)
    _printf_input_char                       0x08000ab1   Thumb Code    10  _printf_char_common.o(.text)
    .text                                    0x08000ae0   Section        0  _sputc.o(.text)
    .text                                    0x08000aea   Section        0  rtudiv10.o(.text)
    .text                                    0x08000b14   Section        0  dcmpin.o(.text)
    .text                                    0x08000ba4   Section        8  rt_locale_intlibspace.o(.text)
    .text                                    0x08000bac   Section        0  lludiv10.o(.text)
    .text                                    0x08000c28   Section        0  _printf_fp_infnan.o(.text)
    .text                                    0x08000cb0   Section        0  bigflt0.o(.text)
    .text                                    0x08000d88   Section        0  btod.o(.text)
    btod_internal_mul                        0x08000dc9   Thumb Code   492  btod.o(.text)
    btod_internal_div                        0x08000fb5   Thumb Code   520  btod.o(.text)
    .text                                    0x08001308   Section        0  cmpret.o(.text)
    .text                                    0x08001338   Section        0  dnan2.o(.text)
    .text                                    0x0800134c   Section        8  libspace.o(.text)
    .text                                    0x08001354   Section       62  sys_stackheap_outer.o(.text)
    .text                                    0x08001392   Section        0  exit.o(.text)
    .text                                    0x080013a4   Section        0  strcmp.o(.text)
    .text                                    0x0800142c   Section        0  retnan.o(.text)
    .text                                    0x0800148c   Section        0  sys_exit.o(.text)
    .text                                    0x08001498   Section        2  use_no_semi.o(.text)
    .text                                    0x0800149a   Section        0  indicate_semi.o(.text)
    i.ADC1_StartConversion                   0x0800149c   Section        0  initadc.o(i.ADC1_StartConversion)
    i.InitADC                                0x080014c4   Section        0  initadc.o(i.InitADC)
    i.InitADC1CH1                            0x080014cc   Section        0  initadc.o(i.InitADC1CH1)
    i.InitRCC                                0x080015bc   Section        0  initrcc.o(i.InitRCC)
    i.InitSWD                                0x0800165c   Section        0  initswd.o(i.InitSWD)
    i.InitUSART1                             0x08001684   Section        0  inituart.o(i.InitUSART1)
    i.SetSysClock                            0x0800172c   Section        0  system_stm32f0xx.o(i.SetSysClock)
    SetSysClock                              0x0800172d   Thumb Code   206  system_stm32f0xx.o(i.SetSysClock)
    i.SystemInit                             0x08001804   Section        0  system_stm32f0xx.o(i.SystemInit)
    i.USART1_SendByte                        0x08001880   Section        0  inituart.o(i.USART1_SendByte)
    i.USART1_SendString                      0x0800189c   Section        0  inituart.o(i.USART1_SendString)
    i.__ARM_common_ll_muluu                  0x080018b8   Section        0  btod.o(i.__ARM_common_ll_muluu)
    i.__ARM_fpclassify                       0x080018e8   Section        0  fpclassify.o(i.__ARM_fpclassify)
    i._is_digit                              0x08001914   Section        0  __printf_wp.o(i._is_digit)
    i.main                                   0x08001924   Section        0  main.o(i.main)
    locale$$code                             0x080019f4   Section       44  lc_numeric_c.o(locale$$code)
    x$fpl$dleqf                              0x08001a20   Section      100  dlef.o(x$fpl$dleqf)
    x$fpl$fmul                               0x08001a84   Section      176  fmul.o(x$fpl$fmul)
    x$fpl$printf1                            0x08001b34   Section       16  printf1.o(x$fpl$printf1)
    .constdata                               0x08001b44   Section      148  bigflt0.o(.constdata)
    x$fpl$usenofp                            0x08001b44   Section        0  usenofp.o(x$fpl$usenofp)
    tenpwrs_x                                0x08001b44   Data          60  bigflt0.o(.constdata)
    tenpwrs_i                                0x08001b80   Data          64  bigflt0.o(.constdata)
    locale$$data                             0x08001be8   Section       28  lc_numeric_c.o(locale$$data)
    __lcnum_c_name                           0x08001bec   Data           2  lc_numeric_c.o(locale$$data)
    __lcnum_c_start                          0x08001bf4   Data           0  lc_numeric_c.o(locale$$data)
    __lcnum_c_point                          0x08001c00   Data           0  lc_numeric_c.o(locale$$data)
    __lcnum_c_thousands                      0x08001c02   Data           0  lc_numeric_c.o(locale$$data)
    __lcnum_c_grouping                       0x08001c03   Data           0  lc_numeric_c.o(locale$$data)
    __lcnum_c_end                            0x08001c04   Data           0  lc_numeric_c.o(locale$$data)
    .bss                                     0x20000000   Section       96  libspace.o(.bss)
    HEAP                                     0x20000060   Section      512  startup_stm32f030.o(HEAP)
    Heap_Mem                                 0x20000060   Data         512  startup_stm32f030.o(HEAP)
    STACK                                    0x20000260   Section     1024  startup_stm32f030.o(STACK)
    Stack_Mem                                0x20000260   Data        1024  startup_stm32f030.o(STACK)
    __initial_sp                             0x20000660   Data           0  startup_stm32f030.o(STACK)

    Global Symbols

    Symbol Name                              Value     Ov Type        Size  Object(Section)

    BuildAttributes$$THM_ISAv3M$S$PE$A:L22$X:L11$S22$IEEE1$IW$USESV6$~STKCKD$USESV7$~SHL$OTIME$ROPI$IEEEJ$EBA8$UX$STANDARDLIB$REQ8$PRES8$EABIv2 0x00000000   Number         0  anon$$obj.o ABSOLUTE
    __ARM_use_no_argv                        0x00000000   Number         0  main.o ABSOLUTE
    _printf_flags                            0x00000000   Number         0  printf_stubs.o ABSOLUTE
    _printf_return_value                     0x00000000   Number         0  printf_stubs.o ABSOLUTE
    _printf_sizespec                         0x00000000   Number         0  printf_stubs.o ABSOLUTE
    _printf_widthprec                        0x00000000   Number         0  printf_stubs.o ABSOLUTE
    __ARM_exceptions_init                     - Undefined Weak Reference
    __alloca_initialize                       - Undefined Weak Reference
    __arm_fini_                               - Undefined Weak Reference
    __arm_preinit_                            - Undefined Weak Reference
    __cpp_initialize__aeabi_                  - Undefined Weak Reference
    __cxa_finalize                            - Undefined Weak Reference
    __sigvec_lookup                           - Undefined Weak Reference
    _atexit_init                              - Undefined Weak Reference
    _call_atexit_fns                          - Undefined Weak Reference
    _clock_init                               - Undefined Weak Reference
    _fp_trap_init                             - Undefined Weak Reference
    _fp_trap_shutdown                         - Undefined Weak Reference
    _get_lc_collate                           - Undefined Weak Reference
    _get_lc_ctype                             - Undefined Weak Reference
    _get_lc_monetary                          - Undefined Weak Reference
    _get_lc_time                              - Undefined Weak Reference
    _getenv_init                              - Undefined Weak Reference
    _handle_redirection                       - Undefined Weak Reference
    _init_alloc                               - Undefined Weak Reference
    _init_user_alloc                          - Undefined Weak Reference
    _initio                                   - Undefined Weak Reference
    _printf_post_padding                      - Undefined Weak Reference
    _printf_pre_padding                       - Undefined Weak Reference
    _printf_truncate_signed                   - Undefined Weak Reference
    _printf_truncate_unsigned                 - Undefined Weak Reference
    _rand_init                                - Undefined Weak Reference
    _signal_finish                            - Undefined Weak Reference
    _signal_init                              - Undefined Weak Reference
    _terminate_alloc                          - Undefined Weak Reference
    _terminate_user_alloc                     - Undefined Weak Reference
    _terminateio                              - Undefined Weak Reference
    __Vectors_Size                           0x000000b4   Number         0  startup_stm32f030.o ABSOLUTE
    __Vectors                                0x08000000   Data           4  startup_stm32f030.o(RESET)
    __Vectors_End                            0x080000b4   Data           0  startup_stm32f030.o(RESET)
    __main                                   0x080000b5   Thumb Code     8  __main.o(!!!main)
    __scatterload                            0x080000bd   Thumb Code     0  __scatter.o(!!!scatter)
    __scatterload_rt2                        0x080000bd   Thumb Code    52  __scatter.o(!!!scatter)
    __scatterload_rt2_thumb_only             0x080000bd   Thumb Code     0  __scatter.o(!!!scatter)
    __scatterload_null                       0x080000cd   Thumb Code     0  __scatter.o(!!!scatter)
    __scatterload_zeroinit                   0x080000f9   Thumb Code    28  __scatter_zi.o(!!handler_zi)
    _printf_percent                          0x08000115   Thumb Code     0  _printf_percent.o(.ARM.Collect$$_printf_percent$$00000000)
    _printf_f                                0x08000117   Thumb Code     0  _printf_f.o(.ARM.Collect$$_printf_percent$$00000003)
    _printf_u                                0x08000121   Thumb Code     0  _printf_u.o(.ARM.Collect$$_printf_percent$$0000000A)
    _printf_percent_end                      0x0800012b   Thumb Code     0  _printf_percent_end.o(.ARM.Collect$$_printf_percent$$00000017)
    __rt_lib_init                            0x0800012f   Thumb Code     0  libinit.o(.ARM.Collect$$libinit$$00000000)
    __rt_lib_init_fp_1                       0x08000131   Thumb Code     0  libinit2.o(.ARM.Collect$$libinit$$00000002)
    __rt_lib_init_heap_1                     0x08000131   Thumb Code     0  libinit2.o(.ARM.Collect$$libinit$$0000000A)
    __rt_lib_init_lc_common                  0x08000131   Thumb Code     0  libinit2.o(.ARM.Collect$$libinit$$0000000F)
    __rt_lib_init_preinit_1                  0x08000131   Thumb Code     0  libinit2.o(.ARM.Collect$$libinit$$00000004)
    __rt_lib_init_rand_1                     0x08000131   Thumb Code     0  libinit2.o(.ARM.Collect$$libinit$$0000000E)
    __rt_lib_init_user_alloc_1               0x08000131   Thumb Code     0  libinit2.o(.ARM.Collect$$libinit$$0000000C)
    __rt_lib_init_lc_collate_1               0x08000137   Thumb Code     0  libinit2.o(.ARM.Collect$$libinit$$00000011)
    __rt_lib_init_lc_ctype_1                 0x08000137   Thumb Code     0  libinit2.o(.ARM.Collect$$libinit$$00000013)
    __rt_lib_init_lc_monetary_1              0x08000137   Thumb Code     0  libinit2.o(.ARM.Collect$$libinit$$00000015)
    __rt_lib_init_lc_numeric_2               0x08000137   Thumb Code     0  libinit2.o(.ARM.Collect$$libinit$$00000016)
    __rt_lib_init_alloca_1                   0x08000141   Thumb Code     0  libinit2.o(.ARM.Collect$$libinit$$0000002E)
    __rt_lib_init_argv_1                     0x08000141   Thumb Code     0  libinit2.o(.ARM.Collect$$libinit$$0000002C)
    __rt_lib_init_atexit_1                   0x08000141   Thumb Code     0  libinit2.o(.ARM.Collect$$libinit$$0000001B)
    __rt_lib_init_clock_1                    0x08000141   Thumb Code     0  libinit2.o(.ARM.Collect$$libinit$$00000021)
    __rt_lib_init_cpp_1                      0x08000141   Thumb Code     0  libinit2.o(.ARM.Collect$$libinit$$00000032)
    __rt_lib_init_exceptions_1               0x08000141   Thumb Code     0  libinit2.o(.ARM.Collect$$libinit$$00000030)
    __rt_lib_init_fp_trap_1                  0x08000141   Thumb Code     0  libinit2.o(.ARM.Collect$$libinit$$0000001F)
    __rt_lib_init_getenv_1                   0x08000141   Thumb Code     0  libinit2.o(.ARM.Collect$$libinit$$00000023)
    __rt_lib_init_lc_numeric_1               0x08000141   Thumb Code     0  libinit2.o(.ARM.Collect$$libinit$$00000017)
    __rt_lib_init_lc_time_1                  0x08000141   Thumb Code     0  libinit2.o(.ARM.Collect$$libinit$$00000019)
    __rt_lib_init_return                     0x08000141   Thumb Code     0  libinit2.o(.ARM.Collect$$libinit$$00000033)
    __rt_lib_init_signal_1                   0x08000141   Thumb Code     0  libinit2.o(.ARM.Collect$$libinit$$0000001D)
    __rt_lib_init_stdio_1                    0x08000141   Thumb Code     0  libinit2.o(.ARM.Collect$$libinit$$00000025)
    __rt_lib_shutdown                        0x08000143   Thumb Code     0  libshutdown.o(.ARM.Collect$$libshutdown$$00000000)
    __rt_lib_shutdown_cpp_1                  0x08000145   Thumb Code     0  libshutdown2.o(.ARM.Collect$$libshutdown$$00000004)
    __rt_lib_shutdown_fini_1                 0x08000145   Thumb Code     0  libshutdown2.o(.ARM.Collect$$libshutdown$$00000002)
    __rt_lib_shutdown_fp_trap_1              0x08000145   Thumb Code     0  libshutdown2.o(.ARM.Collect$$libshutdown$$00000009)
    __rt_lib_shutdown_heap_1                 0x08000145   Thumb Code     0  libshutdown2.o(.ARM.Collect$$libshutdown$$00000011)
    __rt_lib_shutdown_return                 0x08000145   Thumb Code     0  libshutdown2.o(.ARM.Collect$$libshutdown$$00000012)
    __rt_lib_shutdown_signal_1               0x08000145   Thumb Code     0  libshutdown2.o(.ARM.Collect$$libshutdown$$0000000C)
    __rt_lib_shutdown_stdio_1                0x08000145   Thumb Code     0  libshutdown2.o(.ARM.Collect$$libshutdown$$00000006)
    __rt_lib_shutdown_user_alloc_1           0x08000145   Thumb Code     0  libshutdown2.o(.ARM.Collect$$libshutdown$$0000000E)
    __rt_entry                               0x08000147   Thumb Code     0  __rtentry.o(.ARM.Collect$$rtentry$$00000000)
    __rt_entry_presh_1                       0x08000147   Thumb Code     0  __rtentry2.o(.ARM.Collect$$rtentry$$00000002)
    __rt_entry_sh                            0x08000147   Thumb Code     0  __rtentry4.o(.ARM.Collect$$rtentry$$00000004)
    __rt_entry_li                            0x0800014d   Thumb Code     0  __rtentry2.o(.ARM.Collect$$rtentry$$0000000A)
    __rt_entry_postsh_1                      0x0800014d   Thumb Code     0  __rtentry2.o(.ARM.Collect$$rtentry$$00000009)
    __rt_entry_main                          0x08000151   Thumb Code     0  __rtentry2.o(.ARM.Collect$$rtentry$$0000000D)
    __rt_entry_postli_1                      0x08000151   Thumb Code     0  __rtentry2.o(.ARM.Collect$$rtentry$$0000000C)
    __rt_exit                                0x08000159   Thumb Code     0  rtexit.o(.ARM.Collect$$rtexit$$00000000)
    __rt_exit_ls                             0x0800015b   Thumb Code     0  rtexit2.o(.ARM.Collect$$rtexit$$00000003)
    __rt_exit_prels_1                        0x0800015b   Thumb Code     0  rtexit2.o(.ARM.Collect$$rtexit$$00000002)
    __rt_exit_exit                           0x0800015f   Thumb Code     0  rtexit2.o(.ARM.Collect$$rtexit$$00000004)
    Reset_Handler                            0x08000165   Thumb Code    38  startup_stm32f030.o(.text)
    NMI_Handler                              0x0800018b   Thumb Code     2  startup_stm32f030.o(.text)
    HardFault_Handler                        0x0800018d   Thumb Code     2  startup_stm32f030.o(.text)
    SVC_Handler                              0x0800018f   Thumb Code     2  startup_stm32f030.o(.text)
    PendSV_Handler                           0x08000191   Thumb Code     2  startup_stm32f030.o(.text)
    SysTick_Handler                          0x08000193   Thumb Code     2  startup_stm32f030.o(.text)
    ADC1_IRQHandler                          0x08000195   Thumb Code     0  startup_stm32f030.o(.text)
    DMA1_Channel1_IRQHandler                 0x08000195   Thumb Code     0  startup_stm32f030.o(.text)
    DMA1_Channel2_3_IRQHandler               0x08000195   Thumb Code     0  startup_stm32f030.o(.text)
    DMA1_Channel4_5_IRQHandler               0x08000195   Thumb Code     0  startup_stm32f030.o(.text)
    EXTI0_1_IRQHandler                       0x08000195   Thumb Code     0  startup_stm32f030.o(.text)
    EXTI2_3_IRQHandler                       0x08000195   Thumb Code     0  startup_stm32f030.o(.text)
    EXTI4_15_IRQHandler                      0x08000195   Thumb Code     0  startup_stm32f030.o(.text)
    FLASH_IRQHandler                         0x08000195   Thumb Code     0  startup_stm32f030.o(.text)
    I2C1_IRQHandler                          0x08000195   Thumb Code     0  startup_stm32f030.o(.text)
    I2C2_IRQHandler                          0x08000195   Thumb Code     0  startup_stm32f030.o(.text)
    RCC_IRQHandler                           0x08000195   Thumb Code     0  startup_stm32f030.o(.text)
    RTC_IRQHandler                           0x08000195   Thumb Code     0  startup_stm32f030.o(.text)
    SPI1_IRQHandler                          0x08000195   Thumb Code     0  startup_stm32f030.o(.text)
    SPI2_IRQHandler                          0x08000195   Thumb Code     0  startup_stm32f030.o(.text)
    TIM14_IRQHandler                         0x08000195   Thumb Code     0  startup_stm32f030.o(.text)
    TIM15_IRQHandler                         0x08000195   Thumb Code     0  startup_stm32f030.o(.text)
    TIM16_IRQHandler                         0x08000195   Thumb Code     0  startup_stm32f030.o(.text)
    TIM17_IRQHandler                         0x08000195   Thumb Code     0  startup_stm32f030.o(.text)
    TIM1_BRK_UP_TRG_COM_IRQHandler           0x08000195   Thumb Code     0  startup_stm32f030.o(.text)
    TIM1_CC_IRQHandler                       0x08000195   Thumb Code     0  startup_stm32f030.o(.text)
    TIM3_IRQHandler                          0x08000195   Thumb Code     0  startup_stm32f030.o(.text)
    USART1_IRQHandler                        0x08000195   Thumb Code     0  startup_stm32f030.o(.text)
    USART2_IRQHandler                        0x08000195   Thumb Code     0  startup_stm32f030.o(.text)
    WWDG_IRQHandler                          0x08000195   Thumb Code     0  startup_stm32f030.o(.text)
    __user_initial_stackheap                 0x08000199   Thumb Code     0  startup_stm32f030.o(.text)
    __2sprintf                               0x080001d9   Thumb Code    36  noretval__2sprintf.o(.text)
    _printf_int_dec                          0x08000201   Thumb Code    90  _printf_dec.o(.text)
    __printf                                 0x0800026d   Thumb Code   270  __printf_wp.o(.text)
    __aeabi_uidiv                            0x0800037b   Thumb Code     0  aeabi_sdiv.o(.text)
    __aeabi_uidivmod                         0x0800037b   Thumb Code    20  aeabi_sdiv.o(.text)
    __aeabi_idiv                             0x0800038f   Thumb Code     0  aeabi_sdiv.o(.text)
    __aeabi_idivmod                          0x0800038f   Thumb Code   326  aeabi_sdiv.o(.text)
    __use_two_region_memory                  0x080004d5   Thumb Code     2  heapauxi.o(.text)
    __rt_heap_escrow$2region                 0x080004d7   Thumb Code     2  heapauxi.o(.text)
    __rt_heap_expand$2region                 0x080004d9   Thumb Code     2  heapauxi.o(.text)
    __aeabi_i2d_normalise                    0x080004db   Thumb Code    66  dflti.o(.text)
    __aeabi_i2d                              0x0800051d   Thumb Code    16  dflti.o(.text)
    _dflt                                    0x0800051d   Thumb Code     0  dflti.o(.text)
    __aeabi_ui2d                             0x0800052d   Thumb Code     6  dflti.o(.text)
    _dfltu                                   0x0800052d   Thumb Code     0  dflti.o(.text)
    __aeabi_f2d                              0x08000535   Thumb Code     0  f2d.o(.text)
    _f2d                                     0x08000535   Thumb Code    80  f2d.o(.text)
    __aeabi_i2f_normalise                    0x08000589   Thumb Code    72  fflti.o(.text)
    __aeabi_i2f                              0x080005d1   Thumb Code    16  fflti.o(.text)
    _fflt                                    0x080005d1   Thumb Code     0  fflti.o(.text)
    __aeabi_ui2f                             0x080005e1   Thumb Code     6  fflti.o(.text)
    _ffltu                                   0x080005e1   Thumb Code     0  fflti.o(.text)
    _printf_int_common                       0x080005e7   Thumb Code   176  _printf_intcommon.o(.text)
    __lib_sel_fp_printf                      0x08000699   Thumb Code     2  _printf_fp_dec.o(.text)
    _printf_fp_dec_real                      0x08000837   Thumb Code   620  _printf_fp_dec.o(.text)
    _printf_char_common                      0x08000abb   Thumb Code    32  _printf_char_common.o(.text)
    _sputc                                   0x08000ae1   Thumb Code    10  _sputc.o(.text)
    __rt_udiv10                              0x08000aeb   Thumb Code    40  rtudiv10.o(.text)
    __fpl_dcmp_InfNaN                        0x08000b15   Thumb Code   140  dcmpin.o(.text)
    __rt_locale                              0x08000ba5   Thumb Code     8  rt_locale_intlibspace.o(.text)
    _ll_udiv10                               0x08000bad   Thumb Code   122  lludiv10.o(.text)
    _printf_fp_infnan                        0x08000c29   Thumb Code   120  _printf_fp_infnan.o(.text)
    _btod_etento                             0x08000cb1   Thumb Code   210  bigflt0.o(.text)
    _btod_d2e                                0x08000d89   Thumb Code    64  btod.o(.text)
    _btod_emul                               0x080011bd   Thumb Code    28  btod.o(.text)
    _btod_emuld                              0x080011d9   Thumb Code   144  btod.o(.text)
    _btod_ediv                               0x08001269   Thumb Code    26  btod.o(.text)
    _btod_edivd                              0x08001283   Thumb Code   124  btod.o(.text)
    __fpl_cmpreturn                          0x08001309   Thumb Code    46  cmpret.o(.text)
    __fpl_dcheck_NaN2                        0x08001339   Thumb Code    14  dnan2.o(.text)
    __user_libspace                          0x0800134d   Thumb Code     8  libspace.o(.text)
    __user_perproc_libspace                  0x0800134d   Thumb Code     0  libspace.o(.text)
    __user_perthread_libspace                0x0800134d   Thumb Code     0  libspace.o(.text)
    __user_setup_stackheap                   0x08001355   Thumb Code    62  sys_stackheap_outer.o(.text)
    exit                                     0x08001393   Thumb Code    16  exit.o(.text)
    strcmp                                   0x080013a5   Thumb Code   132  strcmp.o(.text)
    __fpl_return_NaN                         0x0800142d   Thumb Code    94  retnan.o(.text)
    _sys_exit                                0x0800148d   Thumb Code     8  sys_exit.o(.text)
    __I$use$semihosting                      0x08001499   Thumb Code     0  use_no_semi.o(.text)
    __use_no_semihosting_swi                 0x08001499   Thumb Code     2  use_no_semi.o(.text)
    __semihosting_library_function           0x0800149b   Thumb Code     0  indicate_semi.o(.text)
    ADC1_StartConversion                     0x0800149d   Thumb Code    36  initadc.o(i.ADC1_StartConversion)
    InitADC                                  0x080014c5   Thumb Code     8  initadc.o(i.InitADC)
    InitADC1CH1                              0x080014cd   Thumb Code   230  initadc.o(i.InitADC1CH1)
    InitRCC                                  0x080015bd   Thumb Code   152  initrcc.o(i.InitRCC)
    InitSWD                                  0x0800165d   Thumb Code    34  initswd.o(i.InitSWD)
    InitUSART1                               0x08001685   Thumb Code   160  inituart.o(i.InitUSART1)
    SystemInit                               0x08001805   Thumb Code   110  system_stm32f0xx.o(i.SystemInit)
    USART1_SendByte                          0x08001881   Thumb Code    22  inituart.o(i.USART1_SendByte)
    USART1_SendString                        0x0800189d   Thumb Code    28  inituart.o(i.USART1_SendString)
    __ARM_common_ll_muluu                    0x080018b9   Thumb Code    48  btod.o(i.__ARM_common_ll_muluu)
    __ARM_fpclassify                         0x080018e9   Thumb Code    40  fpclassify.o(i.__ARM_fpclassify)
    _is_digit                                0x08001915   Thumb Code    14  __printf_wp.o(i._is_digit)
    main                                     0x08001925   Thumb Code   150  main.o(i.main)
    _get_lc_numeric                          0x080019f5   Thumb Code    44  lc_numeric_c.o(locale$$code)
    __aeabi_cdcmple                          0x08001a21   Thumb Code     0  dlef.o(x$fpl$dleqf)
    _dcmple                                  0x08001a21   Thumb Code    94  dlef.o(x$fpl$dleqf)
    __aeabi_fmul                             0x08001a85   Thumb Code     0  fmul.o(x$fpl$fmul)
    _fmul                                    0x08001a85   Thumb Code   172  fmul.o(x$fpl$fmul)
    _printf_fp_dec                           0x08001b35   Thumb Code    16  printf1.o(x$fpl$printf1)
    __I$use$fp                               0x08001b44   Number         0  usenofp.o(x$fpl$usenofp)
    Region$$Table$$Base                      0x08001bd8   Number         0  anon$$obj.o(Region$$Table)
    Region$$Table$$Limit                     0x08001be8   Number         0  anon$$obj.o(Region$$Table)
    __libspace_start                         0x20000000   Data          96  libspace.o(.bss)
    __temporary_stack_top$libspace           0x20000060   Data           0  libspace.o(.bss)



==============================================================================

Memory Map of the image

  Image Entry point : 0x08000165

  Load Region LR_1 (Base: 0x08000000, Size: 0x00001c04, Max: 0xffffffff, ABSOLUTE)

    Execution Region ER_RO (Exec base: 0x08000000, Load base: 0x08000000, Size: 0x00001c04, Max: 0xffffffff, ABSOLUTE)

    Exec Addr    Load Addr    Size         Type   Attr      Idx    E Section Name        Object

    0x08000000   0x08000000   0x000000b4   Data   RO            3    RESET               startup_stm32f030.o
    0x080000b4   0x080000b4   0x00000008   Code   RO          280  * !!!main             c_p.l(__main.o)
    0x080000bc   0x080000bc   0x0000003c   Code   RO          510    !!!scatter          c_p.l(__scatter.o)
    0x080000f8   0x080000f8   0x0000001c   Code   RO          512    !!handler_zi        c_p.l(__scatter_zi.o)
    0x08000114   0x08000114   0x00000002   Code   RO          273    .ARM.Collect$$_printf_percent$$00000000  c_p.l(_printf_percent.o)
    0x08000116   0x08000116   0x0000000a   Code   RO          272    .ARM.Collect$$_printf_percent$$00000003  c_p.l(_printf_f.o)
    0x08000120   0x08000120   0x0000000a   Code   RO          271    .ARM.Collect$$_printf_percent$$0000000A  c_p.l(_printf_u.o)
    0x0800012a   0x0800012a   0x00000004   Code   RO          307    .ARM.Collect$$_printf_percent$$00000017  c_p.l(_printf_percent_end.o)
    0x0800012e   0x0800012e   0x00000002   Code   RO          378    .ARM.Collect$$libinit$$00000000  c_p.l(libinit.o)
    0x08000130   0x08000130   0x00000000   Code   RO          380    .ARM.Collect$$libinit$$00000002  c_p.l(libinit2.o)
    0x08000130   0x08000130   0x00000000   Code   RO          382    .ARM.Collect$$libinit$$00000004  c_p.l(libinit2.o)
    0x08000130   0x08000130   0x00000000   Code   RO          385    .ARM.Collect$$libinit$$0000000A  c_p.l(libinit2.o)
    0x08000130   0x08000130   0x00000000   Code   RO          387    .ARM.Collect$$libinit$$0000000C  c_p.l(libinit2.o)
    0x08000130   0x08000130   0x00000000   Code   RO          389    .ARM.Collect$$libinit$$0000000E  c_p.l(libinit2.o)
    0x08000130   0x08000130   0x00000006   Code   RO          390    .ARM.Collect$$libinit$$0000000F  c_p.l(libinit2.o)
    0x08000136   0x08000136   0x00000000   Code   RO          392    .ARM.Collect$$libinit$$00000011  c_p.l(libinit2.o)
    0x08000136   0x08000136   0x00000000   Code   RO          394    .ARM.Collect$$libinit$$00000013  c_p.l(libinit2.o)
    0x08000136   0x08000136   0x00000000   Code   RO          396    .ARM.Collect$$libinit$$00000015  c_p.l(libinit2.o)
    0x08000136   0x08000136   0x0000000a   Code   RO          397    .ARM.Collect$$libinit$$00000016  c_p.l(libinit2.o)
    0x08000140   0x08000140   0x00000000   Code   RO          398    .ARM.Collect$$libinit$$00000017  c_p.l(libinit2.o)
    0x08000140   0x08000140   0x00000000   Code   RO          400    .ARM.Collect$$libinit$$00000019  c_p.l(libinit2.o)
    0x08000140   0x08000140   0x00000000   Code   RO          402    .ARM.Collect$$libinit$$0000001B  c_p.l(libinit2.o)
    0x08000140   0x08000140   0x00000000   Code   RO          404    .ARM.Collect$$libinit$$0000001D  c_p.l(libinit2.o)
    0x08000140   0x08000140   0x00000000   Code   RO          406    .ARM.Collect$$libinit$$0000001F  c_p.l(libinit2.o)
    0x08000140   0x08000140   0x00000000   Code   RO          408    .ARM.Collect$$libinit$$00000021  c_p.l(libinit2.o)
    0x08000140   0x08000140   0x00000000   Code   RO          410    .ARM.Collect$$libinit$$00000023  c_p.l(libinit2.o)
    0x08000140   0x08000140   0x00000000   Code   RO          412    .ARM.Collect$$libinit$$00000025  c_p.l(libinit2.o)
    0x08000140   0x08000140   0x00000000   Code   RO          416    .ARM.Collect$$libinit$$0000002C  c_p.l(libinit2.o)
    0x08000140   0x08000140   0x00000000   Code   RO          418    .ARM.Collect$$libinit$$0000002E  c_p.l(libinit2.o)
    0x08000140   0x08000140   0x00000000   Code   RO          420    .ARM.Collect$$libinit$$00000030  c_p.l(libinit2.o)
    0x08000140   0x08000140   0x00000000   Code   RO          422    .ARM.Collect$$libinit$$00000032  c_p.l(libinit2.o)
    0x08000140   0x08000140   0x00000002   Code   RO          423    .ARM.Collect$$libinit$$00000033  c_p.l(libinit2.o)
    0x08000142   0x08000142   0x00000002   Code   RO          473    .ARM.Collect$$libshutdown$$00000000  c_p.l(libshutdown.o)
    0x08000144   0x08000144   0x00000000   Code   RO          491    .ARM.Collect$$libshutdown$$00000002  c_p.l(libshutdown2.o)
    0x08000144   0x08000144   0x00000000   Code   RO          493    .ARM.Collect$$libshutdown$$00000004  c_p.l(libshutdown2.o)
    0x08000144   0x08000144   0x00000000   Code   RO          495    .ARM.Collect$$libshutdown$$00000006  c_p.l(libshutdown2.o)
    0x08000144   0x08000144   0x00000000   Code   RO          498    .ARM.Collect$$libshutdown$$00000009  c_p.l(libshutdown2.o)
    0x08000144   0x08000144   0x00000000   Code   RO          501    .ARM.Collect$$libshutdown$$0000000C  c_p.l(libshutdown2.o)
    0x08000144   0x08000144   0x00000000   Code   RO          503    .ARM.Collect$$libshutdown$$0000000E  c_p.l(libshutdown2.o)
    0x08000144   0x08000144   0x00000000   Code   RO          506    .ARM.Collect$$libshutdown$$00000011  c_p.l(libshutdown2.o)
    0x08000144   0x08000144   0x00000002   Code   RO          507    .ARM.Collect$$libshutdown$$00000012  c_p.l(libshutdown2.o)
    0x08000146   0x08000146   0x00000000   Code   RO          294    .ARM.Collect$$rtentry$$00000000  c_p.l(__rtentry.o)
    0x08000146   0x08000146   0x00000000   Code   RO          314    .ARM.Collect$$rtentry$$00000002  c_p.l(__rtentry2.o)
    0x08000146   0x08000146   0x00000006   Code   RO          326    .ARM.Collect$$rtentry$$00000004  c_p.l(__rtentry4.o)
    0x0800014c   0x0800014c   0x00000000   Code   RO          316    .ARM.Collect$$rtentry$$00000009  c_p.l(__rtentry2.o)
    0x0800014c   0x0800014c   0x00000004   Code   RO          317    .ARM.Collect$$rtentry$$0000000A  c_p.l(__rtentry2.o)
    0x08000150   0x08000150   0x00000000   Code   RO          319    .ARM.Collect$$rtentry$$0000000C  c_p.l(__rtentry2.o)
    0x08000150   0x08000150   0x00000008   Code   RO          320    .ARM.Collect$$rtentry$$0000000D  c_p.l(__rtentry2.o)
    0x08000158   0x08000158   0x00000002   Code   RO          427    .ARM.Collect$$rtexit$$00000000  c_p.l(rtexit.o)
    0x0800015a   0x0800015a   0x00000000   Code   RO          442    .ARM.Collect$$rtexit$$00000002  c_p.l(rtexit2.o)
    0x0800015a   0x0800015a   0x00000004   Code   RO          443    .ARM.Collect$$rtexit$$00000003  c_p.l(rtexit2.o)
    0x0800015e   0x0800015e   0x00000006   Code   RO          444    .ARM.Collect$$rtexit$$00000004  c_p.l(rtexit2.o)
    0x08000164   0x08000164   0x00000074   Code   RO            4  * .text               startup_stm32f030.o
    0x080001d8   0x080001d8   0x00000028   Code   RO          245    .text               c_p.l(noretval__2sprintf.o)
    0x08000200   0x08000200   0x0000006c   Code   RO          249    .text               c_p.l(_printf_dec.o)
    0x0800026c   0x0800026c   0x0000010e   Code   RO          259    .text               c_p.l(__printf_wp.o)
    0x0800037a   0x0800037a   0x0000015a   Code   RO          274    .text               c_p.l(aeabi_sdiv.o)
    0x080004d4   0x080004d4   0x00000006   Code   RO          278    .text               c_p.l(heapauxi.o)
    0x080004da   0x080004da   0x00000058   Code   RO          282    .text               fz_ps.l(dflti.o)
    0x08000532   0x08000532   0x00000002   PAD
    0x08000534   0x08000534   0x00000054   Code   RO          286    .text               fz_ps.l(f2d.o)
    0x08000588   0x08000588   0x0000005e   Code   RO          288    .text               fz_ps.l(fflti.o)
    0x080005e6   0x080005e6   0x000000b0   Code   RO          299    .text               c_p.l(_printf_intcommon.o)
    0x08000696   0x08000696   0x00000002   PAD
    0x08000698   0x08000698   0x00000418   Code   RO          301    .text               c_p.l(_printf_fp_dec.o)
    0x08000ab0   0x08000ab0   0x00000030   Code   RO          303    .text               c_p.l(_printf_char_common.o)
    0x08000ae0   0x08000ae0   0x0000000a   Code   RO          305    .text               c_p.l(_sputc.o)
    0x08000aea   0x08000aea   0x00000028   Code   RO          308    .text               c_p.l(rtudiv10.o)
    0x08000b12   0x08000b12   0x00000002   PAD
    0x08000b14   0x08000b14   0x00000090   Code   RO          310    .text               fz_ps.l(dcmpin.o)
    0x08000ba4   0x08000ba4   0x00000008   Code   RO          333    .text               c_p.l(rt_locale_intlibspace.o)
    0x08000bac   0x08000bac   0x0000007a   Code   RO          335    .text               c_p.l(lludiv10.o)
    0x08000c26   0x08000c26   0x00000002   PAD
    0x08000c28   0x08000c28   0x00000088   Code   RO          337    .text               c_p.l(_printf_fp_infnan.o)
    0x08000cb0   0x08000cb0   0x000000d8   Code   RO          341    .text               c_p.l(bigflt0.o)
    0x08000d88   0x08000d88   0x00000580   Code   RO          344    .text               c_p.l(btod.o)
    0x08001308   0x08001308   0x0000002e   Code   RO          351    .text               fz_ps.l(cmpret.o)
    0x08001336   0x08001336   0x00000002   PAD
    0x08001338   0x08001338   0x00000014   Code   RO          353    .text               fz_ps.l(dnan2.o)
    0x0800134c   0x0800134c   0x00000008   Code   RO          359    .text               c_p.l(libspace.o)
    0x08001354   0x08001354   0x0000003e   Code   RO          362    .text               c_p.l(sys_stackheap_outer.o)
    0x08001392   0x08001392   0x00000010   Code   RO          365    .text               c_p.l(exit.o)
    0x080013a2   0x080013a2   0x00000002   PAD
    0x080013a4   0x080013a4   0x00000088   Code   RO          371    .text               c_p.l(strcmp.o)
    0x0800142c   0x0800142c   0x0000005e   Code   RO          424    .text               fz_ps.l(retnan.o)
    0x0800148a   0x0800148a   0x00000002   PAD
    0x0800148c   0x0800148c   0x0000000c   Code   RO          439    .text               c_p.l(sys_exit.o)
    0x08001498   0x08001498   0x00000002   Code   RO          460    .text               c_p.l(use_no_semi.o)
    0x0800149a   0x0800149a   0x00000000   Code   RO          462    .text               c_p.l(indicate_semi.o)
    0x0800149a   0x0800149a   0x00000002   PAD
    0x0800149c   0x0800149c   0x00000028   Code   RO          211    i.ADC1_StartConversion  initadc.o
    0x080014c4   0x080014c4   0x00000008   Code   RO          212    i.InitADC           initadc.o
    0x080014cc   0x080014cc   0x000000f0   Code   RO          213    i.InitADC1CH1       initadc.o
    0x080015bc   0x080015bc   0x000000a0   Code   RO          123    i.InitRCC           initrcc.o
    0x0800165c   0x0800165c   0x00000028   Code   RO          150    i.InitSWD           initswd.o
    0x08001684   0x08001684   0x000000a8   Code   RO          174    i.InitUSART1        inituart.o
    0x0800172c   0x0800172c   0x000000d8   Code   RO           12    i.SetSysClock       system_stm32f0xx.o
    0x08001804   0x08001804   0x0000007c   Code   RO           14    i.SystemInit        system_stm32f0xx.o
    0x08001880   0x08001880   0x0000001c   Code   RO          175    i.USART1_SendByte   inituart.o
    0x0800189c   0x0800189c   0x0000001c   Code   RO          176    i.USART1_SendString  inituart.o
    0x080018b8   0x080018b8   0x00000030   Code   RO          346    i.__ARM_common_ll_muluu  c_p.l(btod.o)
    0x080018e8   0x080018e8   0x0000002c   Code   RO          357    i.__ARM_fpclassify  m_ps.l(fpclassify.o)
    0x08001914   0x08001914   0x0000000e   Code   RO          261    i._is_digit         c_p.l(__printf_wp.o)
    0x08001922   0x08001922   0x00000002   PAD
    0x08001924   0x08001924   0x000000d0   Code   RO           65    i.main              main.o
    0x080019f4   0x080019f4   0x0000002c   Code   RO          349    locale$$code        c_p.l(lc_numeric_c.o)
    0x08001a20   0x08001a20   0x00000064   Code   RO          284    x$fpl$dleqf         fz_ps.l(dlef.o)
    0x08001a84   0x08001a84   0x000000b0   Code   RO          290    x$fpl$fmul          fz_ps.l(fmul.o)
    0x08001b34   0x08001b34   0x00000010   Code   RO          292    x$fpl$printf1       fz_ps.l(printf1.o)
    0x08001b44   0x08001b44   0x00000000   Code   RO          312    x$fpl$usenofp       fz_ps.l(usenofp.o)
    0x08001b44   0x08001b44   0x00000094   Data   RO          342    .constdata          c_p.l(bigflt0.o)
    0x08001bd8   0x08001bd8   0x00000010   Data   RO          508    Region$$Table       anon$$obj.o
    0x08001be8   0x08001be8   0x0000001c   Data   RO          348    locale$$data        c_p.l(lc_numeric_c.o)


    Execution Region ER_RW (Exec base: 0x20000000, Load base: 0x08001c04, Size: 0x00000000, Max: 0xffffffff, ABSOLUTE)

    **** No section assigned to this execution region ****


    Execution Region ER_ZI (Exec base: 0x20000000, Load base: 0x08001c04, Size: 0x00000660, Max: 0xffffffff, ABSOLUTE)

    Exec Addr    Load Addr    Size         Type   Attr      Idx    E Section Name        Object

    0x20000000        -       0x00000060   Zero   RW          360    .bss                c_p.l(libspace.o)
    0x20000060        -       0x00000200   Zero   RW            2    HEAP                startup_stm32f030.o
    0x20000260        -       0x00000400   Zero   RW            1    STACK               startup_stm32f030.o


==============================================================================

Image component sizes


      Code (inc. data)   RO Data    RW Data    ZI Data      Debug   Object Name

       288         14          0          0          0       1431   initadc.o
       160          8          0          0          0        478   initrcc.o
        40          6          0          0          0        418   initswd.o
       224         14          0          0          0       1499   inituart.o
       208         58          0          0          0        647   main.o
       116         56        180          0       1536        692   startup_stm32f030.o
       340         24          0          0          0       5937   system_stm32f0xx.o

    ----------------------------------------------------------------------
      1376        180        196          0       1536      11102   Object Totals
         0          0         16          0          0          0   (incl. Generated)
         0          0          0          0          0          0   (incl. Padding)

    ----------------------------------------------------------------------

      Code (inc. data)   RO Data    RW Data    ZI Data      Debug   Library Member Name

         8          0          0          0          0         68   __main.o
       284          0          0          0          0        136   __printf_wp.o
         0          0          0          0          0          0   __rtentry.o
        12          0          0          0          0          0   __rtentry2.o
         6          0          0          0          0          0   __rtentry4.o
        60          8          0          0          0          0   __scatter.o
        28          0          0          0          0          0   __scatter_zi.o
        48          6          0          0          0         88   _printf_char_common.o
       108         18          0          0          0         76   _printf_dec.o
        10          0          0          0          0          0   _printf_f.o
      1048         14          0          0          0        176   _printf_fp_dec.o
       136         16          0          0          0         76   _printf_fp_infnan.o
       176          0          0          0          0         84   _printf_intcommon.o
         2          0          0          0          0          0   _printf_percent.o
         4          0          0          0          0          0   _printf_percent_end.o
        10          0          0          0          0          0   _printf_u.o
        10          0          0          0          0         60   _sputc.o
       346          0          0          0          0         92   aeabi_sdiv.o
       216          6        148          0          0         80   bigflt0.o
      1456         30          0          0          0        336   btod.o
        16          0          0          0          0         68   exit.o
         6          0          0          0          0        136   heapauxi.o
         0          0          0          0          0          0   indicate_semi.o
        44         10         28          0          0         76   lc_numeric_c.o
         2          0          0          0          0          0   libinit.o
        18          0          0          0          0          0   libinit2.o
         2          0          0          0          0          0   libshutdown.o
         2          0          0          0          0          0   libshutdown2.o
         8          4          0          0         96         68   libspace.o
       122          0          0          0          0         72   lludiv10.o
        40          4          0          0          0         84   noretval__2sprintf.o
         8          4          0          0          0         68   rt_locale_intlibspace.o
         2          0          0          0          0          0   rtexit.o
        10          0          0          0          0          0   rtexit2.o
        40          0          0          0          0         60   rtudiv10.o
       136          4          0          0          0         72   strcmp.o
        12          4          0          0          0         60   sys_exit.o
        62          0          0          0          0         80   sys_stackheap_outer.o
         2          0          0          0          0         68   use_no_semi.o
        46          0          0          0          0         60   cmpret.o
       144          4          0          0          0         76   dcmpin.o
        88          0          0          0          0         92   dflti.o
       100          4          0          0          0         92   dlef.o
        20          6          0          0          0         68   dnan2.o
        84          4          0          0          0         60   f2d.o
        94          0          0          0          0         92   fflti.o
       176          4          0          0          0         80   fmul.o
        16          4          0          0          0         76   printf1.o
        94          0          0          0          0         68   retnan.o
         0          0          0          0          0          0   usenofp.o
        44          4          0          0          0         60   fpclassify.o

    ----------------------------------------------------------------------
      5424        158        176          0         96       3008   Library Totals
        18          0          0          0          0          0   (incl. Padding)

    ----------------------------------------------------------------------

      Code (inc. data)   RO Data    RW Data    ZI Data      Debug   Library Name

      4500        128        176          0         96       2184   c_p.l
       862         26          0          0          0        764   fz_ps.l
        44          4          0          0          0         60   m_ps.l

    ----------------------------------------------------------------------
      5424        158        176          0         96       3008   Library Totals

    ----------------------------------------------------------------------

==============================================================================


      Code (inc. data)   RO Data    RW Data    ZI Data      Debug   

      6800        338        372          0       1632      12186   Grand Totals
      6800        338        372          0       1632      12186   ELF Image Totals
      6800        338        372          0          0          0   ROM Totals

==============================================================================

    Total RO  Size (Code + RO Data)                 7172 (   7.00kB)
    Total RW  Size (RW Data + ZI Data)              1632 (   1.59kB)
    Total ROM Size (Code + RO Data + RW Data)       7172 (   7.00kB)

==============================================================================

